Archive member included to satisfy reference by file (symbol)

/usr/lib/gcc/arm-none-eabi/12.2.0/../../../../arm-none-eabi/lib/thumb/v7e-m/nofp/libstdc++.a(del_ops.o)
                              Libraries/FEHIO.o (operator delete(void*, unsigned int))
/usr/lib/gcc/arm-none-eabi/12.2.0/../../../../arm-none-eabi/lib/thumb/v7e-m/nofp/libstdc++.a(new_op.o)
                              Libraries/FEHIO.o (operator new(unsigned int))
/usr/lib/gcc/arm-none-eabi/12.2.0/../../../../arm-none-eabi/lib/thumb/v7e-m/nofp/libstdc++.a(bad_alloc.o)
                              /usr/lib/gcc/arm-none-eabi/12.2.0/../../../../arm-none-eabi/lib/thumb/v7e-m/nofp/libstdc++.a(new_op.o) (vtable for std::bad_alloc)
/usr/lib/gcc/arm-none-eabi/12.2.0/../../../../arm-none-eabi/lib/thumb/v7e-m/nofp/libstdc++.a(del_op.o)
                              /usr/lib/gcc/arm-none-eabi/12.2.0/../../../../arm-none-eabi/lib/thumb/v7e-m/nofp/libstdc++.a(del_ops.o) (operator delete(void*))
/usr/lib/gcc/arm-none-eabi/12.2.0/../../../../arm-none-eabi/lib/thumb/v7e-m/nofp/libstdc++.a(eh_alloc.o)
                              /usr/lib/gcc/arm-none-eabi/12.2.0/../../../../arm-none-eabi/lib/thumb/v7e-m/nofp/libstdc++.a(new_op.o) (__cxa_allocate_exception)
/usr/lib/gcc/arm-none-eabi/12.2.0/../../../../arm-none-eabi/lib/thumb/v7e-m/nofp/libstdc++.a(eh_exception.o)
                              /usr/lib/gcc/arm-none-eabi/12.2.0/../../../../arm-none-eabi/lib/thumb/v7e-m/nofp/libstdc++.a(bad_alloc.o) (std::exception::~exception())
/usr/lib/gcc/arm-none-eabi/12.2.0/../../../../arm-none-eabi/lib/thumb/v7e-m/nofp/libstdc++.a(eh_terminate.o)
                              /usr/lib/gcc/arm-none-eabi/12.2.0/../../../../arm-none-eabi/lib/thumb/v7e-m/nofp/libstdc++.a(eh_alloc.o) (std::terminate())
/usr/lib/gcc/arm-none-eabi/12.2.0/../../../../arm-none-eabi/lib/thumb/v7e-m/nofp/libstdc++.a(eh_throw.o)
                              /usr/lib/gcc/arm-none-eabi/12.2.0/../../../../arm-none-eabi/lib/thumb/v7e-m/nofp/libstdc++.a(new_op.o) (__cxa_throw)
/usr/lib/gcc/arm-none-eabi/12.2.0/../../../../arm-none-eabi/lib/thumb/v7e-m/nofp/libstdc++.a(eh_unex_handler.o)
                              /usr/lib/gcc/arm-none-eabi/12.2.0/../../../../arm-none-eabi/lib/thumb/v7e-m/nofp/libstdc++.a(eh_terminate.o) (__cxxabiv1::__unexpected_handler)
/usr/lib/gcc/arm-none-eabi/12.2.0/../../../../arm-none-eabi/lib/thumb/v7e-m/nofp/libstdc++.a(new_handler.o)
                              /usr/lib/gcc/arm-none-eabi/12.2.0/../../../../arm-none-eabi/lib/thumb/v7e-m/nofp/libstdc++.a(new_op.o) (std::get_new_handler())
/usr/lib/gcc/arm-none-eabi/12.2.0/../../../../arm-none-eabi/lib/thumb/v7e-m/nofp/libstdc++.a(si_class_type_info.o)
                              /usr/lib/gcc/arm-none-eabi/12.2.0/../../../../arm-none-eabi/lib/thumb/v7e-m/nofp/libstdc++.a(bad_alloc.o) (vtable for __cxxabiv1::__si_class_type_info)
/usr/lib/gcc/arm-none-eabi/12.2.0/../../../../arm-none-eabi/lib/thumb/v7e-m/nofp/libstdc++.a(tinfo.o)
                              /usr/lib/gcc/arm-none-eabi/12.2.0/../../../../arm-none-eabi/lib/thumb/v7e-m/nofp/libstdc++.a(si_class_type_info.o) (std::type_info::__is_pointer_p() const)
/usr/lib/gcc/arm-none-eabi/12.2.0/../../../../arm-none-eabi/lib/thumb/v7e-m/nofp/libstdc++.a(vterminate.o)
                              /usr/lib/gcc/arm-none-eabi/12.2.0/../../../../arm-none-eabi/lib/thumb/v7e-m/nofp/libstdc++.a(eh_terminate.o) (__gnu_cxx::__verbose_terminate_handler())
/usr/lib/gcc/arm-none-eabi/12.2.0/../../../../arm-none-eabi/lib/thumb/v7e-m/nofp/libstdc++.a(class_type_info.o)
                              /usr/lib/gcc/arm-none-eabi/12.2.0/../../../../arm-none-eabi/lib/thumb/v7e-m/nofp/libstdc++.a(si_class_type_info.o) (__cxxabiv1::__class_type_info::__do_upcast(__cxxabiv1::__class_type_info const*, void**) const)
/usr/lib/gcc/arm-none-eabi/12.2.0/../../../../arm-none-eabi/lib/thumb/v7e-m/nofp/libstdc++.a(cp-demangle.o)
                              /usr/lib/gcc/arm-none-eabi/12.2.0/../../../../arm-none-eabi/lib/thumb/v7e-m/nofp/libstdc++.a(vterminate.o) (__cxa_demangle)
/usr/lib/gcc/arm-none-eabi/12.2.0/../../../../arm-none-eabi/lib/thumb/v7e-m/nofp/libstdc++.a(eh_arm.o)
                              /usr/lib/gcc/arm-none-eabi/12.2.0/../../../../arm-none-eabi/lib/thumb/v7e-m/nofp/libstdc++.a(vterminate.o) (__cxa_end_cleanup)
/usr/lib/gcc/arm-none-eabi/12.2.0/../../../../arm-none-eabi/lib/thumb/v7e-m/nofp/libstdc++.a(eh_catch.o)
                              /usr/lib/gcc/arm-none-eabi/12.2.0/../../../../arm-none-eabi/lib/thumb/v7e-m/nofp/libstdc++.a(eh_terminate.o) (__cxa_begin_catch)
/usr/lib/gcc/arm-none-eabi/12.2.0/../../../../arm-none-eabi/lib/thumb/v7e-m/nofp/libstdc++.a(eh_globals.o)
                              /usr/lib/gcc/arm-none-eabi/12.2.0/../../../../arm-none-eabi/lib/thumb/v7e-m/nofp/libstdc++.a(eh_catch.o) (__cxa_get_globals_fast)
/usr/lib/gcc/arm-none-eabi/12.2.0/../../../../arm-none-eabi/lib/thumb/v7e-m/nofp/libstdc++.a(eh_personality.o)
[...]
Memory Configuration

Name             Origin             Length             Attributes
PROGRAM_FLASH    0x000000000000c000 0x0000000000073c00 xr
SRAM_UPPER       0x0000000020000000 0x0000000000010000 xrw
SRAM_LOWER       0x000000001fff0000 0x0000000000010000 xrw
*default*        0x0000000000000000 0xffffffffffffffff

Linker script and memory map

LOAD /usr/lib/gcc/arm-none-eabi/12.2.0/thumb/v7e-m/nofp/crti.o
LOAD /usr/lib/gcc/arm-none-eabi/12.2.0/thumb/v7e-m/nofp/crtbegin.o
LOAD /usr/lib/gcc/arm-none-eabi/12.2.0/../../../../arm-none-eabi/lib/thumb/v7e-m/nofp/crt0.o
LOAD ../main.o
LOAD Startup/startup_mk60d10.o
LOAD Libraries/FEHMotor.o
LOAD Drivers/mcg.o
LOAD Drivers/i2c.o
LOAD Drivers/spi.o
LOAD Drivers/uart.o
LOAD Drivers/ff.o
LOAD Drivers/SDHC.o
LOAD Drivers/lptmr.o
LOAD FEHProteus.o
LOAD Drivers/FEHPropeller.o
LOAD Libraries/FEHUtility.o
LOAD Libraries/FEHIO.o
LOAD Drivers/adc16.o
LOAD Libraries/FEHBuzzer.o
LOAD Libraries/FEHServo.o
LOAD Libraries/FEHLCD.o
LOAD Libraries/FEHAccel.o
LOAD Libraries/FEHBattery.o
LOAD Drivers/FEHXBee.o
LOAD Libraries/FEHRPS.o
LOAD Libraries/FEHSD.o
LOAD Libraries/FEHRandom.o
LOAD /usr/lib/gcc/arm-none-eabi/12.2.0/../../../../arm-none-eabi/lib/thumb/v7e-m/nofp/libstdc++.a
LOAD /usr/lib/gcc/arm-none-eabi/12.2.0/../../../../arm-none-eabi/lib/thumb/v7e-m/nofp/libm.a
START GROUP
LOAD /usr/lib/gcc/arm-none-eabi/12.2.0/thumb/v7e-m/nofp/libgcc.a
LOAD /usr/lib/gcc/arm-none-eabi/12.2.0/../../../../arm-none-eabi/lib/thumb/v7e-m/nofp/libg.a
LOAD /usr/lib/gcc/arm-none-eabi/12.2.0/../../../../arm-none-eabi/lib/thumb/v7e-m/nofp/libc.a
END GROUP
START GROUP
LOAD /usr/lib/gcc/arm-none-eabi/12.2.0/thumb/v7e-m/nofp/libgcc.a
LOAD /usr/lib/gcc/arm-none-eabi/12.2.0/../../../../arm-none-eabi/lib/thumb/v7e-m/nofp/libc.a
LOAD /usr/lib/gcc/arm-none-eabi/12.2.0/../../../../arm-none-eabi/lib/thumb/v7e-m/nofp/libnosys.a
END GROUP
LOAD /usr/lib/gcc/arm-none-eabi/12.2.0/thumb/v7e-m/nofp/crtend.o
LOAD /usr/lib/gcc/arm-none-eabi/12.2.0/thumb/v7e-m/nofp/crtn.o
                0x000000000000c000                __base_PROGRAM_FLASH = 0xc000
                0x000000000000c000                __base_Flash = 0xc000
                0x000000000007fc00                __top_PROGRAM_FLASH = 0x7fc00
                0x000000000007fc00                __top_Flash = 0x7fc00
                0x0000000020000000                __base_SRAM_UPPER = 0x20000000
                0x0000000020000000                __base_RAM = 0x20000000
                0x0000000020010000                __top_SRAM_UPPER = 0x20010000
                0x0000000020010000                __top_RAM = 0x20010000
                0x000000001fff0000                __base_SRAM_LOWER = 0x1fff0000
                0x000000001fff0000                __base_RAM2 = 0x1fff0000
                0x0000000020000000                __top_SRAM_LOWER = 0x20000000
                0x0000000020000000                __top_RAM2 = 0x20000000

.text           0x000000000000c000      0x410
 FILL mask 0xff
                0x000000000000c000                __vectors_start__ = ABSOLUTE (.)
 *(.isr_vector)
 .isr_vector    0x000000000000c000      0x1bc Startup/startup_mk60d10.o
                0x000000000000c000                __Vectors
                0x000000000000c000                g_pfnVectors
                0x000000000000c1bc                . = ALIGN (0x4)
                0x000000000000c1bc                __section_table_start = .
                0x000000000000c1bc                __data_section_table = .
                0x000000000000c1bc        0x4 LONG 0x14804 LOADADDR (.data)
                0x000000000000c1c0        0x4 LONG 0x20000000 ADDR (.data)
                0x000000000000c1c4        0x4 LONG 0x125c SIZEOF (.data)
                0x000000000000c1c8        0x4 LONG 0x14804 LOADADDR (.data_RAM2)
                0x000000000000c1cc        0x4 LONG 0x1fff0000 ADDR (.data_RAM2)
                0x000000000000c1d0        0x4 LONG 0x0 SIZEOF (.data_RAM2)
                0x000000000000c1d4                __data_section_table_end = .
                0x000000000000c1d4                __bss_section_table = .
                0x000000000000c1d4        0x4 LONG 0x2000125c ADDR (.bss)
                0x000000000000c1d8        0x4 LONG 0x720 SIZEOF (.bss)
                0x000000000000c1dc        0x4 LONG 0x1fff0000 ADDR (.bss_RAM2)
                0x000000000000c1e0        0x4 LONG 0x0 SIZEOF (.bss_RAM2)
                0x000000000000c1e4                __bss_section_table_end = .
                0x000000000000c1e4                __section_table_end = .
 *(.after_vectors*)
 .after_vectors.init_data
                0x000000000000c1e4       0x44 Startup/startup_mk60d10.o
                0x000000000000c1e4                data_init(unsigned int, unsigned int, unsigned int)
 .after_vectors.init_bss
                0x000000000000c228       0x38 Startup/startup_mk60d10.o
                0x000000000000c228                bss_init(unsigned int, unsigned int)
 .after_vectors.reset
                0x000000000000c260       0xb4 Startup/startup_mk60d10.o
                0x000000000000c260                ResetISR
 .after_vectors
                0x000000000000c314       0x3c Startup/startup_mk60d10.o
                0x000000000000c314                NMI_Handler
                0x000000000000c31a                HardFault_Handler
                0x000000000000c320                MemManage_Handler
                0x000000000000c326                BusFault_Handler
                0x000000000000c32c                UsageFault_Handler
                0x000000000000c332                SVC_Handler
                0x000000000000c338                DebugMon_Handler
                0x000000000000c33e                PendSV_Handler
                0x000000000000c344                SysTick_Handler
                0x000000000000c34a                Reserved102_DriverIRQHandler
                0x000000000000c34a                DMA0_DriverIRQHandler
                0x000000000000c34a                DMA12_DriverIRQHandler
                0x000000000000c34a                SPI1_DriverIRQHandler
                0x000000000000c34a                LPTMR0_DriverIRQHandler
                0x000000000000c34a                DMA_Error_DriverIRQHandler
                0x000000000000c34a                FTM1_DriverIRQHandler
                0x000000000000c34a                FTM2_DriverIRQHandler
                0x000000000000c34a                PIT2_DriverIRQHandler
                0x000000000000c34a                SDHC_DriverIRQHandler
                0x000000000000c34a                I2S0_Tx_DriverIRQHandler
                0x000000000000c34a                TSI0_DriverIRQHandler
                0x000000000000c34a                RTC_Seconds_DriverIRQHandler
                0x000000000000c34a                Reserved109_DriverIRQHandler
                0x000000000000c34a                DMA6_DriverIRQHandler
                0x000000000000c34a                LLWU_DriverIRQHandler
                0x000000000000c34a                MCM_DriverIRQHandler
                0x000000000000c34a                MCG_DriverIRQHandler
                0x000000000000c34a                ENET_1588_Timer_DriverIRQHandler
                0x000000000000c34a                DAC1_DriverIRQHandler
                0x000000000000c34a                CMP1_DriverIRQHandler
                0x000000000000c34a                UART5_RX_TX_DriverIRQHandler
                0x000000000000c34a                FTM0_DriverIRQHandler
                0x000000000000c34a                IntDefaultHandler
                0x000000000000c34a                USB0_DriverIRQHandler
                0x000000000000c34a                UART5_ERR_DriverIRQHandler
                0x000000000000c34a                DMA11_DriverIRQHandler
                0x000000000000c34a                DAC0_DriverIRQHandler
                0x000000000000c34a                DMA10_DriverIRQHandler
                0x000000000000c34a                CMP2_DriverIRQHandler
                0x000000000000c34a                UART2_ERR_DriverIRQHandler
                0x000000000000c34a                SPI2_DriverIRQHandler
                0x000000000000c34a                LVD_LVW_DriverIRQHandler
                0x000000000000c34a                RNG_DriverIRQHandler
                0x000000000000c34a                DMA5_DriverIRQHandler
                0x000000000000c34a                DMA4_DriverIRQHandler
                0x000000000000c34a                UART2_RX_TX_DriverIRQHandler
                0x000000000000c34a                USBDCD_DriverIRQHandler
                0x000000000000c34a                UART3_ERR_DriverIRQHandler
                0x000000000000c34a                DMA3_DriverIRQHandler
                0x000000000000c34a                DMA8_DriverIRQHandler
                0x000000000000c34a                DMA9_DriverIRQHandler
                0x000000000000c34a                UART0_ERR_DriverIRQHandler
                0x000000000000c34a                CMT_DriverIRQHandler
                0x000000000000c34a                ADC1_DriverIRQHandler
                0x000000000000c34a                DMA14_DriverIRQHandler
                0x000000000000c34a                PIT3_DriverIRQHandler
                0x000000000000c34a                PIT1_DriverIRQHandler
                0x000000000000c34a                WDOG_EWM_DriverIRQHandler
                0x000000000000c34a                PDB0_DriverIRQHandler
                0x000000000000c34a                Reserved95_DriverIRQHandler
                0x000000000000c34a                RTC_DriverIRQHandler
                0x000000000000c34a                I2S0_Rx_DriverIRQHandler
                0x000000000000c34a                Read_Collision_DriverIRQHandler
                0x000000000000c34a                SWI_DriverIRQHandler
                0x000000000000c34a                UART4_RX_TX_DriverIRQHandler
                0x000000000000c34a                UART4_ERR_DriverIRQHandler
                0x000000000000c34a                UART0_LON_DriverIRQHandler
                0x000000000000c34a                DMA1_DriverIRQHandler
                0x000000000000c34a                I2C1_DriverIRQHandler
                0x000000000000c34a                UART3_RX_TX_DriverIRQHandler
                0x000000000000c34a                ENET_Receive_DriverIRQHandler
                0x000000000000c34a                DMA13_DriverIRQHandler
                0x000000000000c34a                ENET_Error_DriverIRQHandler
                0x000000000000c34a                DMA15_DriverIRQHandler
                0x000000000000c34a                SPI0_DriverIRQHandler
                0x000000000000c34a                ADC0_DriverIRQHandler
                0x000000000000c34a                FTFL_DriverIRQHandler
                0x000000000000c34a                CMP0_DriverIRQHandler
                0x000000000000c34a                CAN0_DriverIRQHandler
                0x000000000000c34a                Reserved59_DriverIRQHandler
                0x000000000000c34a                UART1_ERR_DriverIRQHandler
                0x000000000000c34a                DMA2_DriverIRQHandler
                0x000000000000c34a                ENET_Transmit_DriverIRQHandler
                0x000000000000c34a                I2C0_DriverIRQHandler
                0x000000000000c34a                CAN1_DriverIRQHandler
                0x000000000000c34a                DMA7_DriverIRQHandler
                0x000000000000c34a                UART1_RX_TX_DriverIRQHandler
                0x000000000000c34a                Reserved108_DriverIRQHandler
                0x0000000000000400                . = 0x400
 *fill*         0x000000000000c350       0xb0 ff
                0x000000000000c400                PROVIDE (__FLASH_CONFIG_START__ = .)
 *(.FlashConfig)
 .FlashConfig   0x000000000000c400       0x10 Startup/startup_mk60d10.o
                0x000000000000c410                PROVIDE (__FLASH_CONFIG_END__ = .)
                0x0000000000000001                ASSERT (! ((__FLASH_CONFIG_START__ == __FLASH_CONFIG_END__)), Linker Flash Config Support Enabled, but no .FlashConfig section provided within application)

.eh_frame       0x000000000000c410        0x0
 .eh_frame      0x000000000000c410        0x0 /usr/lib/gcc/arm-none-eabi/12.2.0/thumb/v7e-m/nofp/crtbegin.o

.glue_7         0x000000000000c410        0x0
 .glue_7        0x000000000000c410        0x0 linker stubs

.glue_7t        0x000000000000c410        0x0
 .glue_7t       0x000000000000c410        0x0 linker stubs

.vfp11_veneer   0x000000000000c410        0x0
 .vfp11_veneer  0x000000000000c410        0x0 linker stubs

.v4_bx          0x000000000000c410        0x0
 .v4_bx         0x000000000000c410        0x0 linker stubs

.iplt           0x000000000000c410        0x0
 .iplt          0x000000000000c410        0x0 /usr/lib/gcc/arm-none-eabi/12.2.0/thumb/v7e-m/nofp/crtbegin.o

.text           0x000000000000c440     0x83bc
 *(.text*)
 .text.frame_dummy
                0x000000000000c440       0x1c /usr/lib/gcc/arm-none-eabi/12.2.0/thumb/v7e-m/nofp/crtbegin.o
 .text._ZN10DriveTrainC2Ev
                0x000000000000c45c       0xc8 ../main.o
                0x000000000000c45c                DriveTrain::DriveTrain()
                0x000000000000c45c                DriveTrain::DriveTrain()
 .text._ZN5RobotC2Ev
                0x000000000000c524       0x1a ../main.o
                0x000000000000c524                Robot::Robot()
                0x000000000000c524                Robot::Robot()
 *fill*         0x000000000000c53e        0x2 
 .text._ZN5Robot11Checkpoint3Ev
                0x000000000000c540       0x1c ../main.o
                0x000000000000c540                Robot::Checkpoint3()
 .text.main     0x000000000000c55c       0x2c ../main.o
                0x000000000000c55c                main
 .text.PORTD_IRQHandler
                0x000000000000c588       0x50 Startup/startup_mk60d10.o
                0x000000000000c588                PORTD_IRQHandler
 .text._Z15InitPowerButtonv
                0x000000000000c5d8       0x60 Startup/startup_mk60d10.o
                0x000000000000c5d8                InitPowerButton()
 .text._ZL11pll_init_blv
                0x000000000000c638       0xe0 Startup/startup_mk60d10.o
 .text._Z14InitFEHProteusv
                0x000000000000c718       0xec Startup/startup_mk60d10.o
                0x000000000000c718                InitFEHProteus()
 .text.DMA0_IRQHandler
                0x000000000000c804        0xc Startup/startup_mk60d10.o
                0x000000000000c804                DMA0_IRQHandler
 .text.DMA1_IRQHandler
                0x000000000000c810        0xc Startup/startup_mk60d10.o
                0x000000000000c810                DMA1_IRQHandler
 .text.DMA2_IRQHandler
                0x000000000000c81c        0xc Startup/startup_mk60d10.o
                0x000000000000c81c                DMA2_IRQHandler
 .text.DMA3_IRQHandler
                0x000000000000c828        0xc Startup/startup_mk60d10.o
                0x000000000000c828                DMA3_IRQHandler
 .text.DMA4_IRQHandler
                0x000000000000c834        0xc Startup/startup_mk60d10.o
                0x000000000000c834                DMA4_IRQHandler
 .text.DMA5_IRQHandler
                0x000000000000c840        0xc Startup/startup_mk60d10.o
                0x000000000000c840                DMA5_IRQHandler
 .text.DMA6_IRQHandler
                0x000000000000c84c        0xc Startup/startup_mk60d10.o
                0x000000000000c84c                DMA6_IRQHandler
 .text.DMA7_IRQHandler
                0x000000000000c858        0xc Startup/startup_mk60d10.o
                0x000000000000c858                DMA7_IRQHandler
 .text.DMA8_IRQHandler
                0x000000000000c864        0xc Startup/startup_mk60d10.o
                0x000000000000c864                DMA8_IRQHandler
 .text.DMA9_IRQHandler
                0x000000000000c870        0xc Startup/startup_mk60d10.o
                0x000000000000c870                DMA9_IRQHandler
 .text.DMA10_IRQHandler
                0x000000000000c87c        0xc Startup/startup_mk60d10.o
                0x000000000000c87c                DMA10_IRQHandler
 .text.DMA11_IRQHandler
                0x000000000000c888        0xc Startup/startup_mk60d10.o
                0x000000000000c888                DMA11_IRQHandler
 .text.DMA12_IRQHandler
                0x000000000000c894        0xc Startup/startup_mk60d10.o
                0x000000000000c894                DMA12_IRQHandler
 .text.DMA13_IRQHandler
                0x000000000000c8a0        0xc Startup/startup_mk60d10.o
                0x000000000000c8a0                DMA13_IRQHandler
 .text.DMA14_IRQHandler
                0x000000000000c8ac        0xc Startup/startup_mk60d10.o
                0x000000000000c8ac                DMA14_IRQHandler
 .text.DMA15_IRQHandler
                0x000000000000c8b8        0xc Startup/startup_mk60d10.o
                0x000000000000c8b8                DMA15_IRQHandler
 .text.DMA_Error_IRQHandler
                0x000000000000c8c4        0xc Startup/startup_mk60d10.o
                0x000000000000c8c4                DMA_Error_IRQHandler
 .text.MCM_IRQHandler
                0x000000000000c8d0        0xc Startup/startup_mk60d10.o
                0x000000000000c8d0                MCM_IRQHandler
 .text.FTFL_IRQHandler
                0x000000000000c8dc        0xc Startup/startup_mk60d10.o
                0x000000000000c8dc                FTFL_IRQHandler
 .text.Read_Collision_IRQHandler
                0x000000000000c8e8        0xc Startup/startup_mk60d10.o
                0x000000000000c8e8                Read_Collision_IRQHandler
 .text.LVD_LVW_IRQHandler
                0x000000000000c8f4        0xc Startup/startup_mk60d10.o
                0x000000000000c8f4                LVD_LVW_IRQHandler
 .text.LLWU_IRQHandler
                0x000000000000c900        0xc Startup/startup_mk60d10.o
                0x000000000000c900                LLWU_IRQHandler
 .text.WDOG_EWM_IRQHandler
                0x000000000000c90c        0xc Startup/startup_mk60d10.o
                0x000000000000c90c                WDOG_EWM_IRQHandler
 .text.RNG_IRQHandler
                0x000000000000c918        0xc Startup/startup_mk60d10.o
                0x000000000000c918                RNG_IRQHandler
 .text.I2C0_IRQHandler
                0x000000000000c924        0xc Startup/startup_mk60d10.o
                0x000000000000c924                I2C0_IRQHandler
 .text.I2C1_IRQHandler
                0x000000000000c930        0xc Startup/startup_mk60d10.o
                0x000000000000c930                I2C1_IRQHandler
 .text.SPI0_IRQHandler
                0x000000000000c93c        0xc Startup/startup_mk60d10.o
                0x000000000000c93c                SPI0_IRQHandler
 .text.SPI1_IRQHandler
                0x000000000000c948        0xc Startup/startup_mk60d10.o
                0x000000000000c948                SPI1_IRQHandler
 .text.SPI2_IRQHandler
                0x000000000000c954        0xc Startup/startup_mk60d10.o
                0x000000000000c954                SPI2_IRQHandler
 .text.CAN0_ORed_Message_buffer_IRQHandler
                0x000000000000c960        0xc Startup/startup_mk60d10.o
                0x000000000000c960                CAN0_ORed_Message_buffer_IRQHandler
 .text.CAN0_Bus_Off_IRQHandler
                0x000000000000c96c        0xc Startup/startup_mk60d10.o
                0x000000000000c96c                CAN0_Bus_Off_IRQHandler
 .text.CAN0_Error_IRQHandler
                0x000000000000c978        0xc Startup/startup_mk60d10.o
                0x000000000000c978                CAN0_Error_IRQHandler
 .text.CAN0_Tx_Warning_IRQHandler
                0x000000000000c984        0xc Startup/startup_mk60d10.o
                0x000000000000c984                CAN0_Tx_Warning_IRQHandler
 .text.CAN0_Rx_Warning_IRQHandler
                0x000000000000c990        0xc Startup/startup_mk60d10.o
                0x000000000000c990                CAN0_Rx_Warning_IRQHandler
 .text.CAN0_Wake_Up_IRQHandler
                0x000000000000c99c        0xc Startup/startup_mk60d10.o
                0x000000000000c99c                CAN0_Wake_Up_IRQHandler
 .text.I2S0_Tx_IRQHandler
                0x000000000000c9a8        0xc Startup/startup_mk60d10.o
                0x000000000000c9a8                I2S0_Tx_IRQHandler
 .text.I2S0_Rx_IRQHandler
                0x000000000000c9b4        0xc Startup/startup_mk60d10.o
                0x000000000000c9b4                I2S0_Rx_IRQHandler
 .text.CAN1_ORed_Message_buffer_IRQHandler
                0x000000000000c9c0        0xc Startup/startup_mk60d10.o
                0x000000000000c9c0                CAN1_ORed_Message_buffer_IRQHandler
 .text.CAN1_Bus_Off_IRQHandler
                0x000000000000c9cc        0xc Startup/startup_mk60d10.o
                0x000000000000c9cc                CAN1_Bus_Off_IRQHandler
 .text.CAN1_Error_IRQHandler
                0x000000000000c9d8        0xc Startup/startup_mk60d10.o
                0x000000000000c9d8                CAN1_Error_IRQHandler
 .text.CAN1_Tx_Warning_IRQHandler
                0x000000000000c9e4        0xc Startup/startup_mk60d10.o
                0x000000000000c9e4                CAN1_Tx_Warning_IRQHandler
 .text.CAN1_Rx_Warning_IRQHandler
                0x000000000000c9f0        0xc Startup/startup_mk60d10.o
                0x000000000000c9f0                CAN1_Rx_Warning_IRQHandler
 .text.CAN1_Wake_Up_IRQHandler
                0x000000000000c9fc        0xc Startup/startup_mk60d10.o
                0x000000000000c9fc                CAN1_Wake_Up_IRQHandler
 .text.Reserved59_IRQHandler
                0x000000000000ca08        0xc Startup/startup_mk60d10.o
                0x000000000000ca08                Reserved59_IRQHandler
 .text.UART0_LON_IRQHandler
                0x000000000000ca14        0xc Startup/startup_mk60d10.o
                0x000000000000ca14                UART0_LON_IRQHandler
 .text.UART0_ERR_IRQHandler
                0x000000000000ca20        0xc Startup/startup_mk60d10.o
                0x000000000000ca20                UART0_ERR_IRQHandler
 .text.UART1_RX_TX_IRQHandler
                0x000000000000ca2c        0xc Startup/startup_mk60d10.o
                0x000000000000ca2c                UART1_RX_TX_IRQHandler
 .text.UART1_ERR_IRQHandler
                0x000000000000ca38        0xc Startup/startup_mk60d10.o
                0x000000000000ca38                UART1_ERR_IRQHandler
 .text.UART2_RX_TX_IRQHandler
                0x000000000000ca44        0xc Startup/startup_mk60d10.o
                0x000000000000ca44                UART2_RX_TX_IRQHandler
 .text.UART2_ERR_IRQHandler
                0x000000000000ca50        0xc Startup/startup_mk60d10.o
                0x000000000000ca50                UART2_ERR_IRQHandler
 .text.UART3_RX_TX_IRQHandler
                0x000000000000ca5c        0xc Startup/startup_mk60d10.o
                0x000000000000ca5c                UART3_RX_TX_IRQHandler
 .text.UART3_ERR_IRQHandler
                0x000000000000ca68        0xc Startup/startup_mk60d10.o
                0x000000000000ca68                UART3_ERR_IRQHandler
 .text.UART4_RX_TX_IRQHandler
                0x000000000000ca74        0xc Startup/startup_mk60d10.o
                0x000000000000ca74                UART4_RX_TX_IRQHandler
 .text.UART4_ERR_IRQHandler
                0x000000000000ca80        0xc Startup/startup_mk60d10.o
                0x000000000000ca80                UART4_ERR_IRQHandler
 .text.UART5_RX_TX_IRQHandler
                0x000000000000ca8c        0xc Startup/startup_mk60d10.o
                0x000000000000ca8c                UART5_RX_TX_IRQHandler
 .text.UART5_ERR_IRQHandler
                0x000000000000ca98        0xc Startup/startup_mk60d10.o
                0x000000000000ca98                UART5_ERR_IRQHandler
 .text.ADC0_IRQHandler
                0x000000000000caa4        0xc Startup/startup_mk60d10.o
                0x000000000000caa4                ADC0_IRQHandler
 .text.ADC1_IRQHandler
                0x000000000000cab0        0xc Startup/startup_mk60d10.o
                0x000000000000cab0                ADC1_IRQHandler
 .text.CMP0_IRQHandler
                0x000000000000cabc        0xc Startup/startup_mk60d10.o
                0x000000000000cabc                CMP0_IRQHandler
 .text.CMP1_IRQHandler
                0x000000000000cac8        0xc Startup/startup_mk60d10.o
                0x000000000000cac8                CMP1_IRQHandler
 .text.CMP2_IRQHandler
                0x000000000000cad4        0xc Startup/startup_mk60d10.o
                0x000000000000cad4                CMP2_IRQHandler
 .text.FTM0_IRQHandler
                0x000000000000cae0        0xc Startup/startup_mk60d10.o
                0x000000000000cae0                FTM0_IRQHandler
 .text.FTM1_IRQHandler
                0x000000000000caec        0xc Startup/startup_mk60d10.o
                0x000000000000caec                FTM1_IRQHandler
 .text.FTM2_IRQHandler
                0x000000000000caf8        0xc Startup/startup_mk60d10.o
                0x000000000000caf8                FTM2_IRQHandler
 .text.CMT_IRQHandler
                0x000000000000cb04        0xc Startup/startup_mk60d10.o
                0x000000000000cb04                CMT_IRQHandler
 .text.RTC_IRQHandler
                0x000000000000cb10        0xc Startup/startup_mk60d10.o
                0x000000000000cb10                RTC_IRQHandler
 .text.RTC_Seconds_IRQHandler
                0x000000000000cb1c        0xc Startup/startup_mk60d10.o
                0x000000000000cb1c                RTC_Seconds_IRQHandler
 .text.PIT1_IRQHandler
                0x000000000000cb28        0xc Startup/startup_mk60d10.o
                0x000000000000cb28                PIT1_IRQHandler
 .text.PIT2_IRQHandler
                0x000000000000cb34        0xc Startup/startup_mk60d10.o
                0x000000000000cb34                PIT2_IRQHandler
 .text.PIT3_IRQHandler
                0x000000000000cb40        0xc Startup/startup_mk60d10.o
                0x000000000000cb40                PIT3_IRQHandler
 .text.PDB0_IRQHandler
                0x000000000000cb4c        0xc Startup/startup_mk60d10.o
                0x000000000000cb4c                PDB0_IRQHandler
 .text.USB0_IRQHandler
                0x000000000000cb58        0xc Startup/startup_mk60d10.o
                0x000000000000cb58                USB0_IRQHandler
 .text.USBDCD_IRQHandler
                0x000000000000cb64        0xc Startup/startup_mk60d10.o
                0x000000000000cb64                USBDCD_IRQHandler
 .text.ENET_1588_Timer_IRQHandler
                0x000000000000cb70        0xc Startup/startup_mk60d10.o
                0x000000000000cb70                ENET_1588_Timer_IRQHandler
 .text.ENET_Transmit_IRQHandler
                0x000000000000cb7c        0xc Startup/startup_mk60d10.o
                0x000000000000cb7c                ENET_Transmit_IRQHandler
 .text.ENET_Receive_IRQHandler
                0x000000000000cb88        0xc Startup/startup_mk60d10.o
                0x000000000000cb88                ENET_Receive_IRQHandler
 .text.ENET_Error_IRQHandler
                0x000000000000cb94        0xc Startup/startup_mk60d10.o
                0x000000000000cb94                ENET_Error_IRQHandler
 .text.Reserved95_IRQHandler
                0x000000000000cba0        0xc Startup/startup_mk60d10.o
                0x000000000000cba0                Reserved95_IRQHandler
 .text.SDHC_IRQHandler
                0x000000000000cbac        0xc Startup/startup_mk60d10.o
                0x000000000000cbac                SDHC_IRQHandler
 .text.DAC0_IRQHandler
                0x000000000000cbb8        0xc Startup/startup_mk60d10.o
                0x000000000000cbb8                DAC0_IRQHandler
 .text.DAC1_IRQHandler
                0x000000000000cbc4        0xc Startup/startup_mk60d10.o
                0x000000000000cbc4                DAC1_IRQHandler
 .text.TSI0_IRQHandler
                0x000000000000cbd0        0xc Startup/startup_mk60d10.o
                0x000000000000cbd0                TSI0_IRQHandler
 .text.MCG_IRQHandler
                0x000000000000cbdc        0xc Startup/startup_mk60d10.o
                0x000000000000cbdc                MCG_IRQHandler
 .text.LPTMR0_IRQHandler
                0x000000000000cbe8        0xc Startup/startup_mk60d10.o
                0x000000000000cbe8                LPTMR0_IRQHandler
 .text.Reserved102_IRQHandler
                0x000000000000cbf4        0xc Startup/startup_mk60d10.o
                0x000000000000cbf4                Reserved102_IRQHandler
 .text.Reserved108_IRQHandler
                0x000000000000cc00        0xc Startup/startup_mk60d10.o
                0x000000000000cc00                Reserved108_IRQHandler
 .text.Reserved109_IRQHandler
                0x000000000000cc0c        0xc Startup/startup_mk60d10.o
                0x000000000000cc0c                Reserved109_IRQHandler
 .text.SWI_IRQHandler
                0x000000000000cc18        0xc Startup/startup_mk60d10.o
                0x000000000000cc18                SWI_IRQHandler
 *fill*         0x000000000000cc24        0x4 
 .text._ZN8FEHMotorC2ENS_12FEHMotorPortEf
                0x000000000000cc28       0x7c Libraries/FEHMotor.o
                0x000000000000cc28                FEHMotor::FEHMotor(FEHMotor::FEHMotorPort, float)
                0x000000000000cc28                FEHMotor::FEHMotor(FEHMotor::FEHMotorPort, float)
 .text._Z21IIC_StartTransmissionhh
                0x000000000000cca4       0x6c Drivers/i2c.o
                0x000000000000cca4                IIC_StartTransmission(unsigned char, unsigned char)
 .text._Z5Pausev
                0x000000000000cd10       0x26 Drivers/i2c.o
                0x000000000000cd10                Pause()
 *fill*         0x000000000000cd36        0x2 
 .text._Z21MMA8451QWriteRegisterhh
                0x000000000000cd38       0x68 Drivers/i2c.o
                0x000000000000cd38                MMA8451QWriteRegister(unsigned char, unsigned char)
 .text._Z8i2c_Waitv
                0x000000000000cda0       0x6c Drivers/i2c.o
                0x000000000000cda0                i2c_Wait()
 .text._Z12SPI_SendCharh
                0x000000000000ce0c       0x1a Drivers/spi.o
                0x000000000000ce0c                SPI_SendChar(unsigned char)
 .text._Z16SPI_WriteCommandhh
                0x000000000000ce26       0x34 Drivers/spi.o
                0x000000000000ce26                SPI_WriteCommand(unsigned char, unsigned char)
 .text._Z11SPI_GetCharv
                0x000000000000ce5a       0x10 Drivers/spi.o
                0x000000000000ce5a                SPI_GetChar()
 .text._Z15SPI_ReadCommandh
                0x000000000000ce6a       0x38 Drivers/spi.o
                0x000000000000ce6a                SPI_ReadCommand(unsigned char)
 *fill*         0x000000000000cea2        0x2 
 .text._Z13SPI_CS_Assertv
                0x000000000000cea4       0x1c Drivers/spi.o
                0x000000000000cea4                SPI_CS_Assert()
 .text._Z15SPI_CS_Deassertv
                0x000000000000cec0       0x1c Drivers/spi.o
                0x000000000000cec0                SPI_CS_Deassert()
 .text._Z12SPI_Transferh
                0x000000000000cedc       0x6c Drivers/spi.o
                0x000000000000cedc                SPI_Transfer(unsigned char)
 .text._Z8SPI_Initv
                0x000000000000cf48       0xa0 Drivers/spi.o
                0x000000000000cf48                SPI_Init()
 .text._Z9uart_initPV11UART_MemMapii
                0x000000000000cfe8      0x174 Drivers/uart.o
                0x000000000000cfe8                uart_init(UART_MemMap volatile*, int, int)
 .text._Z12uart_getcharPV11UART_MemMap
                0x000000000000d15c       0x32 Drivers/uart.o
                0x000000000000d15c                uart_getchar(UART_MemMap volatile*)
 .text._Z12uart_putcharPV11UART_MemMapc
                0x000000000000d18e       0x32 Drivers/uart.o
                0x000000000000d18e                uart_putchar(UART_MemMap volatile*, char)
 .text._ZL7mem_setPvij
                0x000000000000d1c0       0x40 Drivers/ff.o
 .text._ZL11move_windowP5FATFSm
                0x000000000000d200       0xc8 Drivers/ff.o
 .text._ZL4syncP5FATFS
                0x000000000000d2c8      0x14c Drivers/ff.o
 .text._ZL8validateP5FATFSt
                0x000000000000d414       0x54 Drivers/ff.o
 .text._Z6f_syncP3FIL
                0x000000000000d468      0x186 Drivers/ff.o
                0x000000000000d468                f_sync(FIL*)
 .text._Z7f_closeP3FIL
                0x000000000000d5ee       0x28 Drivers/ff.o
                0x000000000000d5ee                f_close(FIL*)
 *fill*         0x000000000000d616        0x2 
 .text._ZL17SDHC_set_baudratemm
                0x000000000000d618       0xe8 Drivers/SDHC.o
 .text._Z9SDHC_initP17esdhc_info_structPK17esdhc_init_struct
                0x000000000000d700      0x130 Drivers/SDHC.o
                0x000000000000d700                SDHC_init(esdhc_info_struct*, esdhc_init_struct const*)
 .text._ZL15SDHC_is_runningv
                0x000000000000d830       0x24 Drivers/SDHC.o
 .text._ZL16SDHC_status_waitm
                0x000000000000d854       0x28 Drivers/SDHC.o
 .text._ZL17SDHC_send_commandP20esdhc_command_struct
                0x000000000000d87c      0x1f8 Drivers/SDHC.o
 .text._Z10SDHC_ioctlmPv
                0x000000000000da74      0x6f0 Drivers/SDHC.o
                0x000000000000da74                SDHC_ioctl(unsigned long, void*)
 .text._ZL14rcvr_datablockPhm
                0x000000000000e164       0xf0 Drivers/SDHC.o
 .text._Z9disk_readhPhmh
                0x000000000000e254      0x124 Drivers/SDHC.o
                0x000000000000e254                disk_read(unsigned char, unsigned char*, unsigned long, unsigned char)
 .text._ZL14xmit_datablockPKhm
                0x000000000000e378       0xa8 Drivers/SDHC.o
 .text._Z10disk_writehPKhmh
                0x000000000000e420      0x198 Drivers/SDHC.o
                0x000000000000e420                disk_write(unsigned char, unsigned char const*, unsigned long, unsigned char)
 .text._Z10disk_ioctlhhPv
                0x000000000000e5b8      0x104 Drivers/SDHC.o
                0x000000000000e5b8                disk_ioctl(unsigned char, unsigned char, void*)
 .text._Z11disk_statush
                0x000000000000e6bc       0x28 Drivers/SDHC.o
                0x000000000000e6bc                disk_status(unsigned char)
 .text._Z13time_delay_msm
                0x000000000000e6e4       0x6c Drivers/lptmr.o
                0x000000000000e6e4                time_delay_ms(unsigned long)
 .text._Z41__static_initialization_and_destruction_0ii
                0x000000000000e750       0x2c FEHProteus.o
 .text._GLOBAL__sub_I_Propeller
                0x000000000000e77c       0x10 FEHProteus.o
 .text._ZN12FEHPropellerC2Ev
                0x000000000000e78c       0x1a Drivers/FEHPropeller.o
                0x000000000000e78c                FEHPropeller::FEHPropeller()
                0x000000000000e78c                FEHPropeller::FEHPropeller()
 *fill*         0x000000000000e7a6        0x2 
 .text._ZN12FEHPropeller10InitializeEv
                0x000000000000e7a8       0x74 Drivers/FEHPropeller.o
                0x000000000000e7a8                FEHPropeller::Initialize()
 .text._ZL5Delaymjj
                0x000000000000e81c       0x94 Libraries/FEHUtility.o
 .text._Z5Sleepi
                0x000000000000e8b0       0x2c Libraries/FEHUtility.o
                0x000000000000e8b0                Sleep(int)
 .text._Z5Sleepd
                0x000000000000e8dc       0x4c Libraries/FEHUtility.o
                0x000000000000e8dc                Sleep(double)
 .text._Z11TimeNowMSecv
                0x000000000000e928       0x38 Libraries/FEHUtility.o
                0x000000000000e928                TimeNowMSec()
 .text._ZN14DigitalEncoderC2EN5FEHIO8FEHIOPinE
                0x000000000000e960       0x26 Libraries/FEHIO.o
                0x000000000000e960                DigitalEncoder::DigitalEncoder(FEHIO::FEHIOPin)
                0x000000000000e960                DigitalEncoder::DigitalEncoder(FEHIO::FEHIOPin)
 *fill*         0x000000000000e986        0x2 
 .text._Z10enable_irqi
                0x000000000000e988       0xec Libraries/FEHIO.o
                0x000000000000e988                enable_irq(int)
 .text._ZN14DigitalEncoder10InitializeEN5FEHIO8FEHIOPinENS0_21FEHIOInterruptTriggerE
                0x000000000000ea74      0x1a8 Libraries/FEHIO.o
                0x000000000000ea74                DigitalEncoder::Initialize(FEHIO::FEHIOPin, FEHIO::FEHIOInterruptTrigger)
 .text._Z16PORTB_IRQHandlerv
                0x000000000000ec1c       0x9c Libraries/FEHIO.o
                0x000000000000ec1c                PORTB_IRQHandler()
 .text._Z16PORTC_IRQHandlerv
                0x000000000000ecb8       0x9c Libraries/FEHIO.o
                0x000000000000ecb8                PORTC_IRQHandler()
 .text._Z16PORTA_IRQHandlerv
                0x000000000000ed54       0xa0 Libraries/FEHIO.o
                0x000000000000ed54                PORTA_IRQHandler()
 .text._Z16PORTE_IRQHandlerv
                0x000000000000edf4       0x98 Libraries/FEHIO.o
                0x000000000000edf4                PORTE_IRQHandler()
 .text._ZN14AnalogInputPinC2EN5FEHIO8FEHIOPinE
                0x000000000000ee8c       0x1e Libraries/FEHIO.o
                0x000000000000ee8c                AnalogInputPin::AnalogInputPin(FEHIO::FEHIOPin)
                0x000000000000ee8c                AnalogInputPin::AnalogInputPin(FEHIO::FEHIOPin)
 *fill*         0x000000000000eeaa        0x2 
 .text._ZN13AnalogEncoder12EncoderValueEv
                0x000000000000eeac       0xb0 Libraries/FEHIO.o
                0x000000000000eeac                AnalogEncoder::EncoderValue()
 .text._ZN14AnalogInputPin8InitADCsEv
                0x000000000000ef5c       0x98 Libraries/FEHIO.o
                0x000000000000ef5c                AnalogInputPin::InitADCs()
 .text._Z15PIT0_IRQHandlerv
                0x000000000000eff4       0x28 Libraries/FEHIO.o
                0x000000000000eff4                PIT0_IRQHandler()
 .text._ZN13AnalogEncoder4InitEv
                0x000000000000f01c       0x44 Libraries/FEHIO.o
                0x000000000000f01c                AnalogEncoder::Init()
 .text._ZN13AnalogEncoder14SetCounterInitEj
                0x000000000000f060       0x20 Libraries/FEHIO.o
                0x000000000000f060                AnalogEncoder::SetCounterInit(unsigned int)
 .text._ZN13AnalogEncoder10ProcessIntEv
                0x000000000000f080       0x6c Libraries/FEHIO.o
                0x000000000000f080                AnalogEncoder::ProcessInt()
 .text._ZN13AnalogEncoder14ProcessIntSelfEv
                0x000000000000f0ec       0x6e Libraries/FEHIO.o
                0x000000000000f0ec                AnalogEncoder::ProcessIntSelf()
 .text._Z7ADC_CalPV10ADC_MemMap
                0x000000000000f15a      0x13e Drivers/adc16.o
                0x000000000000f15a                ADC_Cal(ADC_MemMap volatile*)
 .text._Z14ADC_Config_AltPV10ADC_MemMapP7adc_cfg
                0x000000000000f298       0x6c Drivers/adc16.o
                0x000000000000f298                ADC_Config_Alt(ADC_MemMap volatile*, adc_cfg*)
 .text._ZN9FEHBuzzerC2Ev
                0x000000000000f304       0x14 Libraries/FEHBuzzer.o
                0x000000000000f304                FEHBuzzer::FEHBuzzer()
                0x000000000000f304                FEHBuzzer::FEHBuzzer()
 .text._Z41__static_initialization_and_destruction_0ii
                0x000000000000f318       0x2c Libraries/FEHBuzzer.o
 .text._GLOBAL__sub_I_Buzzer
                0x000000000000f344       0x10 Libraries/FEHBuzzer.o
 .text._ZN6FEHLCD11_InitializeEv
                0x000000000000f354      0x410 Libraries/FEHLCD.o
                0x000000000000f354                FEHLCD::_Initialize()
 .text._ZN6FEHLCDC2Ev
                0x000000000000f764       0x50 Libraries/FEHLCD.o
                0x000000000000f764                FEHLCD::FEHLCD()
                0x000000000000f764                FEHLCD::FEHLCD()
 .text._ZN6FEHLCD10InitializeEv
                0x000000000000f7b4       0x28 Libraries/FEHLCD.o
                0x000000000000f7b4                FEHLCD::Initialize()
 .text._ZN6FEHLCD10PrintImageEii
                0x000000000000f7dc       0xc0 Libraries/FEHLCD.o
                0x000000000000f7dc                FEHLCD::PrintImage(int, int)
 .text._ZN6FEHLCD9PrintLogoEii
                0x000000000000f89c       0xc0 Libraries/FEHLCD.o
                0x000000000000f89c                FEHLCD::PrintLogo(int, int)
 .text._ZN6FEHLCD22ConvertFEHColorTo24BitENS_11FEHLCDColorE
                0x000000000000f95c       0x78 Libraries/FEHLCD.o
                0x000000000000f95c                FEHLCD::ConvertFEHColorTo24Bit(FEHLCD::FEHLCDColor)
 .text._ZN6FEHLCD24Convert24BitColorTo16BitEj
                0x000000000000f9d4       0x30 Libraries/FEHLCD.o
                0x000000000000f9d4                FEHLCD::Convert24BitColorTo16Bit(unsigned int)
 .text._ZN6FEHLCD22ConvertRGBColorTo16BitEhhh
                0x000000000000fa04       0x4a Libraries/FEHLCD.o
                0x000000000000fa04                FEHLCD::ConvertRGBColorTo16Bit(unsigned char, unsigned char, unsigned char)
 .text._ZN6FEHLCD5ClearENS_11FEHLCDColorE
                0x000000000000fa4e       0x28 Libraries/FEHLCD.o
                0x000000000000fa4e                FEHLCD::Clear(FEHLCD::FEHLCDColor)
 .text._ZN6FEHLCD5ClearEj
                0x000000000000fa76       0x2c Libraries/FEHLCD.o
                0x000000000000fa76                FEHLCD::Clear(unsigned int)
 .text._ZN6FEHLCD5ClearEv
                0x000000000000faa2       0x16 Libraries/FEHLCD.o
                0x000000000000faa2                FEHLCD::Clear()
 .text._ZN6FEHLCD18SetBackgroundColorENS_11FEHLCDColorE
                0x000000000000fab8       0x28 Libraries/FEHLCD.o
                0x000000000000fab8                FEHLCD::SetBackgroundColor(FEHLCD::FEHLCDColor)
 .text._ZN6FEHLCD18SetBackgroundColorEj
                0x000000000000fae0       0x26 Libraries/FEHLCD.o
                0x000000000000fae0                FEHLCD::SetBackgroundColor(unsigned int)
 .text._ZN6FEHLCD12SetFontColorENS_11FEHLCDColorE
                0x000000000000fb06       0x28 Libraries/FEHLCD.o
                0x000000000000fb06                FEHLCD::SetFontColor(FEHLCD::FEHLCDColor)
 .text._ZN6FEHLCD12SetFontColorEj
                0x000000000000fb2e       0x26 Libraries/FEHLCD.o
                0x000000000000fb2e                FEHLCD::SetFontColor(unsigned int)
 .text._ZN6FEHLCD7WriteAtEPKcii
                0x000000000000fb54       0x48 Libraries/FEHLCD.o
                0x000000000000fb54                FEHLCD::WriteAt(char const*, int, int)
 .text._ZN6FEHLCD11TS_SPI_InitEv
                0x000000000000fb9c       0x7c Libraries/FEHLCD.o
                0x000000000000fb9c                FEHLCD::TS_SPI_Init()
 .text._ZN6FEHLCD5TouchEPfS0_
                0x000000000000fc18      0x1f4 Libraries/FEHLCD.o
                0x000000000000fc18                FEHLCD::Touch(float*, float*)
 .text._ZN6FEHLCD3absEi
                0x000000000000fe0c       0x22 Libraries/FEHLCD.o
                0x000000000000fe0c                FEHLCD::abs(int)
 .text._ZN6FEHLCD5WriteEPKc
                0x000000000000fe2e       0x50 Libraries/FEHLCD.o
                0x000000000000fe2e                FEHLCD::Write(char const*)
 .text._ZN6FEHLCD5WriteEc
                0x000000000000fe7e       0x30 Libraries/FEHLCD.o
                0x000000000000fe7e                FEHLCD::Write(char)
 .text._ZN6FEHLCD9WriteLineEPKc
                0x000000000000feae       0x26 Libraries/FEHLCD.o
                0x000000000000feae                FEHLCD::WriteLine(char const*)
 .text._ZN6FEHLCD9WriteLineEc
                0x000000000000fed4       0x2a Libraries/FEHLCD.o
                0x000000000000fed4                FEHLCD::WriteLine(char)
 *fill*         0x000000000000fefe        0x2 
 .text._ZN6FEHLCD10WriteIndexEh
                0x000000000000ff00      0x14c Libraries/FEHLCD.o
                0x000000000000ff00                FEHLCD::WriteIndex(unsigned char)
 .text._ZN6FEHLCD14WriteParameterEh
                0x000000000001004c      0x130 Libraries/FEHLCD.o
                0x000000000001004c                FEHLCD::WriteParameter(unsigned char)
 .text._ZN6FEHLCD6_ClearEv
                0x000000000001017c      0x15c Libraries/FEHLCD.o
                0x000000000001017c                FEHLCD::_Clear()
 .text._ZN6FEHLCD8NextLineEv
                0x00000000000102d8       0x2a Libraries/FEHLCD.o
                0x00000000000102d8                FEHLCD::NextLine()
 .text._ZN6FEHLCD9CheckLineEv
                0x0000000000010302       0x28 Libraries/FEHLCD.o
                0x0000000000010302                FEHLCD::CheckLine()
 .text._ZN6FEHLCD8NextCharEv
                0x000000000001032a       0x32 Libraries/FEHLCD.o
                0x000000000001032a                FEHLCD::NextChar()
 .text._ZN6FEHLCD9DrawPixelEii
                0x000000000001035c       0x2a Libraries/FEHLCD.o
                0x000000000001035c                FEHLCD::DrawPixel(int, int)
 .text._Z4SwapRiS_
                0x0000000000010386       0x28 Libraries/FEHLCD.o
                0x0000000000010386                Swap(int&, int&)
 .text._ZN6FEHLCD13DrawRectangleEiiii
                0x00000000000103ae       0x7c Libraries/FEHLCD.o
                0x00000000000103ae                FEHLCD::DrawRectangle(int, int, int, int)
 .text._ZN6FEHLCD13SetDrawRegionEiiii
                0x000000000001042a       0xfe Libraries/FEHLCD.o
                0x000000000001042a                FEHLCD::SetDrawRegion(int, int, int, int)
 .text._ZN6FEHLCD8DrawLineEiiii
                0x0000000000010528      0x14c Libraries/FEHLCD.o
                0x0000000000010528                FEHLCD::DrawLine(int, int, int, int)
 .text._ZN6FEHLCD9WriteCharEiic
                0x0000000000010674       0x34 Libraries/FEHLCD.o
                0x0000000000010674                FEHLCD::WriteChar(int, int, char)
 .text._ZN6FEHLCD11WriteCharAtEiic
                0x00000000000106a8      0x214 Libraries/FEHLCD.o
                0x00000000000106a8                FEHLCD::WriteCharAt(int, int, char)
 .text._ZN6FEHLCD11RepeatColorEv
                0x00000000000108bc       0x70 Libraries/FEHLCD.o
                0x00000000000108bc                FEHLCD::RepeatColor()
 .text._ZN6FEHLCD10_ForePixelEv
                0x000000000001092c       0xc4 Libraries/FEHLCD.o
                0x000000000001092c                FEHLCD::_ForePixel()
 .text._ZN6FEHLCD10_BackPixelEv
                0x00000000000109f0       0xc4 Libraries/FEHLCD.o
                0x00000000000109f0                FEHLCD::_BackPixel()
 .text._ZN6FEHLCD22SetRegisterColorValuesEv
                0x0000000000010ab4      0x336 Libraries/FEHLCD.o
                0x0000000000010ab4                FEHLCD::SetRegisterColorValues()
 .text._ZN7FEHIcon4IconC2Ev
                0x0000000000010dea       0x14 Libraries/FEHLCD.o
                0x0000000000010dea                FEHIcon::Icon::Icon()
                0x0000000000010dea                FEHIcon::Icon::Icon()
 .text._ZN7FEHIcon4Icon13SetPropertiesEPciiiijj
                0x0000000000010dfe       0x6a Libraries/FEHLCD.o
                0x0000000000010dfe                FEHIcon::Icon::SetProperties(char*, int, int, int, int, unsigned int, unsigned int)
 .text._ZN7FEHIcon4Icon4DrawEv
                0x0000000000010e68       0x90 Libraries/FEHLCD.o
                0x0000000000010e68                FEHIcon::Icon::Draw()
 .text._ZN7FEHIcon4Icon6SelectEv
                0x0000000000010ef8       0x90 Libraries/FEHLCD.o
                0x0000000000010ef8                FEHIcon::Icon::Select()
 .text._ZN7FEHIcon4Icon8DeselectEv
                0x0000000000010f88       0x8c Libraries/FEHLCD.o
                0x0000000000010f88                FEHIcon::Icon::Deselect()
 .text._ZN7FEHIcon4Icon7PressedEffi
                0x0000000000011014      0x13c Libraries/FEHLCD.o
                0x0000000000011014                FEHIcon::Icon::Pressed(float, float, int)
 .text._ZN7FEHIcon4Icon12WhilePressedEff
                0x0000000000011150       0x50 Libraries/FEHLCD.o
                0x0000000000011150                FEHIcon::Icon::WhilePressed(float, float)
 .text._ZN7FEHIcon13DrawIconArrayEPNS_4IconEiiiiiiPA20_cjj
                0x00000000000111a0      0x168 Libraries/FEHLCD.o
                0x00000000000111a0                FEHIcon::DrawIconArray(FEHIcon::Icon*, int, int, int, int, int, int, char (*) [20], unsigned int, unsigned int)
 .text._Z41__static_initialization_and_destruction_0ii
                0x0000000000011308       0x2c Libraries/FEHLCD.o
 .text._GLOBAL__sub_I_image
                0x0000000000011334       0x10 Libraries/FEHLCD.o
 .text._ZN8FEHAccelC2Ev
                0x0000000000011344       0x70 Libraries/FEHAccel.o
                0x0000000000011344                FEHAccel::FEHAccel()
                0x0000000000011344                FEHAccel::FEHAccel()
 .text._Z41__static_initialization_and_destruction_0ii
                0x00000000000113b4       0x2c Libraries/FEHAccel.o
 .text._GLOBAL__sub_I_Accel
                0x00000000000113e0       0x10 Libraries/FEHAccel.o
 .text._ZN10FEHBatteryC2EN5FEHIO8FEHIOPinE
                0x00000000000113f0       0x22 Libraries/FEHBattery.o
                0x00000000000113f0                FEHBattery::FEHBattery(FEHIO::FEHIOPin)
                0x00000000000113f0                FEHBattery::FEHBattery(FEHIO::FEHIOPin)
 *fill*         0x0000000000011412        0x2 
 .text._Z41__static_initialization_and_destruction_0ii
                0x0000000000011414       0x30 Libraries/FEHBattery.o
 .text._GLOBAL__sub_I_Battery
                0x0000000000011444       0x10 Libraries/FEHBattery.o
 .text._ZN7FEHXBeeC2Ev
                0x0000000000011454       0x1a Drivers/FEHXBee.o
                0x0000000000011454                FEHXBee::FEHXBee()
                0x0000000000011454                FEHXBee::FEHXBee()
 *fill*         0x000000000001146e        0x2 
 .text._ZN7FEHXBee10InitializeEv
                0x0000000000011470       0xdc Drivers/FEHXBee.o
                0x0000000000011470                FEHXBee::Initialize()
 .text._ZN7FEHXBee13IsInitializedEv
                0x000000000001154c       0x16 Drivers/FEHXBee.o
                0x000000000001154c                FEHXBee::IsInitialized()
 *fill*         0x0000000000011562        0x2 
 .text._ZN7FEHXBee17ReceiveDataSearchEPcjh
                0x0000000000011564       0x94 Drivers/FEHXBee.o
                0x0000000000011564                FEHXBee::ReceiveDataSearch(char*, unsigned int, unsigned char)
 .text._ZN7FEHXBee8SendDataEPcj
                0x00000000000115f8       0x40 Drivers/FEHXBee.o
                0x00000000000115f8                FEHXBee::SendData(char*, unsigned int)
 .text._ZN7FEHXBee17SetPacketCallBackEPFvPhhE
                0x0000000000011638       0x20 Drivers/FEHXBee.o
                0x0000000000011638                FEHXBee::SetPacketCallBack(void (*)(unsigned char*, unsigned char))
 .text._Z22UART0_RX_TX_IRQHandlerv
                0x0000000000011658       0xec Drivers/FEHXBee.o
                0x0000000000011658                UART0_RX_TX_IRQHandler()
 .text._ZN6FEHRPSC2Ev
                0x0000000000011744       0x74 Libraries/FEHRPS.o
                0x0000000000011744                FEHRPS::FEHRPS()
                0x0000000000011744                FEHRPS::FEHRPS()
 .text._ZN6FEHRPS10InitializeEi
                0x00000000000117b8      0x66c Libraries/FEHRPS.o
                0x00000000000117b8                FEHRPS::Initialize(int)
 .text._ZN6FEHRPS10InitializeEc
                0x0000000000011e24       0x46 Libraries/FEHRPS.o
                0x0000000000011e24                FEHRPS::Initialize(char)
 *fill*         0x0000000000011e6a        0x2 
 .text._ZN6FEHRPS19InitializeTouchMenuEv
                0x0000000000011e6c      0x428 Libraries/FEHRPS.o
                0x0000000000011e6c                FEHRPS::InitializeTouchMenu()
 .text._ZN6FEHRPS19CurrentRegionLetterEv
                0x0000000000012294       0x1c Libraries/FEHRPS.o
                0x0000000000012294                FEHRPS::CurrentRegionLetter()
 .text._ZN6FEHRPS15GetCorrectLeverEv
                0x00000000000122b0       0x1c Libraries/FEHRPS.o
                0x00000000000122b0                FEHRPS::GetCorrectLever()
 .text._ZN6FEHRPS13WaitForPacketEv
                0x00000000000122cc       0x58 Libraries/FEHRPS.o
                0x00000000000122cc                FEHRPS::WaitForPacket()
 .text._Z14RPSDataProcessPhh
                0x0000000000012324      0x148 Libraries/FEHRPS.o
                0x0000000000012324                RPSDataProcess(unsigned char*, unsigned char)
 .text._Z41__static_initialization_and_destruction_0ii
                0x000000000001246c       0x2c Libraries/FEHRPS.o
 .text._GLOBAL__sub_I_RPS
                0x0000000000012498       0x10 Libraries/FEHRPS.o
 .text._ZN5FEHSDC2Ev
                0x00000000000124a8       0x24 Libraries/FEHSD.o
                0x00000000000124a8                FEHSD::FEHSD()
                0x00000000000124a8                FEHSD::FEHSD()
 .text._ZN5FEHSD9FCloseAllEv
                0x00000000000124cc       0x6c Libraries/FEHSD.o
                0x00000000000124cc                FEHSD::FCloseAll()
 .text._Z41__static_initialization_and_destruction_0ii
                0x0000000000012538       0x2c Libraries/FEHSD.o
 .text._GLOBAL__sub_I_SD
                0x0000000000012564       0x10 Libraries/FEHSD.o
 .text._ZN9FEHRandom10InitializeEv
                0x0000000000012574       0x3c Libraries/FEHRandom.o
                0x0000000000012574                FEHRandom::Initialize()
 .text.startup._GLOBAL__sub_I__ZN9__gnu_cxx9__freeresEv
                0x00000000000125b0       0x28 /usr/lib/gcc/arm-none-eabi/12.2.0/../../../../arm-none-eabi/lib/thumb/v7e-m/nofp/libstdc++.a(eh_alloc.o)
 .text._ZN12_GLOBAL__N_113constant_initD2Ev
                0x00000000000125d8        0x2 /usr/lib/gcc/arm-none-eabi/12.2.0/../../../../arm-none-eabi/lib/thumb/v7e-m/nofp/libstdc++.a(eh_globals.o)
 *fill*         0x00000000000125da        0x2 
 .text.startup._GLOBAL__sub_I___cxa_get_globals_fast
                0x00000000000125dc       0x18 /usr/lib/gcc/arm-none-eabi/12.2.0/../../../../arm-none-eabi/lib/thumb/v7e-m/nofp/libstdc++.a(eh_globals.o)
 .text.__aeabi_atexit
                0x00000000000125f4        0xa /usr/lib/gcc/arm-none-eabi/12.2.0/../../../../arm-none-eabi/lib/thumb/v7e-m/nofp/libstdc++.a(atexit_arm.o)
                0x00000000000125f4                __aeabi_atexit
 *fill*         0x00000000000125fe        0x2 
 .text          0x0000000000012600      0x378 /usr/lib/gcc/arm-none-eabi/12.2.0/thumb/v7e-m/nofp/libgcc.a(_arm_addsubdf3.o)
                0x0000000000012600                __aeabi_drsub
                0x0000000000012608                __aeabi_dsub
                0x0000000000012608                __subdf3
                0x000000000001260c                __adddf3
                0x000000000001260c                __aeabi_dadd
                0x0000000000012884                __aeabi_ui2d
                0x0000000000012884                __floatunsidf
                0x00000000000128a4                __floatsidf
                0x00000000000128a4                __aeabi_i2d
                0x00000000000128c8                __extendsfdf2
                0x00000000000128c8                __aeabi_f2d
                0x000000000001290c                __aeabi_ul2d
                0x000000000001290c                __floatundidf
                0x000000000001291c                __floatdidf
                0x000000000001291c                __aeabi_l2d
 .text          0x0000000000012978      0x424 /usr/lib/gcc/arm-none-eabi/12.2.0/thumb/v7e-m/nofp/libgcc.a(_arm_muldivdf3.o)
                0x0000000000012978                __aeabi_dmul
                0x0000000000012978                __muldf3
                0x0000000000012bcc                __aeabi_ddiv
                0x0000000000012bcc                __divdf3
 .text          0x0000000000012d9c       0x50 /usr/lib/gcc/arm-none-eabi/12.2.0/thumb/v7e-m/nofp/libgcc.a(_arm_fixdfsi.o)
                0x0000000000012d9c                __fixdfsi
                0x0000000000012d9c                __aeabi_d2iz
 .text          0x0000000000012dec       0x40 /usr/lib/gcc/arm-none-eabi/12.2.0/thumb/v7e-m/nofp/libgcc.a(_arm_fixunsdfsi.o)
                0x0000000000012dec                __fixunsdfsi
                0x0000000000012dec                __aeabi_d2uiz
 .text          0x0000000000012e2c       0xa0 /usr/lib/gcc/arm-none-eabi/12.2.0/thumb/v7e-m/nofp/libgcc.a(_arm_truncdfsf2.o)
                0x0000000000012e2c                __aeabi_d2f
                0x0000000000012e2c                __truncdfsf2
 .text          0x0000000000012ecc      0x21c /usr/lib/gcc/arm-none-eabi/12.2.0/thumb/v7e-m/nofp/libgcc.a(_arm_addsubsf3.o)
                0x0000000000012ecc                __aeabi_frsub
                0x0000000000012ed4                __subsf3
                0x0000000000012ed4                __aeabi_fsub
                0x0000000000012ed8                __aeabi_fadd
                0x0000000000012ed8                __addsf3
                0x0000000000013038                __aeabi_ui2f
                0x0000000000013038                __floatunsisf
                0x0000000000013040                __aeabi_i2f
                0x0000000000013040                __floatsisf
                0x000000000001305c                __floatundisf
                0x000000000001305c                __aeabi_ul2f
                0x000000000001306c                __floatdisf
                0x000000000001306c                __aeabi_l2f
 .text          0x00000000000130e8      0x2a0 /usr/lib/gcc/arm-none-eabi/12.2.0/thumb/v7e-m/nofp/libgcc.a(_arm_muldivsf3.o)
                0x00000000000130e8                __mulsf3
                0x00000000000130e8                __aeabi_fmul
                0x0000000000013250                __divsf3
                0x0000000000013250                __aeabi_fdiv
 .text          0x0000000000013388       0xec /usr/lib/gcc/arm-none-eabi/12.2.0/thumb/v7e-m/nofp/libgcc.a(_arm_cmpsf2.o)
                0x0000000000013388                __gtsf2
                0x0000000000013388                __gesf2
                0x0000000000013390                __lesf2
                0x0000000000013390                __ltsf2
                0x0000000000013398                __nesf2
                0x0000000000013398                __eqsf2
                0x0000000000013398                __cmpsf2
                0x00000000000133f8                __aeabi_cfrcmple
                0x0000000000013400                __aeabi_cfcmple
                0x0000000000013400                __aeabi_cfcmpeq
                0x0000000000013410                __aeabi_fcmpeq
                0x0000000000013424                __aeabi_fcmplt
                0x0000000000013438                __aeabi_fcmple
                0x000000000001344c                __aeabi_fcmpge
                0x0000000000013460                __aeabi_fcmpgt
 .text          0x0000000000013474       0x4c /usr/lib/gcc/arm-none-eabi/12.2.0/thumb/v7e-m/nofp/libgcc.a(_arm_fixsfsi.o)
                0x0000000000013474                __fixsfsi
                0x0000000000013474                __aeabi_f2iz
 .text.atexit   0x00000000000134c0        0xc /usr/lib/gcc/arm-none-eabi/12.2.0/../../../../arm-none-eabi/lib/thumb/v7e-m/nofp/libg.a(libc_a-atexit.o)
                0x00000000000134c0                atexit
 .text.malloc   0x00000000000134cc       0x10 /usr/lib/gcc/arm-none-eabi/12.2.0/../../../../arm-none-eabi/lib/thumb/v7e-m/nofp/libg.a(libc_a-malloc.o)
                0x00000000000134cc                malloc
 .text._malloc_r
                0x00000000000134dc      0x56c /usr/lib/gcc/arm-none-eabi/12.2.0/../../../../arm-none-eabi/lib/thumb/v7e-m/nofp/libg.a(libc_a-mallocr.o)
                0x00000000000134dc                _malloc_r
 .text.__malloc_lock
                0x0000000000013a48        0xc /usr/lib/gcc/arm-none-eabi/12.2.0/../../../../arm-none-eabi/lib/thumb/v7e-m/nofp/libg.a(libc_a-mlock.o)
                0x0000000000013a48                __malloc_lock
 .text.__malloc_unlock
                0x0000000000013a54        0xc /usr/lib/gcc/arm-none-eabi/12.2.0/../../../../arm-none-eabi/lib/thumb/v7e-m/nofp/libg.a(libc_a-mlock.o)
                0x0000000000013a54                __malloc_unlock
 .text.__cxa_atexit
                0x0000000000013a60        0xc /usr/lib/gcc/arm-none-eabi/12.2.0/../../../../arm-none-eabi/lib/thumb/v7e-m/nofp/libg.a(libc_a-cxa_atexit.o)
                0x0000000000013a60                __cxa_atexit
 .text._sbrk_r  0x0000000000013a6c       0x24 /usr/lib/gcc/arm-none-eabi/12.2.0/../../../../arm-none-eabi/lib/thumb/v7e-m/nofp/libg.a(libc_a-sbrkr.o)
                0x0000000000013a6c                _sbrk_r
 .text.__errno  0x0000000000013a90        0xc /usr/lib/gcc/arm-none-eabi/12.2.0/../../../../arm-none-eabi/lib/thumb/v7e-m/nofp/libg.a(libc_a-errno.o)
                0x0000000000013a90                __errno
 .text.__libc_init_array
                0x0000000000013a9c       0x50 /usr/lib/gcc/arm-none-eabi/12.2.0/../../../../arm-none-eabi/lib/thumb/v7e-m/nofp/libg.a(libc_a-init.o)
                0x0000000000013a9c                __libc_init_array
 .text.__libc_fini_array
                0x0000000000013aec       0x28 /usr/lib/gcc/arm-none-eabi/12.2.0/../../../../arm-none-eabi/lib/thumb/v7e-m/nofp/libg.a(libc_a-fini.o)
                0x0000000000013aec                __libc_fini_array
 .text.__retarget_lock_acquire_recursive
                0x0000000000013b14        0x4 /usr/lib/gcc/arm-none-eabi/12.2.0/../../../../arm-none-eabi/lib/thumb/v7e-m/nofp/libg.a(libc_a-lock.o)
                0x0000000000013b14                __retarget_lock_acquire_recursive
 .text.__retarget_lock_release_recursive
                0x0000000000013b18        0x4 /usr/lib/gcc/arm-none-eabi/12.2.0/../../../../arm-none-eabi/lib/thumb/v7e-m/nofp/libg.a(libc_a-lock.o)
                0x0000000000013b18                __retarget_lock_release_recursive
 .text.sysconf  0x0000000000013b1c       0x1c /usr/lib/gcc/arm-none-eabi/12.2.0/../../../../arm-none-eabi/lib/thumb/v7e-m/nofp/libg.a(libc_a-sysconf.o)
                0x0000000000013b1c                sysconf
 .text.strcpy   0x0000000000013b38       0xbc /usr/lib/gcc/arm-none-eabi/12.2.0/../../../../arm-none-eabi/lib/thumb/v7e-m/nofp/libg.a(libc_a-strcpy.o)
                0x0000000000013b38                strcpy
 .text          0x0000000000013bf4      0x134 /usr/lib/gcc/arm-none-eabi/12.2.0/../../../../arm-none-eabi/lib/thumb/v7e-m/nofp/libg.a(libc_a-memcpy.o)
                0x0000000000013bf4                memcpy
 *fill*         0x0000000000013d28       0x18 
 .text          0x0000000000013d40       0xd8 /usr/lib/gcc/arm-none-eabi/12.2.0/../../../../arm-none-eabi/lib/thumb/v7e-m/nofp/libg.a(libc_a-strlen.o)
                0x0000000000013d40                strlen
 .text.__register_exitproc
                0x0000000000013e18       0x80 /usr/lib/gcc/arm-none-eabi/12.2.0/../../../../arm-none-eabi/lib/thumb/v7e-m/nofp/libg.a(libc_a-__atexit.o)
                0x0000000000013e18                __register_exitproc
 .text.startup.register_fini
                0x0000000000013e98       0x14 /usr/lib/gcc/arm-none-eabi/12.2.0/../../../../arm-none-eabi/lib/thumb/v7e-m/nofp/libg.a(libc_a-__call_atexit.o)
 .text._malloc_trim_r
                0x0000000000013eac       0xb8 /usr/lib/gcc/arm-none-eabi/12.2.0/../../../../arm-none-eabi/lib/thumb/v7e-m/nofp/libg.a(libc_a-freer.o)
                0x0000000000013eac                _malloc_trim_r
 .text._free_r  0x0000000000013f64      0x1fc /usr/lib/gcc/arm-none-eabi/12.2.0/../../../../arm-none-eabi/lib/thumb/v7e-m/nofp/libg.a(libc_a-freer.o)
                0x0000000000013f64                _free_r
 .text._sbrk    0x0000000000014160       0x1c /usr/lib/gcc/arm-none-eabi/12.2.0/../../../../arm-none-eabi/lib/thumb/v7e-m/nofp/libnosys.a(sbrk.o)
                0x0000000000014160                _sbrk
 *(.rodata .rodata.* .constdata .constdata.*)
 .rodata.K60_SDHC0_init
                0x000000000001417c        0xc Drivers/SDHC.o
                0x000000000001417c                K60_SDHC0_init
 .rodata._ZL21ESDHC_COMMAND_XFERTYP
                0x0000000000014188      0x100 Drivers/SDHC.o
 .rodata._ZL9GPIOPorts
                0x0000000000014288       0x20 Libraries/FEHIO.o
 .rodata._ZL10ADCNumbers
                0x00000000000142a8       0x21 Libraries/FEHIO.o
 *fill*         0x00000000000142c9        0x3 
 .rodata._ZL14GPIOPinNumbers
                0x00000000000142cc       0x80 Libraries/FEHIO.o
 .rodata._ZL16AnalogPinNumbers
                0x000000000001434c       0x84 Libraries/FEHIO.o
 .rodata        0x00000000000143d0       0x78 Libraries/FEHIO.o
 .rodata        0x0000000000014448       0x32 Libraries/FEHLCD.o
 *fill*         0x000000000001447a        0x2 
 .rodata        0x000000000001447c      0x33c Libraries/FEHRPS.o
                0x00000000000147b8                . = ALIGN (0x4)
                0x00000000000147b8                . = ALIGN (0x4)
 *(.init)
 .init          0x00000000000147b8        0x4 /usr/lib/gcc/arm-none-eabi/12.2.0/thumb/v7e-m/nofp/crti.o
                0x00000000000147b8                _init
 .init          0x00000000000147bc        0x8 /usr/lib/gcc/arm-none-eabi/12.2.0/thumb/v7e-m/nofp/crtn.o
                0x00000000000147c4                . = ALIGN (0x4)
                0x00000000000147c4                __preinit_array_start = .
 *(.preinit_array)
                0x00000000000147c4                __preinit_array_end = .
                0x00000000000147c4                . = ALIGN (0x4)
                0x00000000000147c4                __init_array_start = .
 *(SORT_BY_NAME(.init_array.*))
 .init_array.00000
                0x00000000000147c4        0x4 /usr/lib/gcc/arm-none-eabi/12.2.0/../../../../arm-none-eabi/lib/thumb/v7e-m/nofp/libg.a(libc_a-__call_atexit.o)
 *(.init_array)
 .init_array    0x00000000000147c8        0x4 /usr/lib/gcc/arm-none-eabi/12.2.0/thumb/v7e-m/nofp/crtbegin.o
 .init_array    0x00000000000147cc        0x4 FEHProteus.o
 .init_array    0x00000000000147d0        0x4 Libraries/FEHBuzzer.o
 .init_array    0x00000000000147d4        0x4 Libraries/FEHLCD.o
 .init_array    0x00000000000147d8        0x4 Libraries/FEHAccel.o
 .init_array    0x00000000000147dc        0x4 Libraries/FEHBattery.o
 .init_array    0x00000000000147e0        0x4 Libraries/FEHRPS.o
 .init_array    0x00000000000147e4        0x4 Libraries/FEHSD.o
 .init_array    0x00000000000147e8        0x4 /usr/lib/gcc/arm-none-eabi/12.2.0/../../../../arm-none-eabi/lib/thumb/v7e-m/nofp/libstdc++.a(eh_alloc.o)
 .init_array    0x00000000000147ec        0x4 /usr/lib/gcc/arm-none-eabi/12.2.0/../../../../arm-none-eabi/lib/thumb/v7e-m/nofp/libstdc++.a(eh_globals.o)
                0x00000000000147f0                __init_array_end = .
 *(.fini)
 .fini          0x00000000000147f0        0x4 /usr/lib/gcc/arm-none-eabi/12.2.0/thumb/v7e-m/nofp/crti.o
                0x00000000000147f0                _fini
 .fini          0x00000000000147f4        0x8 /usr/lib/gcc/arm-none-eabi/12.2.0/thumb/v7e-m/nofp/crtn.o
                0x00000000000147fc                . = ALIGN (0x4)
 *crtbegin.o(.ctors)
 *(EXCLUDE_FILE(*crtend.o) .ctors)
 *(SORT_BY_NAME(.ctors.*))
 *crtend.o(.ctors)
                0x00000000000147fc                . = ALIGN (0x4)
 *crtbegin.o(.dtors)
 *(EXCLUDE_FILE(*crtend.o) .dtors)
 *(SORT_BY_NAME(.dtors.*))
 *crtend.o(.dtors)
                0x00000000000147fc                . = ALIGN (0x4)

.ARM.extab
 *(.ARM.extab* .gnu.linkonce.armextab.*)
                0x00000000000147fc                __exidx_start = .

.ARM.exidx      0x00000000000147fc        0x8
 *(.ARM.exidx* .gnu.linkonce.armexidx.*)
 .ARM.exidx.text.startup._GLOBAL__sub_I__ZN9__gnu_cxx9__freeresEv
                0x00000000000147fc        0x8 /usr/lib/gcc/arm-none-eabi/12.2.0/../../../../arm-none-eabi/lib/thumb/v7e-m/nofp/libstdc++.a(eh_alloc.o)
 .ARM.exidx.text._ZN12_GLOBAL__N_113constant_initD2Ev
                0x0000000000014804        0x0 /usr/lib/gcc/arm-none-eabi/12.2.0/../../../../arm-none-eabi/lib/thumb/v7e-m/nofp/libstdc++.a(eh_globals.o)
                                          0x8 (size before relaxing)
 .ARM.exidx.text.startup._GLOBAL__sub_I___cxa_get_globals_fast
                0x0000000000014804        0x0 /usr/lib/gcc/arm-none-eabi/12.2.0/../../../../arm-none-eabi/lib/thumb/v7e-m/nofp/libstdc++.a(eh_globals.o)
                                          0x8 (size before relaxing)
 .ARM.exidx.text.__aeabi_atexit
                0x0000000000014804        0x0 /usr/lib/gcc/arm-none-eabi/12.2.0/../../../../arm-none-eabi/lib/thumb/v7e-m/nofp/libstdc++.a(atexit_arm.o)
                                          0x8 (size before relaxing)
 .ARM.exidx     0x0000000000014804        0x0 /usr/lib/gcc/arm-none-eabi/12.2.0/../../../../arm-none-eabi/lib/thumb/v7e-m/nofp/libg.a(libc_a-memcpy.o)
                                          0x8 (size before relaxing)
 .ARM.exidx     0x0000000000014804        0x0 /usr/lib/gcc/arm-none-eabi/12.2.0/../../../../arm-none-eabi/lib/thumb/v7e-m/nofp/libg.a(libc_a-strlen.o)
                                          0x8 (size before relaxing)
                0x0000000000014804                __exidx_end = .
                0x0000000000014804                _etext = .

.rel.dyn        0x0000000000014804        0x0
 .rel.iplt      0x0000000000014804        0x0 /usr/lib/gcc/arm-none-eabi/12.2.0/thumb/v7e-m/nofp/crtbegin.o

.m_usb_data
 *(m_usb_bdt)

.data_RAM2      0x000000001fff0000        0x0 load address 0x0000000000014804
 FILL mask 0xff
                [!provide]                        PROVIDE (__start_data_RAM2 = .)
 *(.ramfunc.$RAM2)
 *(.ramfunc.$SRAM_LOWER)
 *(.EXTRA_RAM)
 *(.data.$RAM2)
 *(.data.$SRAM_LOWER)
 *(.data.$RAM2.*)
 *(.data.$SRAM_LOWER.*)
                0x000000001fff0000                . = ALIGN (0x4)
                [!provide]                        PROVIDE (__end_data_RAM2 = .)

.uninit_RESERVED
                0x0000000020000000        0x0
                0x0000000020000000                . = ALIGN (0x4)
 *(.bss.$RESERVED*)
                0x0000000020000000                . = ALIGN (0x4)
                0x0000000020000000                _end_uninit_RESERVED = .

.data           0x0000000020000000     0x125c load address 0x0000000000014804
 FILL mask 0xff
                0x0000000020000000                _data = .
 *(vtable)
 *(.ramfunc*)
 *(CodeQuickAccess)
 *(DataQuickAccess)
 *(RamFunction)
 *(.data*)
 .data.__dso_handle
                0x0000000020000000        0x4 /usr/lib/gcc/arm-none-eabi/12.2.0/thumb/v7e-m/nofp/crtbegin.o
                0x0000000020000000                __dso_handle
 .data._ZL4Stat
                0x0000000020000004        0x1 Drivers/SDHC.o
 *fill*         0x0000000020000005        0x3 ff
 .data.image    0x0000000020000008      0x74e Libraries/FEHLCD.o
                0x0000000020000008                image
 *fill*         0x0000000020000756        0x2 ff
 .data.logo     0x0000000020000758      0x3e6 Libraries/FEHLCD.o
                0x0000000020000758                logo
 *fill*         0x0000000020000b3e        0x2 ff
 .data._ZN6FEHLCD8fontDataE
                0x0000000020000b40      0x1e0 Libraries/FEHLCD.o
                0x0000000020000b40                FEHLCD::fontData
 .data.__malloc_sbrk_base
                0x0000000020000d20        0x4 /usr/lib/gcc/arm-none-eabi/12.2.0/../../../../arm-none-eabi/lib/thumb/v7e-m/nofp/libg.a(libc_a-mallocr.o)
                0x0000000020000d20                __malloc_sbrk_base
 .data.__malloc_trim_threshold
                0x0000000020000d24        0x4 /usr/lib/gcc/arm-none-eabi/12.2.0/../../../../arm-none-eabi/lib/thumb/v7e-m/nofp/libg.a(libc_a-mallocr.o)
                0x0000000020000d24                __malloc_trim_threshold
 .data.__malloc_av_
                0x0000000020000d28      0x408 /usr/lib/gcc/arm-none-eabi/12.2.0/../../../../arm-none-eabi/lib/thumb/v7e-m/nofp/libg.a(libc_a-mallocr.o)
                0x0000000020000d28                __malloc_av_
 .data._impure_ptr
                0x0000000020001130        0x4 /usr/lib/gcc/arm-none-eabi/12.2.0/../../../../arm-none-eabi/lib/thumb/v7e-m/nofp/libg.a(libc_a-impure.o)
                0x0000000020001130                _impure_ptr
 *fill*         0x0000000020001134        0x4 ff
 .data._impure_data
                0x0000000020001138      0x120 /usr/lib/gcc/arm-none-eabi/12.2.0/../../../../arm-none-eabi/lib/thumb/v7e-m/nofp/libg.a(libc_a-impure.o)
                0x0000000020001138                _impure_data
 .data.__atexit_recursive_mutex
                0x0000000020001258        0x4 /usr/lib/gcc/arm-none-eabi/12.2.0/../../../../arm-none-eabi/lib/thumb/v7e-m/nofp/libg.a(libc_a-__call_atexit.o)
                0x0000000020001258                __atexit_recursive_mutex
                0x000000002000125c                . = ALIGN (0x4)
                0x000000002000125c                _edata = .

.igot.plt       0x000000002000125c        0x0 load address 0x0000000000015a60
 .igot.plt      0x000000002000125c        0x0 /usr/lib/gcc/arm-none-eabi/12.2.0/thumb/v7e-m/nofp/crtbegin.o

.bss_RAM2       0x000000001fff0000        0x0
                0x000000001fff0000                . = ALIGN (0x4)
                [!provide]                        PROVIDE (__start_bss_RAM2 = .)
 *(.bss.$RAM2)
 *(.bss.$SRAM_LOWER)
 *(.bss.$RAM2.*)
 *(.bss.$SRAM_LOWER.*)
                0x000000001fff0000                . = ALIGN ((. != 0x0)?0x4:0x1)
                [!provide]                        PROVIDE (__end_bss_RAM2 = .)

.bss            0x000000002000125c      0x720
                0x000000002000125c                . = ALIGN (0x4)
                0x000000002000125c                _bss = .
 *(.bss*)
 .bss.object.0  0x000000002000125c       0x18 /usr/lib/gcc/arm-none-eabi/12.2.0/thumb/v7e-m/nofp/crtbegin.o
 .bss.MasterTransmission
                0x0000000020001274        0x1 Drivers/i2c.o
                0x0000000020001274                MasterTransmission
 .bss.SlaveID   0x0000000020001275        0x1 Drivers/i2c.o
                0x0000000020001275                SlaveID
 .bss.timeout   0x0000000020001276        0x1 Drivers/i2c.o
                0x0000000020001276                timeout
 *fill*         0x0000000020001277        0x1 
 .bss.SDHC_Card
                0x0000000020001278       0x14 Drivers/SDHC.o
                0x0000000020001278                SDHC_Card
 .bss.SDHC_Info
                0x000000002000128c      0x204 Drivers/SDHC.o
                0x000000002000128c                SDHC_Info
 .bss.SDHC_Device
                0x0000000020001490        0x8 Drivers/SDHC.o
                0x0000000020001490                SDHC_Device
 .bss.Propeller
                0x0000000020001498        0x1 FEHProteus.o
                0x0000000020001498                Propeller
 *fill*         0x0000000020001499        0x3 
 .bss.CoreClockKHz
                0x000000002000149c        0x4 FEHProteus.o
                0x000000002000149c                CoreClockKHz
 .bss.CoreClockMHz
                0x00000000200014a0        0x4 FEHProteus.o
                0x00000000200014a0                CoreClockMHz
 .bss.PeripheralClockKHz
                0x00000000200014a4        0x4 FEHProteus.o
                0x00000000200014a4                PeripheralClockKHz
 .bss._ZN14AnalogInputPin17Master_Adc_ConfigE
                0x00000000200014a8       0x10 Libraries/FEHIO.o
                0x00000000200014a8                AnalogInputPin::Master_Adc_Config
 .bss._ZN14AnalogInputPin18Encoder_Adc_ConfigE
                0x00000000200014b8       0x10 Libraries/FEHIO.o
                0x00000000200014b8                AnalogInputPin::Encoder_Adc_Config
 .bss.interrupt_counts
                0x00000000200014c8       0x80 Libraries/FEHIO.o
                0x00000000200014c8                interrupt_counts
 .bss._ZN13AnalogEncoder7pinListE
                0x0000000020001548        0x4 Libraries/FEHIO.o
                0x0000000020001548                AnalogEncoder::pinList
 .bss.__interrupt_counter
                0x000000002000154c        0x4 Libraries/FEHIO.o
                0x000000002000154c                __interrupt_counter
 .bss.Buzzer    0x0000000020001550        0x1 Libraries/FEHBuzzer.o
                0x0000000020001550                Buzzer
 *fill*         0x0000000020001551        0x3 
 .bss.LCD       0x0000000020001554       0x44 Libraries/FEHLCD.o
                0x0000000020001554                LCD
 .bss.initialized
                0x0000000020001598        0x1 Libraries/FEHLCD.o
                0x0000000020001598                initialized
 *fill*         0x0000000020001599        0x3 
 .bss.Accel     0x000000002000159c        0x1 Libraries/FEHAccel.o
                0x000000002000159c                Accel
 *fill*         0x000000002000159d        0x3 
 .bss.Battery   0x00000000200015a0        0x1 Libraries/FEHBattery.o
                0x00000000200015a0                Battery
 *fill*         0x00000000200015a1        0x3 
 .bss.XBeeDataProcess
                0x00000000200015a4        0x4 Drivers/FEHXBee.o
                0x00000000200015a4                XBeeDataProcess
 .bss._xbeebuffer
                0x00000000200015a8       0x10 Drivers/FEHXBee.o
                0x00000000200015a8                _xbeebuffer
 .bss._xbeebufferindex
                0x00000000200015b8        0x1 Drivers/FEHXBee.o
                0x00000000200015b8                _xbeebufferindex
 .bss._xbeestate
                0x00000000200015b9        0x1 Drivers/FEHXBee.o
                0x00000000200015b9                _xbeestate
 .bss._xbeebytereceived
                0x00000000200015ba        0x1 Drivers/FEHXBee.o
                0x00000000200015ba                _xbeebytereceived
 .bss._xbeebyte
                0x00000000200015bb        0x1 Drivers/FEHXBee.o
                0x00000000200015bb                _xbeebyte
 .bss.RPS       0x00000000200015bc        0x8 Libraries/FEHRPS.o
                0x00000000200015bc                RPS
 .bss._enabled  0x00000000200015c4        0x1 Libraries/FEHRPS.o
                0x00000000200015c4                _enabled
 *fill*         0x00000000200015c5        0x3 
 .bss._RPS_x    0x00000000200015c8        0x4 Libraries/FEHRPS.o
                0x00000000200015c8                _RPS_x
 .bss._RPS_y    0x00000000200015cc        0x4 Libraries/FEHRPS.o
                0x00000000200015cc                _RPS_y
 .bss._RPS_heading
                0x00000000200015d0        0x4 Libraries/FEHRPS.o
                0x00000000200015d0                _RPS_heading
 .bss._RPS_objective
                0x00000000200015d4        0x4 Libraries/FEHRPS.o
                0x00000000200015d4                _RPS_objective
 .bss._RPS_time
                0x00000000200015d8        0x1 Libraries/FEHRPS.o
                0x00000000200015d8                _RPS_time
 .bss._RPS_stop
                0x00000000200015d9        0x1 Libraries/FEHRPS.o
                0x00000000200015d9                _RPS_stop
 .bss._RPS_foundpacket
                0x00000000200015da        0x1 Libraries/FEHRPS.o
                0x00000000200015da                _RPS_foundpacket
 *fill*         0x00000000200015db        0x1 
 .bss.SD        0x00000000200015dc        0x8 Libraries/FEHSD.o
                0x00000000200015dc                SD
 .bss.f_res     0x00000000200015e4        0x1 Libraries/FEHSD.o
                0x00000000200015e4                f_res
 *fill*         0x00000000200015e5        0x3 
 .bss.filePtrs  0x00000000200015e8       0x64 Libraries/FEHSD.o
                0x00000000200015e8                filePtrs
 .bss.Random    0x000000002000164c        0x1 Libraries/FEHRandom.o
                0x000000002000164c                Random
 *fill*         0x000000002000164d        0x3 
 .bss._ZN12_GLOBAL__N_114emergency_poolE
                0x0000000020001650       0x10 /usr/lib/gcc/arm-none-eabi/12.2.0/../../../../arm-none-eabi/lib/thumb/v7e-m/nofp/libstdc++.a(eh_alloc.o)
 .bss._ZN12_GLOBAL__N_110eh_globalsE
                0x0000000020001660        0xc /usr/lib/gcc/arm-none-eabi/12.2.0/../../../../arm-none-eabi/lib/thumb/v7e-m/nofp/libstdc++.a(eh_globals.o)
 .bss.__malloc_current_mallinfo
                0x000000002000166c       0x28 /usr/lib/gcc/arm-none-eabi/12.2.0/../../../../arm-none-eabi/lib/thumb/v7e-m/nofp/libg.a(libc_a-mallocr.o)
                0x000000002000166c                __malloc_current_mallinfo
 .bss.__malloc_max_total_mem
                0x0000000020001694        0x4 /usr/lib/gcc/arm-none-eabi/12.2.0/../../../../arm-none-eabi/lib/thumb/v7e-m/nofp/libg.a(libc_a-mallocr.o)
                0x0000000020001694                __malloc_max_total_mem
 .bss.__malloc_max_sbrked_mem
                0x0000000020001698        0x4 /usr/lib/gcc/arm-none-eabi/12.2.0/../../../../arm-none-eabi/lib/thumb/v7e-m/nofp/libg.a(libc_a-mallocr.o)
                0x0000000020001698                __malloc_max_sbrked_mem
 .bss.__malloc_top_pad
                0x000000002000169c        0x4 /usr/lib/gcc/arm-none-eabi/12.2.0/../../../../arm-none-eabi/lib/thumb/v7e-m/nofp/libg.a(libc_a-mallocr.o)
                0x000000002000169c                __malloc_top_pad
 .bss.__sf      0x00000000200016a0      0x138 /usr/lib/gcc/arm-none-eabi/12.2.0/../../../../arm-none-eabi/lib/thumb/v7e-m/nofp/libg.a(libc_a-findfp.o)
                0x00000000200016a0                __sf
 .bss.errno     0x00000000200017d8        0x4 /usr/lib/gcc/arm-none-eabi/12.2.0/../../../../arm-none-eabi/lib/thumb/v7e-m/nofp/libg.a(libc_a-reent.o)
                0x00000000200017d8                errno
 .bss.__lock___malloc_recursive_mutex
                0x00000000200017dc        0x1 /usr/lib/gcc/arm-none-eabi/12.2.0/../../../../arm-none-eabi/lib/thumb/v7e-m/nofp/libg.a(libc_a-lock.o)
                0x00000000200017dc                __lock___malloc_recursive_mutex
 *fill*         0x00000000200017dd        0x3 
 .bss.__lock___atexit_recursive_mutex
                0x00000000200017e0        0x1 /usr/lib/gcc/arm-none-eabi/12.2.0/../../../../arm-none-eabi/lib/thumb/v7e-m/nofp/libg.a(libc_a-lock.o)
                0x00000000200017e0                __lock___atexit_recursive_mutex
 *fill*         0x00000000200017e1        0x3 
 .bss.__atexit0
                0x00000000200017e4      0x190 /usr/lib/gcc/arm-none-eabi/12.2.0/../../../../arm-none-eabi/lib/thumb/v7e-m/nofp/libg.a(libc_a-__atexit.o)
                0x00000000200017e4                __atexit0
 .bss.__atexit  0x0000000020001974        0x4 /usr/lib/gcc/arm-none-eabi/12.2.0/../../../../arm-none-eabi/lib/thumb/v7e-m/nofp/libg.a(libc_a-__call_atexit.o)
                0x0000000020001974                __atexit
 .bss.heap_end.0
                0x0000000020001978        0x4 /usr/lib/gcc/arm-none-eabi/12.2.0/../../../../arm-none-eabi/lib/thumb/v7e-m/nofp/libnosys.a(sbrk.o)
 *(COMMON)
                0x000000002000197c                . = ALIGN (0x4)
                0x000000002000197c                _ebss = .
                0x000000002000197c                PROVIDE (end = .)

.noinit_RAM2    0x000000001fff0000        0x0
                0x000000001fff0000                . = ALIGN (0x4)
 *(.noinit.$RAM2)
 *(.noinit.$SRAM_LOWER)
 *(.noinit.$RAM2.*)
 *(.noinit.$SRAM_LOWER.*)
                0x000000001fff0000                . = ALIGN (0x4)

.noinit         0x000000002000197c        0x0
                0x000000002000197c                . = ALIGN (0x4)
                0x000000002000197c                _noinit = .
 *(.noinit*)
                0x000000002000197c                . = ALIGN (0x4)
                0x000000002000197c                _end_noinit = .
                0x0000000000001000                _HeapSize = 0x1000

.heap           0x000000001fff0000     0x1000
                0x000000001fff0000                _pvHeapStart = .
                0x000000001fff1000                . = (. + _HeapSize)
 *fill*         0x000000001fff0000     0x1000 
                0x000000001fff1000                . = ALIGN (0x4)
                0x000000001fff1000                _pvHeapLimit = .
                0x0000000000001000                _StackSize = 0x1000

.heap2stackfill
                0x000000001fff1000     0x1000
                0x000000001fff2000                . = (. + _StackSize)
 *fill*         0x000000001fff1000     0x1000 

.stack          0x000000001ffff000        0x0
                0x000000001ffff000                _vStackBase = .
                0x000000001ffff000                . = ALIGN (0x4)
                0x0000000020000000                _vStackTop = (. + _StackSize)
                0x000000000000c000                _image_start = LOADADDR (.text)
                0x0000000000015a60                _image_end = (LOADADDR (.data) + SIZEOF (.data))
                0x0000000000009a60                _image_size = (_image_end - _image_start)
OUTPUT(../Proteus.elf elf32-littlearm)
LOAD linker stubs

.ARM.attributes
                0x0000000000000000       0x2a
 .ARM.attributes
                0x0000000000000000       0x1e /usr/lib/gcc/arm-none-eabi/12.2.0/thumb/v7e-m/nofp/crti.o
 .ARM.attributes
                0x000000000000001e       0x2e /usr/lib/gcc/arm-none-eabi/12.2.0/thumb/v7e-m/nofp/crtbegin.o
 .ARM.attributes
                0x000000000000004c       0x2e ../main.o
 .ARM.attributes
                0x000000000000007a       0x2e Startup/startup_mk60d10.o
 .ARM.attributes
                0x00000000000000a8       0x2e Libraries/FEHMotor.o
 .ARM.attributes
                0x00000000000000d6       0x2e Drivers/i2c.o
 .ARM.attributes
                0x0000000000000104       0x2e Drivers/spi.o
 .ARM.attributes
                0x0000000000000132       0x2e Drivers/uart.o
 .ARM.attributes
                0x0000000000000160       0x2e Drivers/ff.o
 .ARM.attributes
                0x000000000000018e       0x2e Drivers/SDHC.o
 .ARM.attributes
                0x00000000000001bc       0x2e Drivers/lptmr.o
 .ARM.attributes
                0x00000000000001ea       0x2e FEHProteus.o
 .ARM.attributes
                0x0000000000000218       0x2e Drivers/FEHPropeller.o
 .ARM.attributes
                0x0000000000000246       0x2e Libraries/FEHUtility.o
 .ARM.attributes
                0x0000000000000274       0x2e Libraries/FEHIO.o
 .ARM.attributes
                0x00000000000002a2       0x2e Drivers/adc16.o
 .ARM.attributes
                0x00000000000002d0       0x2e Libraries/FEHBuzzer.o
 .ARM.attributes
                0x00000000000002fe       0x2e Libraries/FEHLCD.o
 .ARM.attributes
                0x000000000000032c       0x2e Libraries/FEHAccel.o
 .ARM.attributes
                0x000000000000035a       0x2e Libraries/FEHBattery.o
 .ARM.attributes
                0x0000000000000388       0x2e Drivers/FEHXBee.o
 .ARM.attributes
                0x00000000000003b6       0x2e Libraries/FEHRPS.o
 .ARM.attributes
                0x00000000000003e4       0x2e Libraries/FEHSD.o
 .ARM.attributes
                0x0000000000000412       0x2e Libraries/FEHRandom.o
 .ARM.attributes
                0x0000000000000440       0x2e /usr/lib/gcc/arm-none-eabi/12.2.0/../../../../arm-none-eabi/lib/thumb/v7e-m/nofp/libstdc++.a(eh_alloc.o)
 .ARM.attributes
                0x000000000000046e       0x2e /usr/lib/gcc/arm-none-eabi/12.2.0/../../../../arm-none-eabi/lib/thumb/v7e-m/nofp/libstdc++.a(eh_globals.o)
 .ARM.attributes
                0x000000000000049c       0x2e /usr/lib/gcc/arm-none-eabi/12.2.0/../../../../arm-none-eabi/lib/thumb/v7e-m/nofp/libstdc++.a(atexit_arm.o)
 .ARM.attributes
                0x00000000000004ca       0x1e /usr/lib/gcc/arm-none-eabi/12.2.0/thumb/v7e-m/nofp/libgcc.a(_arm_addsubdf3.o)
 .ARM.attributes
                0x00000000000004e8       0x1e /usr/lib/gcc/arm-none-eabi/12.2.0/thumb/v7e-m/nofp/libgcc.a(_arm_muldivdf3.o)
 .ARM.attributes
                0x0000000000000506       0x1e /usr/lib/gcc/arm-none-eabi/12.2.0/thumb/v7e-m/nofp/libgcc.a(_arm_fixdfsi.o)
 .ARM.attributes
                0x0000000000000524       0x1e /usr/lib/gcc/arm-none-eabi/12.2.0/thumb/v7e-m/nofp/libgcc.a(_arm_fixunsdfsi.o)
 .ARM.attributes
                0x0000000000000542       0x1e /usr/lib/gcc/arm-none-eabi/12.2.0/thumb/v7e-m/nofp/libgcc.a(_arm_truncdfsf2.o)
 .ARM.attributes
                0x0000000000000560       0x1e /usr/lib/gcc/arm-none-eabi/12.2.0/thumb/v7e-m/nofp/libgcc.a(_arm_addsubsf3.o)
 .ARM.attributes
                0x000000000000057e       0x1e /usr/lib/gcc/arm-none-eabi/12.2.0/thumb/v7e-m/nofp/libgcc.a(_arm_muldivsf3.o)
 .ARM.attributes
                0x000000000000059c       0x1e /usr/lib/gcc/arm-none-eabi/12.2.0/thumb/v7e-m/nofp/libgcc.a(_arm_cmpsf2.o)
 .ARM.attributes
                0x00000000000005ba       0x1e /usr/lib/gcc/arm-none-eabi/12.2.0/thumb/v7e-m/nofp/libgcc.a(_arm_fixsfsi.o)
 .ARM.attributes
                0x00000000000005d8       0x2e /usr/lib/gcc/arm-none-eabi/12.2.0/../../../../arm-none-eabi/lib/thumb/v7e-m/nofp/libg.a(libc_a-atexit.o)
 .ARM.attributes
                0x0000000000000606       0x2e /usr/lib/gcc/arm-none-eabi/12.2.0/../../../../arm-none-eabi/lib/thumb/v7e-m/nofp/libg.a(libc_a-malloc.o)
 .ARM.attributes
                0x0000000000000634       0x2e /usr/lib/gcc/arm-none-eabi/12.2.0/../../../../arm-none-eabi/lib/thumb/v7e-m/nofp/libg.a(libc_a-mallocr.o)
 .ARM.attributes
                0x0000000000000662       0x2e /usr/lib/gcc/arm-none-eabi/12.2.0/../../../../arm-none-eabi/lib/thumb/v7e-m/nofp/libg.a(libc_a-mlock.o)
 .ARM.attributes
                0x0000000000000690       0x2e /usr/lib/gcc/arm-none-eabi/12.2.0/../../../../arm-none-eabi/lib/thumb/v7e-m/nofp/libg.a(libc_a-cxa_atexit.o)
 .ARM.attributes
                0x00000000000006be       0x2e /usr/lib/gcc/arm-none-eabi/12.2.0/../../../../arm-none-eabi/lib/thumb/v7e-m/nofp/libg.a(libc_a-findfp.o)
 .ARM.attributes
                0x00000000000006ec       0x2e /usr/lib/gcc/arm-none-eabi/12.2.0/../../../../arm-none-eabi/lib/thumb/v7e-m/nofp/libg.a(libc_a-reent.o)
 .ARM.attributes
                0x000000000000071a       0x2e /usr/lib/gcc/arm-none-eabi/12.2.0/../../../../arm-none-eabi/lib/thumb/v7e-m/nofp/libg.a(libc_a-impure.o)
 .ARM.attributes
                0x0000000000000748       0x2e /usr/lib/gcc/arm-none-eabi/12.2.0/../../../../arm-none-eabi/lib/thumb/v7e-m/nofp/libg.a(libc_a-sbrkr.o)
 .ARM.attributes
                0x0000000000000776       0x2e /usr/lib/gcc/arm-none-eabi/12.2.0/../../../../arm-none-eabi/lib/thumb/v7e-m/nofp/libg.a(libc_a-errno.o)
 .ARM.attributes
                0x00000000000007a4       0x2e /usr/lib/gcc/arm-none-eabi/12.2.0/../../../../arm-none-eabi/lib/thumb/v7e-m/nofp/libg.a(libc_a-init.o)
 .ARM.attributes
                0x00000000000007d2       0x2e /usr/lib/gcc/arm-none-eabi/12.2.0/../../../../arm-none-eabi/lib/thumb/v7e-m/nofp/libg.a(libc_a-fini.o)
 .ARM.attributes
                0x0000000000000800       0x2e /usr/lib/gcc/arm-none-eabi/12.2.0/../../../../arm-none-eabi/lib/thumb/v7e-m/nofp/libg.a(libc_a-lock.o)
 .ARM.attributes
                0x000000000000082e       0x2e /usr/lib/gcc/arm-none-eabi/12.2.0/../../../../arm-none-eabi/lib/thumb/v7e-m/nofp/libg.a(libc_a-sysconf.o)
 .ARM.attributes
                0x000000000000085c       0x2e /usr/lib/gcc/arm-none-eabi/12.2.0/../../../../arm-none-eabi/lib/thumb/v7e-m/nofp/libg.a(libc_a-strcpy.o)
 .ARM.attributes
                0x000000000000088a       0x1c /usr/lib/gcc/arm-none-eabi/12.2.0/../../../../arm-none-eabi/lib/thumb/v7e-m/nofp/libg.a(libc_a-memcpy.o)
 .ARM.attributes
                0x00000000000008a6       0x1c /usr/lib/gcc/arm-none-eabi/12.2.0/../../../../arm-none-eabi/lib/thumb/v7e-m/nofp/libg.a(libc_a-strlen.o)
 .ARM.attributes
                0x00000000000008c2       0x2e /usr/lib/gcc/arm-none-eabi/12.2.0/../../../../arm-none-eabi/lib/thumb/v7e-m/nofp/libg.a(libc_a-__atexit.o)
 .ARM.attributes
                0x00000000000008f0       0x2e /usr/lib/gcc/arm-none-eabi/12.2.0/../../../../arm-none-eabi/lib/thumb/v7e-m/nofp/libg.a(libc_a-__call_atexit.o)
 .ARM.attributes
                0x000000000000091e       0x2e /usr/lib/gcc/arm-none-eabi/12.2.0/../../../../arm-none-eabi/lib/thumb/v7e-m/nofp/libg.a(libc_a-freer.o)
 .ARM.attributes
                0x000000000000094c       0x2e /usr/lib/gcc/arm-none-eabi/12.2.0/../../../../arm-none-eabi/lib/thumb/v7e-m/nofp/libnosys.a(sbrk.o)
 .ARM.attributes
                0x000000000000097a       0x1e /usr/lib/gcc/arm-none-eabi/12.2.0/thumb/v7e-m/nofp/crtn.o

.comment        0x0000000000000000       0x1e
 .comment       0x0000000000000000       0x1e ../main.o
                                         0x1f (size before relaxing)
 .comment       0x000000000000001e       0x1f Startup/startup_mk60d10.o
 .comment       0x000000000000001e       0x1f Libraries/FEHMotor.o
 .comment       0x000000000000001e       0x1f Drivers/i2c.o
 .comment       0x000000000000001e       0x1f Drivers/spi.o
 .comment       0x000000000000001e       0x1f Drivers/uart.o
 .comment       0x000000000000001e       0x1f Drivers/ff.o
 .comment       0x000000000000001e       0x1f Drivers/SDHC.o
 .comment       0x000000000000001e       0x1f Drivers/lptmr.o
 .comment       0x000000000000001e       0x1f FEHProteus.o
 .comment       0x000000000000001e       0x1f Drivers/FEHPropeller.o
 .comment       0x000000000000001e       0x1f Libraries/FEHUtility.o
 .comment       0x000000000000001e       0x1f Libraries/FEHIO.o
 .comment       0x000000000000001e       0x1f Drivers/adc16.o
 .comment       0x000000000000001e       0x1f Libraries/FEHBuzzer.o
 .comment       0x000000000000001e       0x1f Libraries/FEHLCD.o
 .comment       0x000000000000001e       0x1f Libraries/FEHAccel.o
 .comment       0x000000000000001e       0x1f Libraries/FEHBattery.o
 .comment       0x000000000000001e       0x1f Drivers/FEHXBee.o
 .comment       0x000000000000001e       0x1f Libraries/FEHRPS.o
 .comment       0x000000000000001e       0x1f Libraries/FEHSD.o
 .comment       0x000000000000001e       0x1f Libraries/FEHRandom.o
 .comment       0x000000000000001e       0x1f /usr/lib/gcc/arm-none-eabi/12.2.0/../../../../arm-none-eabi/lib/thumb/v7e-m/nofp/libstdc++.a(eh_alloc.o)
 .comment       0x000000000000001e       0x1f /usr/lib/gcc/arm-none-eabi/12.2.0/../../../../arm-none-eabi/lib/thumb/v7e-m/nofp/libstdc++.a(eh_globals.o)