Archive member included to satisfy reference by file (symbol)

/usr/lib/gcc/arm-none-eabi/12.2.0/../../../../arm-none-eabi/lib/thumb/v7e-m/nofp/libstdc++.a(del_ops.o)
                              Libraries/FEHIO.o (operator delete(void*, unsigned int))
/usr/lib/gcc/arm-none-eabi/12.2.0/../../../../arm-none-eabi/lib/thumb/v7e-m/nofp/libstdc++.a(new_op.o)
                              Libraries/FEHIO.o (operator new(unsigned int))
/usr/lib/gcc/arm-none-eabi/12.2.0/../../../../arm-none-eabi/lib/thumb/v7e-m/nofp/libstdc++.a(bad_alloc.o)
                              /usr/lib/gcc/arm-none-eabi/12.2.0/../../../../arm-none-eabi/lib/thumb/v7e-m/nofp/libstdc++.a(new_op.o) (vtable for std::bad_alloc)
/usr/lib/gcc/arm-none-eabi/12.2.0/../../../../arm-none-eabi/lib/thumb/v7e-m/nofp/libstdc++.a(del_op.o)
                              /usr/lib/gcc/arm-none-eabi/12.2.0/../../../../arm-none-eabi/lib/thumb/v7e-m/nofp/libstdc++.a(del_ops.o) (operator delete(void*))
/usr/lib/gcc/arm-none-eabi/12.2.0/../../../../arm-none-eabi/lib/thumb/v7e-m/nofp/libstdc++.a(eh_alloc.o)
                              /usr/lib/gcc/arm-none-eabi/12.2.0/../../../../arm-none-eabi/lib/thumb/v7e-m/nofp/libstdc++.a(new_op.o) (__cxa_allocate_exception)
/usr/lib/gcc/arm-none-eabi/12.2.0/../../../../arm-none-eabi/lib/thumb/v7e-m/nofp/libstdc++.a(eh_exception.o)
                              /usr/lib/gcc/arm-none-eabi/12.2.0/../../../../arm-none-eabi/lib/thumb/v7e-m/nofp/libstdc++.a(bad_alloc.o) (std::exception::~exception())
/usr/lib/gcc/arm-none-eabi/12.2.0/../../../../arm-none-eabi/lib/thumb/v7e-m/nofp/libstdc++.a(eh_terminate.o)
                              /usr/lib/gcc/arm-none-eabi/12.2.0/../../../../arm-none-eabi/lib/thumb/v7e-m/nofp/libstdc++.a(eh_alloc.o) (std::terminate())
/usr/lib/gcc/arm-none-eabi/12.2.0/../../../../arm-none-eabi/lib/thumb/v7e-m/nofp/libstdc++.a(eh_throw.o)
                              /usr/lib/gcc/arm-none-eabi/12.2.0/../../../../arm-none-eabi/lib/thumb/v7e-m/nofp/libstdc++.a(new_op.o) (__cxa_throw)
/usr/lib/gcc/arm-none-eabi/12.2.0/../../../../arm-none-eabi/lib/thumb/v7e-m/nofp/libstdc++.a(eh_unex_handler.o)
                              /usr/lib/gcc/arm-none-eabi/12.2.0/../../../../arm-none-eabi/lib/thumb/v7e-m/nofp/libstdc++.a(eh_terminate.o) (__cxxabiv1::__unexpected_handler)
/usr/lib/gcc/arm-none-eabi/12.2.0/../../../../arm-none-eabi/lib/thumb/v7e-m/nofp/libstdc++.a(new_handler.o)
                              /usr/lib/gcc/arm-none-eabi/12.2.0/../../../../arm-none-eabi/lib/thumb/v7e-m/nofp/libstdc++.a(new_op.o) (std::get_new_handler())
/usr/lib/gcc/arm-none-eabi/12.2.0/../../../../arm-none-eabi/lib/thumb/v7e-m/nofp/libstdc++.a(si_class_type_info.o)
                              /usr/lib/gcc/arm-none-eabi/12.2.0/../../../../arm-none-eabi/lib/thumb/v7e-m/nofp/libstdc++.a(bad_alloc.o) (vtable for __cxxabiv1::__si_class_type_info)
/usr/lib/gcc/arm-none-eabi/12.2.0/../../../../arm-none-eabi/lib/thumb/v7e-m/nofp/libstdc++.a(tinfo.o)
                              /usr/lib/gcc/arm-none-eabi/12.2.0/../../../../arm-none-eabi/lib/thumb/v7e-m/nofp/libstdc++.a(si_class_type_info.o) (std::type_info::__is_pointer_p() const)
/usr/lib/gcc/arm-none-eabi/12.2.0/../../../../arm-none-eabi/lib/thumb/v7e-m/nofp/libstdc++.a(vterminate.o)
                              /usr/lib/gcc/arm-none-eabi/12.2.0/../../../../arm-none-eabi/lib/thumb/v7e-m/nofp/libstdc++.a(eh_terminate.o) (__gnu_cxx::__verbose_terminate_handler())
/usr/lib/gcc/arm-none-eabi/12.2.0/../../../../arm-none-eabi/lib/thumb/v7e-m/nofp/libstdc++.a(class_type_info.o)
                              /usr/lib/gcc/arm-none-eabi/12.2.0/../../../../arm-none-eabi/lib/thumb/v7e-m/nofp/libstdc++.a(si_class_type_info.o) (__cxxabiv1::__class_type_info::__do_upcast(__cxxabiv1::__class_type_info const*, void**) const)
/usr/lib/gcc/arm-none-eabi/12.2.0/../../../../arm-none-eabi/lib/thumb/v7e-m/nofp/libstdc++.a(cp-demangle.o)
                              /usr/lib/gcc/arm-none-eabi/12.2.0/../../../../arm-none-eabi/lib/thumb/v7e-m/nofp/libstdc++.a(vterminate.o) (__cxa_demangle)
/usr/lib/gcc/arm-none-eabi/12.2.0/../../../../arm-none-eabi/lib/thumb/v7e-m/nofp/libstdc++.a(eh_arm.o)
                              /usr/lib/gcc/arm-none-eabi/12.2.0/../../../../arm-none-eabi/lib/thumb/v7e-m/nofp/libstdc++.a(vterminate.o) (__cxa_end_cleanup)
/usr/lib/gcc/arm-none-eabi/12.2.0/../../../../arm-none-eabi/lib/thumb/v7e-m/nofp/libstdc++.a(eh_catch.o)
                              /usr/lib/gcc/arm-none-eabi/12.2.0/../../../../arm-none-eabi/lib/thumb/v7e-m/nofp/libstdc++.a(eh_terminate.o) (__cxa_begin_catch)
/usr/lib/gcc/arm-none-eabi/12.2.0/../../../../arm-none-eabi/lib/thumb/v7e-m/nofp/libstdc++.a(eh_globals.o)
                              /usr/lib/gcc/arm-none-eabi/12.2.0/../../../../arm-none-eabi/lib/thumb/v7e-m/nofp/libstdc++.a(eh_catch.o) (__cxa_get_globals_fast)
/usr/lib/gcc/arm-none-eabi/12.2.0/../../../../arm-none-eabi/lib/thumb/v7e-m/nofp/libstdc++.a(eh_personality.o)
[...]
Memory Configuration

Name             Origin             Length             Attributes
PROGRAM_FLASH    0x000000000000c000 0x0000000000073c00 xr
SRAM_UPPER       0x0000000020000000 0x0000000000010000 xrw
SRAM_LOWER       0x000000001fff0000 0x0000000000010000 xrw
*default*        0x0000000000000000 0xffffffffffffffff

Linker script and memory map

LOAD /usr/lib/gcc/arm-none-eabi/12.2.0/thumb/v7e-m/nofp/crti.o
LOAD /usr/lib/gcc/arm-none-eabi/12.2.0/thumb/v7e-m/nofp/crtbegin.o
LOAD /usr/lib/gcc/arm-none-eabi/12.2.0/../../../../arm-none-eabi/lib/thumb/v7e-m/nofp/crt0.o
LOAD ../main.o
LOAD Startup/startup_mk60d10.o
LOAD Libraries/FEHMotor.o
LOAD Drivers/mcg.o
LOAD Drivers/i2c.o
LOAD Drivers/spi.o
LOAD Drivers/uart.o
LOAD Drivers/ff.o
LOAD Drivers/SDHC.o
LOAD Drivers/lptmr.o
LOAD FEHProteus.o
LOAD Drivers/FEHPropeller.o
LOAD Libraries/FEHUtility.o
LOAD Libraries/FEHIO.o
LOAD Drivers/adc16.o
LOAD Libraries/FEHBuzzer.o
LOAD Libraries/FEHServo.o
LOAD Libraries/FEHLCD.o
LOAD Libraries/FEHAccel.o
LOAD Libraries/FEHBattery.o
LOAD Drivers/FEHXBee.o
LOAD Libraries/FEHRPS.o
LOAD Libraries/FEHSD.o
LOAD Libraries/FEHRandom.o
LOAD /usr/lib/gcc/arm-none-eabi/12.2.0/../../../../arm-none-eabi/lib/thumb/v7e-m/nofp/libstdc++.a
LOAD /usr/lib/gcc/arm-none-eabi/12.2.0/../../../../arm-none-eabi/lib/thumb/v7e-m/nofp/libm.a
START GROUP
LOAD /usr/lib/gcc/arm-none-eabi/12.2.0/thumb/v7e-m/nofp/libgcc.a
LOAD /usr/lib/gcc/arm-none-eabi/12.2.0/../../../../arm-none-eabi/lib/thumb/v7e-m/nofp/libg.a
LOAD /usr/lib/gcc/arm-none-eabi/12.2.0/../../../../arm-none-eabi/lib/thumb/v7e-m/nofp/libc.a
END GROUP
START GROUP
LOAD /usr/lib/gcc/arm-none-eabi/12.2.0/thumb/v7e-m/nofp/libgcc.a
LOAD /usr/lib/gcc/arm-none-eabi/12.2.0/../../../../arm-none-eabi/lib/thumb/v7e-m/nofp/libc.a
LOAD /usr/lib/gcc/arm-none-eabi/12.2.0/../../../../arm-none-eabi/lib/thumb/v7e-m/nofp/libnosys.a
END GROUP
LOAD /usr/lib/gcc/arm-none-eabi/12.2.0/thumb/v7e-m/nofp/crtend.o
LOAD /usr/lib/gcc/arm-none-eabi/12.2.0/thumb/v7e-m/nofp/crtn.o
                0x000000000000c000                __base_PROGRAM_FLASH = 0xc000
                0x000000000000c000                __base_Flash = 0xc000
                0x000000000007fc00                __top_PROGRAM_FLASH = 0x7fc00
                0x000000000007fc00                __top_Flash = 0x7fc00
                0x0000000020000000                __base_SRAM_UPPER = 0x20000000
                0x0000000020000000                __base_RAM = 0x20000000
                0x0000000020010000                __top_SRAM_UPPER = 0x20010000
                0x0000000020010000                __top_RAM = 0x20010000
                0x000000001fff0000                __base_SRAM_LOWER = 0x1fff0000
                0x000000001fff0000                __base_RAM2 = 0x1fff0000
                0x0000000020000000                __top_SRAM_LOWER = 0x20000000
                0x0000000020000000                __top_RAM2 = 0x20000000

.text           0x000000000000c000      0x410
 FILL mask 0xff
                0x000000000000c000                __vectors_start__ = ABSOLUTE (.)
 *(.isr_vector)
 .isr_vector    0x000000000000c000      0x1bc Startup/startup_mk60d10.o
                0x000000000000c000                __Vectors
                0x000000000000c000                g_pfnVectors
                0x000000000000c1bc                . = ALIGN (0x4)
                0x000000000000c1bc                __section_table_start = .
                0x000000000000c1bc                __data_section_table = .
                0x000000000000c1bc        0x4 LONG 0x1c308 LOADADDR (.data)
                0x000000000000c1c0        0x4 LONG 0x20000000 ADDR (.data)
                0x000000000000c1c4        0x4 LONG 0x13d0 SIZEOF (.data)
                0x000000000000c1c8        0x4 LONG 0x1c308 LOADADDR (.data_RAM2)
                0x000000000000c1cc        0x4 LONG 0x1fff0000 ADDR (.data_RAM2)
                0x000000000000c1d0        0x4 LONG 0x0 SIZEOF (.data_RAM2)
                0x000000000000c1d4                __data_section_table_end = .
                0x000000000000c1d4                __bss_section_table = .
                0x000000000000c1d4        0x4 LONG 0x200013d0 ADDR (.bss)
                0x000000000000c1d8        0x4 LONG 0x728 SIZEOF (.bss)
                0x000000000000c1dc        0x4 LONG 0x1fff0000 ADDR (.bss_RAM2)
                0x000000000000c1e0        0x4 LONG 0x0 SIZEOF (.bss_RAM2)
                0x000000000000c1e4                __bss_section_table_end = .
                0x000000000000c1e4                __section_table_end = .
 *(.after_vectors*)
 .after_vectors.init_data
                0x000000000000c1e4       0x44 Startup/startup_mk60d10.o
                0x000000000000c1e4                data_init(unsigned int, unsigned int, unsigned int)
 .after_vectors.init_bss
                0x000000000000c228       0x38 Startup/startup_mk60d10.o
                0x000000000000c228                bss_init(unsigned int, unsigned int)
 .after_vectors.reset
                0x000000000000c260       0xb4 Startup/startup_mk60d10.o
                0x000000000000c260                ResetISR
 .after_vectors
                0x000000000000c314       0x3c Startup/startup_mk60d10.o
                0x000000000000c314                NMI_Handler
                0x000000000000c31a                HardFault_Handler
                0x000000000000c320                MemManage_Handler
                0x000000000000c326                BusFault_Handler
                0x000000000000c32c                UsageFault_Handler
                0x000000000000c332                SVC_Handler
                0x000000000000c338                DebugMon_Handler
                0x000000000000c33e                PendSV_Handler
                0x000000000000c344                SysTick_Handler
                0x000000000000c34a                Reserved102_DriverIRQHandler
                0x000000000000c34a                DMA0_DriverIRQHandler
                0x000000000000c34a                DMA12_DriverIRQHandler
                0x000000000000c34a                SPI1_DriverIRQHandler
                0x000000000000c34a                LPTMR0_DriverIRQHandler
                0x000000000000c34a                DMA_Error_DriverIRQHandler
                0x000000000000c34a                FTM1_DriverIRQHandler
                0x000000000000c34a                FTM2_DriverIRQHandler
                0x000000000000c34a                PIT2_DriverIRQHandler
                0x000000000000c34a                SDHC_DriverIRQHandler
                0x000000000000c34a                I2S0_Tx_DriverIRQHandler
                0x000000000000c34a                TSI0_DriverIRQHandler
                0x000000000000c34a                RTC_Seconds_DriverIRQHandler
                0x000000000000c34a                Reserved109_DriverIRQHandler
                0x000000000000c34a                DMA6_DriverIRQHandler
                0x000000000000c34a                LLWU_DriverIRQHandler
                0x000000000000c34a                MCM_DriverIRQHandler
                0x000000000000c34a                MCG_DriverIRQHandler
                0x000000000000c34a                ENET_1588_Timer_DriverIRQHandler
                0x000000000000c34a                DAC1_DriverIRQHandler
                0x000000000000c34a                CMP1_DriverIRQHandler
                0x000000000000c34a                UART5_RX_TX_DriverIRQHandler
                0x000000000000c34a                FTM0_DriverIRQHandler
                0x000000000000c34a                IntDefaultHandler
                0x000000000000c34a                USB0_DriverIRQHandler
                0x000000000000c34a                UART5_ERR_DriverIRQHandler
                0x000000000000c34a                DMA11_DriverIRQHandler
                0x000000000000c34a                DAC0_DriverIRQHandler
                0x000000000000c34a                DMA10_DriverIRQHandler
                0x000000000000c34a                CMP2_DriverIRQHandler
                0x000000000000c34a                UART2_ERR_DriverIRQHandler
                0x000000000000c34a                SPI2_DriverIRQHandler
                0x000000000000c34a                LVD_LVW_DriverIRQHandler
                0x000000000000c34a                RNG_DriverIRQHandler
                0x000000000000c34a                DMA5_DriverIRQHandler
                0x000000000000c34a                DMA4_DriverIRQHandler
                0x000000000000c34a                UART2_RX_TX_DriverIRQHandler
                0x000000000000c34a                USBDCD_DriverIRQHandler
                0x000000000000c34a                UART3_ERR_DriverIRQHandler
                0x000000000000c34a                DMA3_DriverIRQHandler
                0x000000000000c34a                DMA8_DriverIRQHandler
                0x000000000000c34a                DMA9_DriverIRQHandler
                0x000000000000c34a                UART0_ERR_DriverIRQHandler
                0x000000000000c34a                CMT_DriverIRQHandler
                0x000000000000c34a                ADC1_DriverIRQHandler
                0x000000000000c34a                DMA14_DriverIRQHandler
                0x000000000000c34a                PIT3_DriverIRQHandler
                0x000000000000c34a                PIT1_DriverIRQHandler
                0x000000000000c34a                WDOG_EWM_DriverIRQHandler
                0x000000000000c34a                PDB0_DriverIRQHandler
                0x000000000000c34a                Reserved95_DriverIRQHandler
                0x000000000000c34a                RTC_DriverIRQHandler
                0x000000000000c34a                I2S0_Rx_DriverIRQHandler
                0x000000000000c34a                Read_Collision_DriverIRQHandler
                0x000000000000c34a                SWI_DriverIRQHandler
                0x000000000000c34a                UART4_RX_TX_DriverIRQHandler
                0x000000000000c34a                UART4_ERR_DriverIRQHandler
                0x000000000000c34a                UART0_LON_DriverIRQHandler
                0x000000000000c34a                DMA1_DriverIRQHandler
                0x000000000000c34a                I2C1_DriverIRQHandler
                0x000000000000c34a                UART3_RX_TX_DriverIRQHandler
                0x000000000000c34a                ENET_Receive_DriverIRQHandler
                0x000000000000c34a                DMA13_DriverIRQHandler
                0x000000000000c34a                ENET_Error_DriverIRQHandler
                0x000000000000c34a                DMA15_DriverIRQHandler
                0x000000000000c34a                SPI0_DriverIRQHandler
                0x000000000000c34a                ADC0_DriverIRQHandler
                0x000000000000c34a                FTFL_DriverIRQHandler
                0x000000000000c34a                CMP0_DriverIRQHandler
                0x000000000000c34a                CAN0_DriverIRQHandler
                0x000000000000c34a                Reserved59_DriverIRQHandler
                0x000000000000c34a                UART1_ERR_DriverIRQHandler
                0x000000000000c34a                DMA2_DriverIRQHandler
                0x000000000000c34a                ENET_Transmit_DriverIRQHandler
                0x000000000000c34a                I2C0_DriverIRQHandler
                0x000000000000c34a                CAN1_DriverIRQHandler
                0x000000000000c34a                DMA7_DriverIRQHandler
                0x000000000000c34a                UART1_RX_TX_DriverIRQHandler
                0x000000000000c34a                Reserved108_DriverIRQHandler
                0x0000000000000400                . = 0x400
 *fill*         0x000000000000c350       0xb0 ff
                0x000000000000c400                PROVIDE (__FLASH_CONFIG_START__ = .)
 *(.FlashConfig)
 .FlashConfig   0x000000000000c400       0x10 Startup/startup_mk60d10.o
                0x000000000000c410                PROVIDE (__FLASH_CONFIG_END__ = .)
                0x0000000000000001                ASSERT (! ((__FLASH_CONFIG_START__ == __FLASH_CONFIG_END__)), Linker Flash Config Support Enabled, but no .FlashConfig section provided within application)

.eh_frame       0x000000000000c410        0x0
 .eh_frame      0x000000000000c410        0x0 /usr/lib/gcc/arm-none-eabi/12.2.0/thumb/v7e-m/nofp/crtbegin.o

.glue_7         0x000000000000c410        0x0
 .glue_7        0x000000000000c410        0x0 linker stubs

.glue_7t        0x000000000000c410        0x0
 .glue_7t       0x000000000000c410        0x0 linker stubs

.vfp11_veneer   0x000000000000c410        0x0
 .vfp11_veneer  0x000000000000c410        0x0 linker stubs

.v4_bx          0x000000000000c410        0x0
 .v4_bx         0x000000000000c410        0x0 linker stubs

.iplt           0x000000000000c410        0x0
 .iplt          0x000000000000c410        0x0 /usr/lib/gcc/arm-none-eabi/12.2.0/thumb/v7e-m/nofp/crtbegin.o

.text           0x000000000000c440     0xfec0
 *(.text*)
 .text.frame_dummy
                0x000000000000c440       0x1c /usr/lib/gcc/arm-none-eabi/12.2.0/thumb/v7e-m/nofp/crtbegin.o
 .text._ZSt3absd
                0x000000000000c45c       0x1e ../main.o
                0x000000000000c45c                std::abs(double)
 *fill*         0x000000000000c47a        0x2 
 .text._ZN10DriveTrainC2Ev
                0x000000000000c47c      0x100 ../main.o
                0x000000000000c47c                DriveTrain::DriveTrain()
                0x000000000000c47c                DriveTrain::DriveTrain()
 .text._ZN10DriveTrain11StopDrivingEv
                0x000000000000c57c       0x38 ../main.o
                0x000000000000c57c                DriveTrain::StopDriving()
 *fill*         0x000000000000c5b4        0x4 
 .text._ZN10DriveTrain8ResetPIDEv
                0x000000000000c5b8       0x90 ../main.o
                0x000000000000c5b8                DriveTrain::ResetPID()
 .text._ZN10DriveTrain13PIDAdjustmentEfi
                0x000000000000c648      0x230 ../main.o
                0x000000000000c648                DriveTrain::PIDAdjustment(float, int)
 .text._ZN10DriveTrain12DriveForwardEfifii
                0x000000000000c878      0x47c ../main.o
                0x000000000000c878                DriveTrain::DriveForward(float, int, float, int, int)
 *fill*         0x000000000000ccf4        0x4 
 .text._ZN10DriveTrain11DriveStrafeEfifii
                0x000000000000ccf8      0x52c ../main.o
                0x000000000000ccf8                DriveTrain::DriveStrafe(float, int, float, int, int)
 .text._ZN10DriveTrain11DriveRotateEf
                0x000000000000d224       0x34 ../main.o
                0x000000000000d224                DriveTrain::DriveRotate(float)
 .text._ZN10DriveTrain13GetStartColorEv
                0x000000000000d258       0xa0 ../main.o
                0x000000000000d258                DriveTrain::GetStartColor()
 .text._ZN10DriveTrain16checkMinCdSValueEv
                0x000000000000d2f8       0x4c ../main.o
                0x000000000000d2f8                DriveTrain::checkMinCdSValue()
 .text._ZN10DriveTrain9UpdateRPSEv
                0x000000000000d344       0x38 ../main.o
                0x000000000000d344                DriveTrain::UpdateRPS()
 .text._ZN10DriveTrain12PulseForwardEifi
                0x000000000000d37c       0x5e ../main.o
                0x000000000000d37c                DriveTrain::PulseForward(int, float, int)
 .text._ZN10DriveTrain11PulseStrafeEifi
                0x000000000000d3da       0x80 ../main.o
                0x000000000000d3da                DriveTrain::PulseStrafe(int, float, int)
 *fill*         0x000000000000d45a        0x6 
 .text._ZN10DriveTrain6CheckXEfii
                0x000000000000d460      0x168 ../main.o
                0x000000000000d460                DriveTrain::CheckX(float, int, int)
 .text._ZN10DriveTrain6CheckYEfii
                0x000000000000d5c8      0x13c ../main.o
                0x000000000000d5c8                DriveTrain::CheckY(float, int, int)
 *fill*         0x000000000000d704        0x4 
 .text._ZN10DriveTrain10InitializeEv
                0x000000000000d708      0x13c ../main.o
                0x000000000000d708                DriveTrain::Initialize()
 .text._ZN5RobotC2Ev
                0x000000000000d844       0x32 ../main.o
                0x000000000000d844                Robot::Robot()
                0x000000000000d844                Robot::Robot()
 *fill*         0x000000000000d876        0x2 
 .text._ZN5Robot5LeverEv
                0x000000000000d878      0x21c ../main.o
                0x000000000000d878                Robot::Lever()
 *fill*         0x000000000000da94        0x4 
 .text._ZN5Robot7LuggageEv
                0x000000000000da98      0x12c ../main.o
                0x000000000000da98                Robot::Luggage()
 *fill*         0x000000000000dbc4        0x4 
 .text._ZN5Robot9LEDButtonEv
                0x000000000000dbc8      0x1a4 ../main.o
                0x000000000000dbc8                Robot::LEDButton()
 *fill*         0x000000000000dd6c        0x4 
 .text._ZN5Robot8PassportEv
                0x000000000000dd70      0x204 ../main.o
                0x000000000000dd70                Robot::Passport()
 .text._ZN5Robot12FinalRoutineEv
                0x000000000000df74       0x28 ../main.o
                0x000000000000df74                Robot::FinalRoutine()
 .text.main     0x000000000000df9c       0x2c ../main.o
                0x000000000000df9c                main
 .text.PORTD_IRQHandler
                0x000000000000dfc8       0x50 Startup/startup_mk60d10.o
                0x000000000000dfc8                PORTD_IRQHandler
 .text._Z15InitPowerButtonv
                0x000000000000e018       0x60 Startup/startup_mk60d10.o
                0x000000000000e018                InitPowerButton()
 .text._ZL11pll_init_blv
                0x000000000000e078       0xe0 Startup/startup_mk60d10.o
 .text._Z14InitFEHProteusv
                0x000000000000e158       0xec Startup/startup_mk60d10.o
                0x000000000000e158                InitFEHProteus()
 .text.DMA0_IRQHandler
                0x000000000000e244        0xc Startup/startup_mk60d10.o
                0x000000000000e244                DMA0_IRQHandler
 .text.DMA1_IRQHandler
                0x000000000000e250        0xc Startup/startup_mk60d10.o
                0x000000000000e250                DMA1_IRQHandler
 .text.DMA2_IRQHandler
                0x000000000000e25c        0xc Startup/startup_mk60d10.o
                0x000000000000e25c                DMA2_IRQHandler
 .text.DMA3_IRQHandler
                0x000000000000e268        0xc Startup/startup_mk60d10.o
                0x000000000000e268                DMA3_IRQHandler
 .text.DMA4_IRQHandler
                0x000000000000e274        0xc Startup/startup_mk60d10.o
                0x000000000000e274                DMA4_IRQHandler
 .text.DMA5_IRQHandler
                0x000000000000e280        0xc Startup/startup_mk60d10.o
                0x000000000000e280                DMA5_IRQHandler
 .text.DMA6_IRQHandler
                0x000000000000e28c        0xc Startup/startup_mk60d10.o
                0x000000000000e28c                DMA6_IRQHandler
 .text.DMA7_IRQHandler
                0x000000000000e298        0xc Startup/startup_mk60d10.o
                0x000000000000e298                DMA7_IRQHandler
 .text.DMA8_IRQHandler
                0x000000000000e2a4        0xc Startup/startup_mk60d10.o
                0x000000000000e2a4                DMA8_IRQHandler
 .text.DMA9_IRQHandler
                0x000000000000e2b0        0xc Startup/startup_mk60d10.o
                0x000000000000e2b0                DMA9_IRQHandler
 .text.DMA10_IRQHandler
                0x000000000000e2bc        0xc Startup/startup_mk60d10.o
                0x000000000000e2bc                DMA10_IRQHandler
 .text.DMA11_IRQHandler
                0x000000000000e2c8        0xc Startup/startup_mk60d10.o
                0x000000000000e2c8                DMA11_IRQHandler
 .text.DMA12_IRQHandler
                0x000000000000e2d4        0xc Startup/startup_mk60d10.o
                0x000000000000e2d4                DMA12_IRQHandler
 .text.DMA13_IRQHandler
                0x000000000000e2e0        0xc Startup/startup_mk60d10.o
                0x000000000000e2e0                DMA13_IRQHandler
 .text.DMA14_IRQHandler
                0x000000000000e2ec        0xc Startup/startup_mk60d10.o
                0x000000000000e2ec                DMA14_IRQHandler
 .text.DMA15_IRQHandler
                0x000000000000e2f8        0xc Startup/startup_mk60d10.o
                0x000000000000e2f8                DMA15_IRQHandler
 .text.DMA_Error_IRQHandler
                0x000000000000e304        0xc Startup/startup_mk60d10.o
                0x000000000000e304                DMA_Error_IRQHandler
 .text.MCM_IRQHandler
                0x000000000000e310        0xc Startup/startup_mk60d10.o
                0x000000000000e310                MCM_IRQHandler
 .text.FTFL_IRQHandler
                0x000000000000e31c        0xc Startup/startup_mk60d10.o
                0x000000000000e31c                FTFL_IRQHandler
 .text.Read_Collision_IRQHandler
                0x000000000000e328        0xc Startup/startup_mk60d10.o
                0x000000000000e328                Read_Collision_IRQHandler
 .text.LVD_LVW_IRQHandler
                0x000000000000e334        0xc Startup/startup_mk60d10.o
                0x000000000000e334                LVD_LVW_IRQHandler
 .text.LLWU_IRQHandler
                0x000000000000e340        0xc Startup/startup_mk60d10.o
                0x000000000000e340                LLWU_IRQHandler
 .text.WDOG_EWM_IRQHandler
                0x000000000000e34c        0xc Startup/startup_mk60d10.o
                0x000000000000e34c                WDOG_EWM_IRQHandler
 .text.RNG_IRQHandler
                0x000000000000e358        0xc Startup/startup_mk60d10.o
                0x000000000000e358                RNG_IRQHandler
 .text.I2C0_IRQHandler
                0x000000000000e364        0xc Startup/startup_mk60d10.o
                0x000000000000e364                I2C0_IRQHandler
 .text.I2C1_IRQHandler
                0x000000000000e370        0xc Startup/startup_mk60d10.o
                0x000000000000e370                I2C1_IRQHandler
 .text.SPI0_IRQHandler
                0x000000000000e37c        0xc Startup/startup_mk60d10.o
                0x000000000000e37c                SPI0_IRQHandler
 .text.SPI1_IRQHandler
                0x000000000000e388        0xc Startup/startup_mk60d10.o
                0x000000000000e388                SPI1_IRQHandler
 .text.SPI2_IRQHandler
                0x000000000000e394        0xc Startup/startup_mk60d10.o
                0x000000000000e394                SPI2_IRQHandler
 .text.CAN0_ORed_Message_buffer_IRQHandler
                0x000000000000e3a0        0xc Startup/startup_mk60d10.o
                0x000000000000e3a0                CAN0_ORed_Message_buffer_IRQHandler
 .text.CAN0_Bus_Off_IRQHandler
                0x000000000000e3ac        0xc Startup/startup_mk60d10.o
                0x000000000000e3ac                CAN0_Bus_Off_IRQHandler
 .text.CAN0_Error_IRQHandler
                0x000000000000e3b8        0xc Startup/startup_mk60d10.o
                0x000000000000e3b8                CAN0_Error_IRQHandler
 .text.CAN0_Tx_Warning_IRQHandler
                0x000000000000e3c4        0xc Startup/startup_mk60d10.o
                0x000000000000e3c4                CAN0_Tx_Warning_IRQHandler
 .text.CAN0_Rx_Warning_IRQHandler
                0x000000000000e3d0        0xc Startup/startup_mk60d10.o
                0x000000000000e3d0                CAN0_Rx_Warning_IRQHandler
 .text.CAN0_Wake_Up_IRQHandler
                0x000000000000e3dc        0xc Startup/startup_mk60d10.o
                0x000000000000e3dc                CAN0_Wake_Up_IRQHandler
 .text.I2S0_Tx_IRQHandler
                0x000000000000e3e8        0xc Startup/startup_mk60d10.o
                0x000000000000e3e8                I2S0_Tx_IRQHandler
 .text.I2S0_Rx_IRQHandler
                0x000000000000e3f4        0xc Startup/startup_mk60d10.o
                0x000000000000e3f4                I2S0_Rx_IRQHandler
 .text.CAN1_ORed_Message_buffer_IRQHandler
                0x000000000000e400        0xc Startup/startup_mk60d10.o
                0x000000000000e400                CAN1_ORed_Message_buffer_IRQHandler
 .text.CAN1_Bus_Off_IRQHandler
                0x000000000000e40c        0xc Startup/startup_mk60d10.o
                0x000000000000e40c                CAN1_Bus_Off_IRQHandler
 .text.CAN1_Error_IRQHandler
                0x000000000000e418        0xc Startup/startup_mk60d10.o
                0x000000000000e418                CAN1_Error_IRQHandler
 .text.CAN1_Tx_Warning_IRQHandler
                0x000000000000e424        0xc Startup/startup_mk60d10.o
                0x000000000000e424                CAN1_Tx_Warning_IRQHandler
 .text.CAN1_Rx_Warning_IRQHandler
                0x000000000000e430        0xc Startup/startup_mk60d10.o
                0x000000000000e430                CAN1_Rx_Warning_IRQHandler
 .text.CAN1_Wake_Up_IRQHandler
                0x000000000000e43c        0xc Startup/startup_mk60d10.o
                0x000000000000e43c                CAN1_Wake_Up_IRQHandler
 .text.Reserved59_IRQHandler
                0x000000000000e448        0xc Startup/startup_mk60d10.o
                0x000000000000e448                Reserved59_IRQHandler
 .text.UART0_LON_IRQHandler
                0x000000000000e454        0xc Startup/startup_mk60d10.o
                0x000000000000e454                UART0_LON_IRQHandler
 .text.UART0_ERR_IRQHandler
                0x000000000000e460        0xc Startup/startup_mk60d10.o
                0x000000000000e460                UART0_ERR_IRQHandler
 .text.UART1_RX_TX_IRQHandler
                0x000000000000e46c        0xc Startup/startup_mk60d10.o
                0x000000000000e46c                UART1_RX_TX_IRQHandler
 .text.UART1_ERR_IRQHandler
                0x000000000000e478        0xc Startup/startup_mk60d10.o
                0x000000000000e478                UART1_ERR_IRQHandler
 .text.UART2_RX_TX_IRQHandler
                0x000000000000e484        0xc Startup/startup_mk60d10.o
                0x000000000000e484                UART2_RX_TX_IRQHandler
 .text.UART2_ERR_IRQHandler
                0x000000000000e490        0xc Startup/startup_mk60d10.o
                0x000000000000e490                UART2_ERR_IRQHandler
 .text.UART3_RX_TX_IRQHandler
                0x000000000000e49c        0xc Startup/startup_mk60d10.o
                0x000000000000e49c                UART3_RX_TX_IRQHandler
 .text.UART3_ERR_IRQHandler
                0x000000000000e4a8        0xc Startup/startup_mk60d10.o
                0x000000000000e4a8                UART3_ERR_IRQHandler
 .text.UART4_RX_TX_IRQHandler
                0x000000000000e4b4        0xc Startup/startup_mk60d10.o
                0x000000000000e4b4                UART4_RX_TX_IRQHandler
 .text.UART4_ERR_IRQHandler
                0x000000000000e4c0        0xc Startup/startup_mk60d10.o
                0x000000000000e4c0                UART4_ERR_IRQHandler
 .text.UART5_RX_TX_IRQHandler
                0x000000000000e4cc        0xc Startup/startup_mk60d10.o
                0x000000000000e4cc                UART5_RX_TX_IRQHandler
 .text.UART5_ERR_IRQHandler
                0x000000000000e4d8        0xc Startup/startup_mk60d10.o
                0x000000000000e4d8                UART5_ERR_IRQHandler
 .text.ADC0_IRQHandler
                0x000000000000e4e4        0xc Startup/startup_mk60d10.o
                0x000000000000e4e4                ADC0_IRQHandler
 .text.ADC1_IRQHandler
                0x000000000000e4f0        0xc Startup/startup_mk60d10.o
                0x000000000000e4f0                ADC1_IRQHandler
 .text.CMP0_IRQHandler
                0x000000000000e4fc        0xc Startup/startup_mk60d10.o
                0x000000000000e4fc                CMP0_IRQHandler
 .text.CMP1_IRQHandler
                0x000000000000e508        0xc Startup/startup_mk60d10.o
                0x000000000000e508                CMP1_IRQHandler
 .text.CMP2_IRQHandler
                0x000000000000e514        0xc Startup/startup_mk60d10.o
                0x000000000000e514                CMP2_IRQHandler
 .text.FTM0_IRQHandler
                0x000000000000e520        0xc Startup/startup_mk60d10.o
                0x000000000000e520                FTM0_IRQHandler
 .text.FTM1_IRQHandler
                0x000000000000e52c        0xc Startup/startup_mk60d10.o
                0x000000000000e52c                FTM1_IRQHandler
 .text.FTM2_IRQHandler
                0x000000000000e538        0xc Startup/startup_mk60d10.o
                0x000000000000e538                FTM2_IRQHandler
 .text.CMT_IRQHandler
                0x000000000000e544        0xc Startup/startup_mk60d10.o
                0x000000000000e544                CMT_IRQHandler
 .text.RTC_IRQHandler
                0x000000000000e550        0xc Startup/startup_mk60d10.o
                0x000000000000e550                RTC_IRQHandler
 .text.RTC_Seconds_IRQHandler
                0x000000000000e55c        0xc Startup/startup_mk60d10.o
                0x000000000000e55c                RTC_Seconds_IRQHandler
 .text.PIT1_IRQHandler
                0x000000000000e568        0xc Startup/startup_mk60d10.o
                0x000000000000e568                PIT1_IRQHandler
 .text.PIT2_IRQHandler
                0x000000000000e574        0xc Startup/startup_mk60d10.o
                0x000000000000e574                PIT2_IRQHandler
 .text.PIT3_IRQHandler
                0x000000000000e580        0xc Startup/startup_mk60d10.o
                0x000000000000e580                PIT3_IRQHandler
 .text.PDB0_IRQHandler
                0x000000000000e58c        0xc Startup/startup_mk60d10.o
                0x000000000000e58c                PDB0_IRQHandler
 .text.USB0_IRQHandler
                0x000000000000e598        0xc Startup/startup_mk60d10.o
                0x000000000000e598                USB0_IRQHandler
 .text.USBDCD_IRQHandler
                0x000000000000e5a4        0xc Startup/startup_mk60d10.o
                0x000000000000e5a4                USBDCD_IRQHandler
 .text.ENET_1588_Timer_IRQHandler
                0x000000000000e5b0        0xc Startup/startup_mk60d10.o
                0x000000000000e5b0                ENET_1588_Timer_IRQHandler
 .text.ENET_Transmit_IRQHandler
                0x000000000000e5bc        0xc Startup/startup_mk60d10.o
                0x000000000000e5bc                ENET_Transmit_IRQHandler
 .text.ENET_Receive_IRQHandler
                0x000000000000e5c8        0xc Startup/startup_mk60d10.o
                0x000000000000e5c8                ENET_Receive_IRQHandler
 .text.ENET_Error_IRQHandler
                0x000000000000e5d4        0xc Startup/startup_mk60d10.o
                0x000000000000e5d4                ENET_Error_IRQHandler
 .text.Reserved95_IRQHandler
                0x000000000000e5e0        0xc Startup/startup_mk60d10.o
                0x000000000000e5e0                Reserved95_IRQHandler
 .text.SDHC_IRQHandler
                0x000000000000e5ec        0xc Startup/startup_mk60d10.o
                0x000000000000e5ec                SDHC_IRQHandler
 .text.DAC0_IRQHandler
                0x000000000000e5f8        0xc Startup/startup_mk60d10.o
                0x000000000000e5f8                DAC0_IRQHandler
 .text.DAC1_IRQHandler
                0x000000000000e604        0xc Startup/startup_mk60d10.o
                0x000000000000e604                DAC1_IRQHandler
 .text.TSI0_IRQHandler
                0x000000000000e610        0xc Startup/startup_mk60d10.o
                0x000000000000e610                TSI0_IRQHandler
 .text.MCG_IRQHandler
                0x000000000000e61c        0xc Startup/startup_mk60d10.o
                0x000000000000e61c                MCG_IRQHandler
 .text.LPTMR0_IRQHandler
                0x000000000000e628        0xc Startup/startup_mk60d10.o
                0x000000000000e628                LPTMR0_IRQHandler
 .text.Reserved102_IRQHandler
                0x000000000000e634        0xc Startup/startup_mk60d10.o
                0x000000000000e634                Reserved102_IRQHandler
 .text.Reserved108_IRQHandler
                0x000000000000e640        0xc Startup/startup_mk60d10.o
                0x000000000000e640                Reserved108_IRQHandler
 .text.Reserved109_IRQHandler
                0x000000000000e64c        0xc Startup/startup_mk60d10.o
                0x000000000000e64c                Reserved109_IRQHandler
 .text.SWI_IRQHandler
                0x000000000000e658        0xc Startup/startup_mk60d10.o
                0x000000000000e658                SWI_IRQHandler
 *fill*         0x000000000000e664        0x4 
 .text._ZN8FEHMotorC2ENS_12FEHMotorPortEf
                0x000000000000e668       0x7c Libraries/FEHMotor.o
                0x000000000000e668                FEHMotor::FEHMotor(FEHMotor::FEHMotorPort, float)
                0x000000000000e668                FEHMotor::FEHMotor(FEHMotor::FEHMotorPort, float)
 .text._ZN8FEHMotor8SetPowerEi
                0x000000000000e6e4       0x54 Libraries/FEHMotor.o
                0x000000000000e6e4                FEHMotor::SetPower(int)
 .text._ZN8FEHMotor10SetPercentEf
                0x000000000000e738       0xf8 Libraries/FEHMotor.o
                0x000000000000e738                FEHMotor::SetPercent(float)
 .text._Z21IIC_StartTransmissionhh
                0x000000000000e830       0x6c Drivers/i2c.o
                0x000000000000e830                IIC_StartTransmission(unsigned char, unsigned char)
 .text._Z5Pausev
                0x000000000000e89c       0x26 Drivers/i2c.o
                0x000000000000e89c                Pause()
 *fill*         0x000000000000e8c2        0x2 
 .text._Z21MMA8451QWriteRegisterhh
                0x000000000000e8c4       0x68 Drivers/i2c.o
                0x000000000000e8c4                MMA8451QWriteRegister(unsigned char, unsigned char)
 .text._Z8i2c_Waitv
                0x000000000000e92c       0x6c Drivers/i2c.o
                0x000000000000e92c                i2c_Wait()
 .text._Z12SPI_SendCharh
                0x000000000000e998       0x1a Drivers/spi.o
                0x000000000000e998                SPI_SendChar(unsigned char)
 .text._Z16SPI_WriteCommandhh
                0x000000000000e9b2       0x34 Drivers/spi.o
                0x000000000000e9b2                SPI_WriteCommand(unsigned char, unsigned char)
 .text._Z11SPI_GetCharv
                0x000000000000e9e6       0x10 Drivers/spi.o
                0x000000000000e9e6                SPI_GetChar()
 .text._Z15SPI_ReadCommandh
                0x000000000000e9f6       0x38 Drivers/spi.o
                0x000000000000e9f6                SPI_ReadCommand(unsigned char)
 *fill*         0x000000000000ea2e        0x2 
 .text._Z13SPI_CS_Assertv
                0x000000000000ea30       0x1c Drivers/spi.o
                0x000000000000ea30                SPI_CS_Assert()
 .text._Z15SPI_CS_Deassertv
                0x000000000000ea4c       0x1c Drivers/spi.o
                0x000000000000ea4c                SPI_CS_Deassert()
 .text._Z12SPI_Transferh
                0x000000000000ea68       0x6c Drivers/spi.o
                0x000000000000ea68                SPI_Transfer(unsigned char)
 *fill*         0x000000000000ead4        0x4 
 .text._Z8SPI_Initv
                0x000000000000ead8       0xa0 Drivers/spi.o
                0x000000000000ead8                SPI_Init()
 .text._Z9uart_initPV11UART_MemMapii
                0x000000000000eb78      0x174 Drivers/uart.o
                0x000000000000eb78                uart_init(UART_MemMap volatile*, int, int)
 .text._Z12uart_getcharPV11UART_MemMap
                0x000000000000ecec       0x32 Drivers/uart.o
                0x000000000000ecec                uart_getchar(UART_MemMap volatile*)
 .text._Z12uart_putcharPV11UART_MemMapc
                0x000000000000ed1e       0x32 Drivers/uart.o
                0x000000000000ed1e                uart_putchar(UART_MemMap volatile*, char)
 .text._ZL7mem_setPvij
                0x000000000000ed50       0x40 Drivers/ff.o
 .text._ZL11move_windowP5FATFSm
                0x000000000000ed90       0xc8 Drivers/ff.o
 .text._ZL4syncP5FATFS
                0x000000000000ee58      0x14c Drivers/ff.o
 .text._ZL8validateP5FATFSt
                0x000000000000efa4       0x54 Drivers/ff.o
 .text._Z6f_syncP3FIL
                0x000000000000eff8      0x186 Drivers/ff.o
                0x000000000000eff8                f_sync(FIL*)
 .text._Z7f_closeP3FIL
                0x000000000000f17e       0x28 Drivers/ff.o
                0x000000000000f17e                f_close(FIL*)
 *fill*         0x000000000000f1a6        0x2 
 .text._ZL17SDHC_set_baudratemm
                0x000000000000f1a8       0xe8 Drivers/SDHC.o
 .text._Z9SDHC_initP17esdhc_info_structPK17esdhc_init_struct
                0x000000000000f290      0x130 Drivers/SDHC.o
                0x000000000000f290                SDHC_init(esdhc_info_struct*, esdhc_init_struct const*)
 .text._ZL15SDHC_is_runningv
                0x000000000000f3c0       0x24 Drivers/SDHC.o
 .text._ZL16SDHC_status_waitm
                0x000000000000f3e4       0x28 Drivers/SDHC.o
 .text._ZL17SDHC_send_commandP20esdhc_command_struct
                0x000000000000f40c      0x1f8 Drivers/SDHC.o
 .text._Z10SDHC_ioctlmPv
                0x000000000000f604      0x6f0 Drivers/SDHC.o
                0x000000000000f604                SDHC_ioctl(unsigned long, void*)
 .text._ZL14rcvr_datablockPhm
                0x000000000000fcf4       0xf0 Drivers/SDHC.o
 .text._Z9disk_readhPhmh
                0x000000000000fde4      0x124 Drivers/SDHC.o
                0x000000000000fde4                disk_read(unsigned char, unsigned char*, unsigned long, unsigned char)
 .text._ZL14xmit_datablockPKhm
                0x000000000000ff08       0xa8 Drivers/SDHC.o
 .text._Z10disk_writehPKhmh
                0x000000000000ffb0      0x198 Drivers/SDHC.o
                0x000000000000ffb0                disk_write(unsigned char, unsigned char const*, unsigned long, unsigned char)
 .text._Z10disk_ioctlhhPv
                0x0000000000010148      0x104 Drivers/SDHC.o
                0x0000000000010148                disk_ioctl(unsigned char, unsigned char, void*)
 .text._Z11disk_statush
                0x000000000001024c       0x28 Drivers/SDHC.o
                0x000000000001024c                disk_status(unsigned char)
 .text._Z13time_delay_msm
                0x0000000000010274       0x6c Drivers/lptmr.o
                0x0000000000010274                time_delay_ms(unsigned long)
 .text._Z41__static_initialization_and_destruction_0ii
                0x00000000000102e0       0x2c FEHProteus.o
 .text._GLOBAL__sub_I_Propeller
                0x000000000001030c       0x10 FEHProteus.o
 .text._ZN12FEHPropellerC2Ev
                0x000000000001031c       0x1a Drivers/FEHPropeller.o
                0x000000000001031c                FEHPropeller::FEHPropeller()
                0x000000000001031c                FEHPropeller::FEHPropeller()
 *fill*         0x0000000000010336        0x2 
 .text._ZN12FEHPropeller10InitializeEv
                0x0000000000010338       0x74 Drivers/FEHPropeller.o
                0x0000000000010338                FEHPropeller::Initialize()
 .text._ZN12FEHPropeller12SetMotorRateEhhh
                0x00000000000103ac       0x5c Drivers/FEHPropeller.o
                0x00000000000103ac                FEHPropeller::SetMotorRate(unsigned char, unsigned char, unsigned char)
 .text._ZL5Delaymjj
                0x0000000000010408       0x94 Libraries/FEHUtility.o
 .text._Z5Sleepi
                0x000000000001049c       0x2c Libraries/FEHUtility.o
                0x000000000001049c                Sleep(int)
 .text._Z5Sleepf
                0x00000000000104c8       0x40 Libraries/FEHUtility.o
                0x00000000000104c8                Sleep(float)
 .text._Z5Sleepd
                0x0000000000010508       0x4c Libraries/FEHUtility.o
                0x0000000000010508                Sleep(double)
 .text._Z7TimeNowv
                0x0000000000010554       0x5c Libraries/FEHUtility.o
                0x0000000000010554                TimeNow()
 .text._Z11TimeNowMSecv
                0x00000000000105b0       0x38 Libraries/FEHUtility.o
                0x00000000000105b0                TimeNowMSec()
 .text._ZN14DigitalEncoderC2EN5FEHIO8FEHIOPinE
                0x00000000000105e8       0x26 Libraries/FEHIO.o
                0x00000000000105e8                DigitalEncoder::DigitalEncoder(FEHIO::FEHIOPin)
                0x00000000000105e8                DigitalEncoder::DigitalEncoder(FEHIO::FEHIOPin)
 *fill*         0x000000000001060e        0x2 
 .text._Z10enable_irqi
                0x0000000000010610       0xec Libraries/FEHIO.o
                0x0000000000010610                enable_irq(int)
 .text._ZN14DigitalEncoder10InitializeEN5FEHIO8FEHIOPinENS0_21FEHIOInterruptTriggerE
                0x00000000000106fc      0x1a8 Libraries/FEHIO.o
                0x00000000000106fc                DigitalEncoder::Initialize(FEHIO::FEHIOPin, FEHIO::FEHIOInterruptTrigger)
 .text._Z16PORTB_IRQHandlerv
                0x00000000000108a4       0x9c Libraries/FEHIO.o
                0x00000000000108a4                PORTB_IRQHandler()
 .text._Z16PORTC_IRQHandlerv
                0x0000000000010940       0x9c Libraries/FEHIO.o
                0x0000000000010940                PORTC_IRQHandler()
 .text._Z16PORTA_IRQHandlerv
                0x00000000000109dc       0xa0 Libraries/FEHIO.o
                0x00000000000109dc                PORTA_IRQHandler()
 .text._Z16PORTE_IRQHandlerv
                0x0000000000010a7c       0x98 Libraries/FEHIO.o
                0x0000000000010a7c                PORTE_IRQHandler()
 .text._ZN14DigitalEncoder6CountsEv
                0x0000000000010b14       0x24 Libraries/FEHIO.o
                0x0000000000010b14                DigitalEncoder::Counts()
 .text._ZN14DigitalEncoder11ResetCountsEv
                0x0000000000010b38       0x24 Libraries/FEHIO.o
                0x0000000000010b38                DigitalEncoder::ResetCounts()
 .text._ZN14AnalogInputPinC2EN5FEHIO8FEHIOPinE
                0x0000000000010b5c       0x1e Libraries/FEHIO.o
                0x0000000000010b5c                AnalogInputPin::AnalogInputPin(FEHIO::FEHIOPin)
                0x0000000000010b5c                AnalogInputPin::AnalogInputPin(FEHIO::FEHIOPin)
 *fill*         0x0000000000010b7a        0x6 
 .text._ZN14AnalogInputPin5ValueEv
                0x0000000000010b80      0x120 Libraries/FEHIO.o
                0x0000000000010b80                AnalogInputPin::Value()
 .text._ZN13AnalogEncoder12EncoderValueEv
                0x0000000000010ca0       0xb0 Libraries/FEHIO.o
                0x0000000000010ca0                AnalogEncoder::EncoderValue()
 .text._ZN14AnalogInputPin8InitADCsEv
                0x0000000000010d50       0x98 Libraries/FEHIO.o
                0x0000000000010d50                AnalogInputPin::InitADCs()
 .text._Z15PIT0_IRQHandlerv
                0x0000000000010de8       0x28 Libraries/FEHIO.o
                0x0000000000010de8                PIT0_IRQHandler()
 .text._ZN13AnalogEncoder4InitEv
                0x0000000000010e10       0x44 Libraries/FEHIO.o
                0x0000000000010e10                AnalogEncoder::Init()
 .text._ZN13AnalogEncoder14SetCounterInitEj
                0x0000000000010e54       0x20 Libraries/FEHIO.o
                0x0000000000010e54                AnalogEncoder::SetCounterInit(unsigned int)
 .text._ZN13AnalogEncoder10ProcessIntEv
                0x0000000000010e74       0x6c Libraries/FEHIO.o
                0x0000000000010e74                AnalogEncoder::ProcessInt()
 .text._ZN13AnalogEncoder14ProcessIntSelfEv
                0x0000000000010ee0       0x6e Libraries/FEHIO.o
                0x0000000000010ee0                AnalogEncoder::ProcessIntSelf()
 .text._Z7ADC_CalPV10ADC_MemMap
                0x0000000000010f4e      0x13e Drivers/adc16.o
                0x0000000000010f4e                ADC_Cal(ADC_MemMap volatile*)
 .text._Z14ADC_Config_AltPV10ADC_MemMapP7adc_cfg
                0x000000000001108c       0x6c Drivers/adc16.o
                0x000000000001108c                ADC_Config_Alt(ADC_MemMap volatile*, adc_cfg*)
 .text._ZN9FEHBuzzerC2Ev
                0x00000000000110f8       0x14 Libraries/FEHBuzzer.o
                0x00000000000110f8                FEHBuzzer::FEHBuzzer()
                0x00000000000110f8                FEHBuzzer::FEHBuzzer()
 .text._Z41__static_initialization_and_destruction_0ii
                0x000000000001110c       0x2c Libraries/FEHBuzzer.o
 .text._GLOBAL__sub_I_Buzzer
                0x0000000000011138       0x10 Libraries/FEHBuzzer.o
 .text._ZN8FEHServoC2ENS_12FEHServoPortE
                0x0000000000011148       0x38 Libraries/FEHServo.o
                0x0000000000011148                FEHServo::FEHServo(FEHServo::FEHServoPort)
                0x0000000000011148                FEHServo::FEHServo(FEHServo::FEHServoPort)
 .text._ZN8FEHServo9SetDegreeEf
                0x0000000000011180       0xf8 Libraries/FEHServo.o
                0x0000000000011180                FEHServo::SetDegree(float)
 .text._ZN6FEHLCD11_InitializeEv
                0x0000000000011278      0x410 Libraries/FEHLCD.o
                0x0000000000011278                FEHLCD::_Initialize()
 .text._ZN6FEHLCDC2Ev
                0x0000000000011688       0x50 Libraries/FEHLCD.o
                0x0000000000011688                FEHLCD::FEHLCD()
                0x0000000000011688                FEHLCD::FEHLCD()
 .text._ZN6FEHLCD10InitializeEv
                0x00000000000116d8       0x28 Libraries/FEHLCD.o
                0x00000000000116d8                FEHLCD::Initialize()
 .text._ZN6FEHLCD10PrintImageEii
                0x0000000000011700       0xc0 Libraries/FEHLCD.o
                0x0000000000011700                FEHLCD::PrintImage(int, int)
 .text._ZN6FEHLCD9PrintLogoEii
                0x00000000000117c0       0xc0 Libraries/FEHLCD.o
                0x00000000000117c0                FEHLCD::PrintLogo(int, int)
 .text._ZN6FEHLCD22ConvertFEHColorTo24BitENS_11FEHLCDColorE
                0x0000000000011880       0x78 Libraries/FEHLCD.o
                0x0000000000011880                FEHLCD::ConvertFEHColorTo24Bit(FEHLCD::FEHLCDColor)
 .text._ZN6FEHLCD24Convert24BitColorTo16BitEj
                0x00000000000118f8       0x30 Libraries/FEHLCD.o
                0x00000000000118f8                FEHLCD::Convert24BitColorTo16Bit(unsigned int)
 .text._ZN6FEHLCD22ConvertRGBColorTo16BitEhhh
                0x0000000000011928       0x4a Libraries/FEHLCD.o
                0x0000000000011928                FEHLCD::ConvertRGBColorTo16Bit(unsigned char, unsigned char, unsigned char)
 .text._ZN6FEHLCD5ClearENS_11FEHLCDColorE
                0x0000000000011972       0x28 Libraries/FEHLCD.o
                0x0000000000011972                FEHLCD::Clear(FEHLCD::FEHLCDColor)
 .text._ZN6FEHLCD5ClearEj
                0x000000000001199a       0x2c Libraries/FEHLCD.o
                0x000000000001199a                FEHLCD::Clear(unsigned int)
 .text._ZN6FEHLCD5ClearEv
                0x00000000000119c6       0x16 Libraries/FEHLCD.o
                0x00000000000119c6                FEHLCD::Clear()
 .text._ZN6FEHLCD18SetBackgroundColorENS_11FEHLCDColorE
                0x00000000000119dc       0x28 Libraries/FEHLCD.o
                0x00000000000119dc                FEHLCD::SetBackgroundColor(FEHLCD::FEHLCDColor)
 .text._ZN6FEHLCD18SetBackgroundColorEj
                0x0000000000011a04       0x26 Libraries/FEHLCD.o
                0x0000000000011a04                FEHLCD::SetBackgroundColor(unsigned int)
 .text._ZN6FEHLCD12SetFontColorENS_11FEHLCDColorE
                0x0000000000011a2a       0x28 Libraries/FEHLCD.o
                0x0000000000011a2a                FEHLCD::SetFontColor(FEHLCD::FEHLCDColor)
 .text._ZN6FEHLCD12SetFontColorEj
                0x0000000000011a52       0x26 Libraries/FEHLCD.o
                0x0000000000011a52                FEHLCD::SetFontColor(unsigned int)
 .text._ZN6FEHLCD7WriteAtEPKcii
                0x0000000000011a78       0x48 Libraries/FEHLCD.o
                0x0000000000011a78                FEHLCD::WriteAt(char const*, int, int)
 .text._ZN6FEHLCD7WriteAtEiii
                0x0000000000011ac0       0x38 Libraries/FEHLCD.o
                0x0000000000011ac0                FEHLCD::WriteAt(int, int, int)
 .text._ZN6FEHLCD7WriteAtEfii
                0x0000000000011af8       0xb8 Libraries/FEHLCD.o
                0x0000000000011af8                FEHLCD::WriteAt(float, int, int)
 .text._ZN6FEHLCD11TS_SPI_InitEv
                0x0000000000011bb0       0x7c Libraries/FEHLCD.o
                0x0000000000011bb0                FEHLCD::TS_SPI_Init()
 *fill*         0x0000000000011c2c        0x4 
 .text._ZN6FEHLCD5TouchEPfS0_
                0x0000000000011c30      0x1f4 Libraries/FEHLCD.o
                0x0000000000011c30                FEHLCD::Touch(float*, float*)
 .text._ZN6FEHLCD3absEi
                0x0000000000011e24       0x22 Libraries/FEHLCD.o
                0x0000000000011e24                FEHLCD::abs(int)
 .text._ZN6FEHLCD5WriteEPKc
                0x0000000000011e46       0x50 Libraries/FEHLCD.o
                0x0000000000011e46                FEHLCD::Write(char const*)
 .text._ZN6FEHLCD5WriteEc
                0x0000000000011e96       0x30 Libraries/FEHLCD.o
                0x0000000000011e96                FEHLCD::Write(char)
 .text._ZN6FEHLCD9WriteLineEPKc
                0x0000000000011ec6       0x26 Libraries/FEHLCD.o
                0x0000000000011ec6                FEHLCD::WriteLine(char const*)
 .text._ZN6FEHLCD9WriteLineEc
                0x0000000000011eec       0x2a Libraries/FEHLCD.o
                0x0000000000011eec                FEHLCD::WriteLine(char)
 *fill*         0x0000000000011f16        0x2 
 .text._ZN6FEHLCD10WriteIndexEh
                0x0000000000011f18      0x14c Libraries/FEHLCD.o
                0x0000000000011f18                FEHLCD::WriteIndex(unsigned char)
 .text._ZN6FEHLCD14WriteParameterEh
                0x0000000000012064      0x130 Libraries/FEHLCD.o
                0x0000000000012064                FEHLCD::WriteParameter(unsigned char)
 .text._ZN6FEHLCD6_ClearEv
                0x0000000000012194      0x15c Libraries/FEHLCD.o
                0x0000000000012194                FEHLCD::_Clear()
 .text._ZN6FEHLCD8NextLineEv
                0x00000000000122f0       0x2a Libraries/FEHLCD.o
                0x00000000000122f0                FEHLCD::NextLine()
 .text._ZN6FEHLCD9CheckLineEv
                0x000000000001231a       0x28 Libraries/FEHLCD.o
                0x000000000001231a                FEHLCD::CheckLine()
 .text._ZN6FEHLCD8NextCharEv
                0x0000000000012342       0x32 Libraries/FEHLCD.o
                0x0000000000012342                FEHLCD::NextChar()
 .text._ZN6FEHLCD9DrawPixelEii
                0x0000000000012374       0x2a Libraries/FEHLCD.o
                0x0000000000012374                FEHLCD::DrawPixel(int, int)
 .text._Z4SwapRiS_
                0x000000000001239e       0x28 Libraries/FEHLCD.o
                0x000000000001239e                Swap(int&, int&)
 .text._ZN6FEHLCD13DrawRectangleEiiii
                0x00000000000123c6       0x7c Libraries/FEHLCD.o
                0x00000000000123c6                FEHLCD::DrawRectangle(int, int, int, int)
 .text._ZN6FEHLCD13SetDrawRegionEiiii
                0x0000000000012442       0xfe Libraries/FEHLCD.o
                0x0000000000012442                FEHLCD::SetDrawRegion(int, int, int, int)
 .text._ZN6FEHLCD8DrawLineEiiii
                0x0000000000012540      0x14c Libraries/FEHLCD.o
                0x0000000000012540                FEHLCD::DrawLine(int, int, int, int)
 .text._ZN6FEHLCD9WriteCharEiic
                0x000000000001268c       0x34 Libraries/FEHLCD.o
                0x000000000001268c                FEHLCD::WriteChar(int, int, char)
 .text._ZN6FEHLCD11WriteCharAtEiic
                0x00000000000126c0      0x214 Libraries/FEHLCD.o
                0x00000000000126c0                FEHLCD::WriteCharAt(int, int, char)
 .text._ZN6FEHLCD11RepeatColorEv
                0x00000000000128d4       0x70 Libraries/FEHLCD.o
                0x00000000000128d4                FEHLCD::RepeatColor()
 .text._ZN6FEHLCD10_ForePixelEv
                0x0000000000012944       0xc4 Libraries/FEHLCD.o
                0x0000000000012944                FEHLCD::_ForePixel()
 .text._ZN6FEHLCD10_BackPixelEv
                0x0000000000012a08       0xc4 Libraries/FEHLCD.o
                0x0000000000012a08                FEHLCD::_BackPixel()
 .text._ZN6FEHLCD22SetRegisterColorValuesEv
                0x0000000000012acc      0x336 Libraries/FEHLCD.o
                0x0000000000012acc                FEHLCD::SetRegisterColorValues()
 .text._ZN7FEHIcon4IconC2Ev
                0x0000000000012e02       0x14 Libraries/FEHLCD.o
                0x0000000000012e02                FEHIcon::Icon::Icon()
                0x0000000000012e02                FEHIcon::Icon::Icon()
 .text._ZN7FEHIcon4Icon13SetPropertiesEPciiiijj
                0x0000000000012e16       0x6a Libraries/FEHLCD.o
                0x0000000000012e16                FEHIcon::Icon::SetProperties(char*, int, int, int, int, unsigned int, unsigned int)
 .text._ZN7FEHIcon4Icon4DrawEv
                0x0000000000012e80       0x90 Libraries/FEHLCD.o
                0x0000000000012e80                FEHIcon::Icon::Draw()
 .text._ZN7FEHIcon4Icon6SelectEv
                0x0000000000012f10       0x90 Libraries/FEHLCD.o
                0x0000000000012f10                FEHIcon::Icon::Select()
 .text._ZN7FEHIcon4Icon8DeselectEv
                0x0000000000012fa0       0x8c Libraries/FEHLCD.o
                0x0000000000012fa0                FEHIcon::Icon::Deselect()
 .text._ZN7FEHIcon4Icon7PressedEffi
                0x000000000001302c      0x13c Libraries/FEHLCD.o
                0x000000000001302c                FEHIcon::Icon::Pressed(float, float, int)
 .text._ZN7FEHIcon4Icon12WhilePressedEff
                0x0000000000013168       0x50 Libraries/FEHLCD.o
                0x0000000000013168                FEHIcon::Icon::WhilePressed(float, float)
 .text._ZN7FEHIcon13DrawIconArrayEPNS_4IconEiiiiiiPA20_cjj
                0x00000000000131b8      0x168 Libraries/FEHLCD.o
                0x00000000000131b8                FEHIcon::DrawIconArray(FEHIcon::Icon*, int, int, int, int, int, int, char (*) [20], unsigned int, unsigned int)
 .text._Z41__static_initialization_and_destruction_0ii
                0x0000000000013320       0x2c Libraries/FEHLCD.o
 .text._GLOBAL__sub_I_image
                0x000000000001334c       0x10 Libraries/FEHLCD.o
 .text._ZN8FEHAccelC2Ev
                0x000000000001335c       0x70 Libraries/FEHAccel.o
                0x000000000001335c                FEHAccel::FEHAccel()
                0x000000000001335c                FEHAccel::FEHAccel()
 .text._Z41__static_initialization_and_destruction_0ii
                0x00000000000133cc       0x2c Libraries/FEHAccel.o
 .text._GLOBAL__sub_I_Accel
                0x00000000000133f8       0x10 Libraries/FEHAccel.o
 .text._ZN10FEHBatteryC2EN5FEHIO8FEHIOPinE
                0x0000000000013408       0x22 Libraries/FEHBattery.o
                0x0000000000013408                FEHBattery::FEHBattery(FEHIO::FEHIOPin)
                0x0000000000013408                FEHBattery::FEHBattery(FEHIO::FEHIOPin)
 *fill*         0x000000000001342a        0x2 
 .text._Z41__static_initialization_and_destruction_0ii
                0x000000000001342c       0x30 Libraries/FEHBattery.o
 .text._GLOBAL__sub_I_Battery
                0x000000000001345c       0x10 Libraries/FEHBattery.o
 .text._ZN7FEHXBeeC2Ev
                0x000000000001346c       0x1a Drivers/FEHXBee.o
                0x000000000001346c                FEHXBee::FEHXBee()
                0x000000000001346c                FEHXBee::FEHXBee()
 *fill*         0x0000000000013486        0x2 
 .text._ZN7FEHXBee10InitializeEv
                0x0000000000013488       0xdc Drivers/FEHXBee.o
                0x0000000000013488                FEHXBee::Initialize()
 .text._ZN7FEHXBee13IsInitializedEv
                0x0000000000013564       0x16 Drivers/FEHXBee.o
                0x0000000000013564                FEHXBee::IsInitialized()
 *fill*         0x000000000001357a        0x2 
 .text._ZN7FEHXBee17ReceiveDataSearchEPcjh
                0x000000000001357c       0x94 Drivers/FEHXBee.o
                0x000000000001357c                FEHXBee::ReceiveDataSearch(char*, unsigned int, unsigned char)
 .text._ZN7FEHXBee8SendDataEPcj
                0x0000000000013610       0x40 Drivers/FEHXBee.o
                0x0000000000013610                FEHXBee::SendData(char*, unsigned int)
 .text._ZN7FEHXBee17SetPacketCallBackEPFvPhhE
                0x0000000000013650       0x20 Drivers/FEHXBee.o
                0x0000000000013650                FEHXBee::SetPacketCallBack(void (*)(unsigned char*, unsigned char))
 .text._Z22UART0_RX_TX_IRQHandlerv
                0x0000000000013670       0xec Drivers/FEHXBee.o
                0x0000000000013670                UART0_RX_TX_IRQHandler()
 .text._ZN6FEHRPSC2Ev
                0x000000000001375c       0x74 Libraries/FEHRPS.o
                0x000000000001375c                FEHRPS::FEHRPS()
                0x000000000001375c                FEHRPS::FEHRPS()
 .text._ZN6FEHRPS10InitializeEi
                0x00000000000137d0      0x66c Libraries/FEHRPS.o
                0x00000000000137d0                FEHRPS::Initialize(int)
 .text._ZN6FEHRPS10InitializeEc
                0x0000000000013e3c       0x46 Libraries/FEHRPS.o
                0x0000000000013e3c                FEHRPS::Initialize(char)
 *fill*         0x0000000000013e82        0x2 
 .text._ZN6FEHRPS19InitializeTouchMenuEv
                0x0000000000013e84      0x428 Libraries/FEHRPS.o
                0x0000000000013e84                FEHRPS::InitializeTouchMenu()
 .text._ZN6FEHRPS19CurrentRegionLetterEv
                0x00000000000142ac       0x1c Libraries/FEHRPS.o
                0x00000000000142ac                FEHRPS::CurrentRegionLetter()
 .text._ZN6FEHRPS15GetCorrectLeverEv
                0x00000000000142c8       0x1c Libraries/FEHRPS.o
                0x00000000000142c8                FEHRPS::GetCorrectLever()
 .text._ZN6FEHRPS13WaitForPacketEv
                0x00000000000142e4       0x58 Libraries/FEHRPS.o
                0x00000000000142e4                FEHRPS::WaitForPacket()
 .text._ZN6FEHRPS1XEv
                0x000000000001433c       0x1c Libraries/FEHRPS.o
                0x000000000001433c                FEHRPS::X()
 .text._ZN6FEHRPS1YEv
                0x0000000000014358       0x1c Libraries/FEHRPS.o
                0x0000000000014358                FEHRPS::Y()
 .text._ZN6FEHRPS7HeadingEv
                0x0000000000014374       0x1c Libraries/FEHRPS.o
                0x0000000000014374                FEHRPS::Heading()
 .text._Z14RPSDataProcessPhh
                0x0000000000014390      0x148 Libraries/FEHRPS.o
                0x0000000000014390                RPSDataProcess(unsigned char*, unsigned char)
 .text._Z41__static_initialization_and_destruction_0ii
                0x00000000000144d8       0x2c Libraries/FEHRPS.o
 .text._GLOBAL__sub_I_RPS
                0x0000000000014504       0x10 Libraries/FEHRPS.o
 .text._ZN5FEHSDC2Ev
                0x0000000000014514       0x24 Libraries/FEHSD.o
                0x0000000000014514                FEHSD::FEHSD()
                0x0000000000014514                FEHSD::FEHSD()
 .text._ZN5FEHSD9FCloseAllEv
                0x0000000000014538       0x6c Libraries/FEHSD.o
                0x0000000000014538                FEHSD::FCloseAll()
 .text._Z41__static_initialization_and_destruction_0ii
                0x00000000000145a4       0x2c Libraries/FEHSD.o
 .text._GLOBAL__sub_I_SD
                0x00000000000145d0       0x10 Libraries/FEHSD.o
 .text._ZN9FEHRandom10InitializeEv
                0x00000000000145e0       0x3c Libraries/FEHRandom.o
                0x00000000000145e0                FEHRandom::Initialize()
 .text.startup._GLOBAL__sub_I__ZN9__gnu_cxx9__freeresEv
                0x000000000001461c       0x28 /usr/lib/gcc/arm-none-eabi/12.2.0/../../../../arm-none-eabi/lib/thumb/v7e-m/nofp/libstdc++.a(eh_alloc.o)
 .text._ZN12_GLOBAL__N_113constant_initD2Ev
                0x0000000000014644        0x2 /usr/lib/gcc/arm-none-eabi/12.2.0/../../../../arm-none-eabi/lib/thumb/v7e-m/nofp/libstdc++.a(eh_globals.o)
 *fill*         0x0000000000014646        0x2 
 .text.startup._GLOBAL__sub_I___cxa_get_globals_fast
                0x0000000000014648       0x18 /usr/lib/gcc/arm-none-eabi/12.2.0/../../../../arm-none-eabi/lib/thumb/v7e-m/nofp/libstdc++.a(eh_globals.o)
 .text.__aeabi_atexit
                0x0000000000014660        0xa /usr/lib/gcc/arm-none-eabi/12.2.0/../../../../arm-none-eabi/lib/thumb/v7e-m/nofp/libstdc++.a(atexit_arm.o)
                0x0000000000014660                __aeabi_atexit
 *fill*         0x000000000001466a        0x2 
 .text          0x000000000001466c      0x378 /usr/lib/gcc/arm-none-eabi/12.2.0/thumb/v7e-m/nofp/libgcc.a(_arm_addsubdf3.o)
                0x000000000001466c                __aeabi_drsub
                0x0000000000014674                __aeabi_dsub
                0x0000000000014674                __subdf3
                0x0000000000014678                __adddf3
                0x0000000000014678                __aeabi_dadd
                0x00000000000148f0                __aeabi_ui2d
                0x00000000000148f0                __floatunsidf
                0x0000000000014910                __floatsidf
                0x0000000000014910                __aeabi_i2d
                0x0000000000014934                __extendsfdf2
                0x0000000000014934                __aeabi_f2d
                0x0000000000014978                __aeabi_ul2d
                0x0000000000014978                __floatundidf
                0x0000000000014988                __floatdidf
                0x0000000000014988                __aeabi_l2d
 .text          0x00000000000149e4      0x424 /usr/lib/gcc/arm-none-eabi/12.2.0/thumb/v7e-m/nofp/libgcc.a(_arm_muldivdf3.o)
                0x00000000000149e4                __aeabi_dmul
                0x00000000000149e4                __muldf3
                0x0000000000014c38                __aeabi_ddiv
                0x0000000000014c38                __divdf3
 .text          0x0000000000014e08      0x110 /usr/lib/gcc/arm-none-eabi/12.2.0/thumb/v7e-m/nofp/libgcc.a(_arm_cmpdf2.o)
                0x0000000000014e08                __gtdf2
                0x0000000000014e08                __gedf2
                0x0000000000014e10                __ltdf2
                0x0000000000014e10                __ledf2
                0x0000000000014e18                __cmpdf2
                0x0000000000014e18                __eqdf2
                0x0000000000014e18                __nedf2
                0x0000000000014e94                __aeabi_cdrcmple
                0x0000000000014ea4                __aeabi_cdcmple
                0x0000000000014ea4                __aeabi_cdcmpeq
                0x0000000000014eb4                __aeabi_dcmpeq
                0x0000000000014ec8                __aeabi_dcmplt
                0x0000000000014edc                __aeabi_dcmple
                0x0000000000014ef0                __aeabi_dcmpge
                0x0000000000014f04                __aeabi_dcmpgt
 .text          0x0000000000014f18       0x2c /usr/lib/gcc/arm-none-eabi/12.2.0/thumb/v7e-m/nofp/libgcc.a(_arm_unorddf2.o)
                0x0000000000014f18                __aeabi_dcmpun
                0x0000000000014f18                __unorddf2
 .text          0x0000000000014f44       0x50 /usr/lib/gcc/arm-none-eabi/12.2.0/thumb/v7e-m/nofp/libgcc.a(_arm_fixdfsi.o)
                0x0000000000014f44                __fixdfsi
                0x0000000000014f44                __aeabi_d2iz
 .text          0x0000000000014f94       0x40 /usr/lib/gcc/arm-none-eabi/12.2.0/thumb/v7e-m/nofp/libgcc.a(_arm_fixunsdfsi.o)
                0x0000000000014f94                __fixunsdfsi
                0x0000000000014f94                __aeabi_d2uiz
 .text          0x0000000000014fd4       0xa0 /usr/lib/gcc/arm-none-eabi/12.2.0/thumb/v7e-m/nofp/libgcc.a(_arm_truncdfsf2.o)
                0x0000000000014fd4                __aeabi_d2f
                0x0000000000014fd4                __truncdfsf2
 .text          0x0000000000015074      0x21c /usr/lib/gcc/arm-none-eabi/12.2.0/thumb/v7e-m/nofp/libgcc.a(_arm_addsubsf3.o)
                0x0000000000015074                __aeabi_frsub
                0x000000000001507c                __subsf3
                0x000000000001507c                __aeabi_fsub
                0x0000000000015080                __aeabi_fadd
                0x0000000000015080                __addsf3
                0x00000000000151e0                __aeabi_ui2f
                0x00000000000151e0                __floatunsisf
                0x00000000000151e8                __aeabi_i2f
                0x00000000000151e8                __floatsisf
                0x0000000000015204                __floatundisf
                0x0000000000015204                __aeabi_ul2f
                0x0000000000015214                __floatdisf
                0x0000000000015214                __aeabi_l2f
 .text          0x0000000000015290      0x2a0 /usr/lib/gcc/arm-none-eabi/12.2.0/thumb/v7e-m/nofp/libgcc.a(_arm_muldivsf3.o)
                0x0000000000015290                __mulsf3
                0x0000000000015290                __aeabi_fmul
                0x00000000000153f8                __divsf3
                0x00000000000153f8                __aeabi_fdiv
 .text          0x0000000000015530       0xec /usr/lib/gcc/arm-none-eabi/12.2.0/thumb/v7e-m/nofp/libgcc.a(_arm_cmpsf2.o)
                0x0000000000015530                __gtsf2
                0x0000000000015530                __gesf2
                0x0000000000015538                __lesf2
                0x0000000000015538                __ltsf2
                0x0000000000015540                __nesf2
                0x0000000000015540                __eqsf2
                0x0000000000015540                __cmpsf2
                0x00000000000155a0                __aeabi_cfrcmple
                0x00000000000155a8                __aeabi_cfcmple
                0x00000000000155a8                __aeabi_cfcmpeq
                0x00000000000155b8                __aeabi_fcmpeq
                0x00000000000155cc                __aeabi_fcmplt
                0x00000000000155e0                __aeabi_fcmple
                0x00000000000155f4                __aeabi_fcmpge
                0x0000000000015608                __aeabi_fcmpgt
 .text          0x000000000001561c       0x4c /usr/lib/gcc/arm-none-eabi/12.2.0/thumb/v7e-m/nofp/libgcc.a(_arm_fixsfsi.o)
                0x000000000001561c                __fixsfsi
                0x000000000001561c                __aeabi_f2iz
 .text          0x0000000000015668       0x40 /usr/lib/gcc/arm-none-eabi/12.2.0/thumb/v7e-m/nofp/libgcc.a(_arm_fixunssfsi.o)
                0x0000000000015668                __aeabi_f2uiz
                0x0000000000015668                __fixunssfsi
 .text.abort    0x00000000000156a8       0x10 /usr/lib/gcc/arm-none-eabi/12.2.0/../../../../arm-none-eabi/lib/thumb/v7e-m/nofp/libg.a(libc_a-abort.o)
                0x00000000000156a8                abort
 .text.atexit   0x00000000000156b8        0xc /usr/lib/gcc/arm-none-eabi/12.2.0/../../../../arm-none-eabi/lib/thumb/v7e-m/nofp/libg.a(libc_a-atexit.o)
                0x00000000000156b8                atexit
 .text.malloc   0x00000000000156c4       0x10 /usr/lib/gcc/arm-none-eabi/12.2.0/../../../../arm-none-eabi/lib/thumb/v7e-m/nofp/libg.a(libc_a-malloc.o)
                0x00000000000156c4                malloc
 .text._malloc_r
                0x00000000000156d4      0x56c /usr/lib/gcc/arm-none-eabi/12.2.0/../../../../arm-none-eabi/lib/thumb/v7e-m/nofp/libg.a(libc_a-mallocr.o)
                0x00000000000156d4                _malloc_r
 .text.__malloc_lock
                0x0000000000015c40        0xc /usr/lib/gcc/arm-none-eabi/12.2.0/../../../../arm-none-eabi/lib/thumb/v7e-m/nofp/libg.a(libc_a-mlock.o)
                0x0000000000015c40                __malloc_lock
 .text.__malloc_unlock
                0x0000000000015c4c        0xc /usr/lib/gcc/arm-none-eabi/12.2.0/../../../../arm-none-eabi/lib/thumb/v7e-m/nofp/libg.a(libc_a-mlock.o)
                0x0000000000015c4c                __malloc_unlock
 .text._realloc_r
                0x0000000000015c58      0x344 /usr/lib/gcc/arm-none-eabi/12.2.0/../../../../arm-none-eabi/lib/thumb/v7e-m/nofp/libg.a(libc_a-reallocr.o)
                0x0000000000015c58                _realloc_r
 .text.__cxa_atexit
                0x0000000000015f9c        0xc /usr/lib/gcc/arm-none-eabi/12.2.0/../../../../arm-none-eabi/lib/thumb/v7e-m/nofp/libg.a(libc_a-cxa_atexit.o)
                0x0000000000015f9c                __cxa_atexit
 .text.stdio_exit_handler
                0x0000000000015fa8       0x18 /usr/lib/gcc/arm-none-eabi/12.2.0/../../../../arm-none-eabi/lib/thumb/v7e-m/nofp/libg.a(libc_a-findfp.o)
 .text.cleanup_stdio
                0x0000000000015fc0       0x40 /usr/lib/gcc/arm-none-eabi/12.2.0/../../../../arm-none-eabi/lib/thumb/v7e-m/nofp/libg.a(libc_a-findfp.o)
 .text.global_stdio_init.part.0
                0x0000000000016000       0xf0 /usr/lib/gcc/arm-none-eabi/12.2.0/../../../../arm-none-eabi/lib/thumb/v7e-m/nofp/libg.a(libc_a-findfp.o)
 .text.__sinit  0x00000000000160f0       0x3c /usr/lib/gcc/arm-none-eabi/12.2.0/../../../../arm-none-eabi/lib/thumb/v7e-m/nofp/libg.a(libc_a-findfp.o)
                0x00000000000160f0                __sinit
 .text.__sfp_lock_acquire
                0x000000000001612c        0xc /usr/lib/gcc/arm-none-eabi/12.2.0/../../../../arm-none-eabi/lib/thumb/v7e-m/nofp/libg.a(libc_a-findfp.o)
                0x000000000001612c                __sfp_lock_acquire
 .text.__sfp_lock_release
                0x0000000000016138        0xc /usr/lib/gcc/arm-none-eabi/12.2.0/../../../../arm-none-eabi/lib/thumb/v7e-m/nofp/libg.a(libc_a-findfp.o)
                0x0000000000016138                __sfp_lock_release
 .text.__sfvwrite_r
                0x0000000000016144      0x2f8 /usr/lib/gcc/arm-none-eabi/12.2.0/../../../../arm-none-eabi/lib/thumb/v7e-m/nofp/libg.a(libc_a-fvwrite.o)
                0x0000000000016144                __sfvwrite_r
 .text._fwalk_sglue
                0x000000000001643c       0x48 /usr/lib/gcc/arm-none-eabi/12.2.0/../../../../arm-none-eabi/lib/thumb/v7e-m/nofp/libg.a(libc_a-fwalk.o)
                0x000000000001643c                _fwalk_sglue
 .text.sprintf  0x0000000000016484       0x40 /usr/lib/gcc/arm-none-eabi/12.2.0/../../../../arm-none-eabi/lib/thumb/v7e-m/nofp/libg.a(libc_a-sprintf.o)
                0x0000000000016484                sprintf
 .text.__sread  0x00000000000164c4       0x24 /usr/lib/gcc/arm-none-eabi/12.2.0/../../../../arm-none-eabi/lib/thumb/v7e-m/nofp/libg.a(libc_a-stdio.o)
                0x00000000000164c4                __sread
 .text.__swrite
                0x00000000000164e8       0x40 /usr/lib/gcc/arm-none-eabi/12.2.0/../../../../arm-none-eabi/lib/thumb/v7e-m/nofp/libg.a(libc_a-stdio.o)
                0x00000000000164e8                __swrite
 .text.__sseek  0x0000000000016528       0x24 /usr/lib/gcc/arm-none-eabi/12.2.0/../../../../arm-none-eabi/lib/thumb/v7e-m/nofp/libg.a(libc_a-stdio.o)
                0x0000000000016528                __sseek
 .text.__sclose
                0x000000000001654c        0x8 /usr/lib/gcc/arm-none-eabi/12.2.0/../../../../arm-none-eabi/lib/thumb/v7e-m/nofp/libg.a(libc_a-stdio.o)
                0x000000000001654c                __sclose
 .text.__swbuf_r
                0x0000000000016554       0xac /usr/lib/gcc/arm-none-eabi/12.2.0/../../../../arm-none-eabi/lib/thumb/v7e-m/nofp/libg.a(libc_a-wbuf.o)
                0x0000000000016554                __swbuf_r
 .text.__swsetup_r
                0x0000000000016600       0xc0 /usr/lib/gcc/arm-none-eabi/12.2.0/../../../../arm-none-eabi/lib/thumb/v7e-m/nofp/libg.a(libc_a-wsetup.o)
                0x0000000000016600                __swsetup_r
 .text.memmove  0x00000000000166c0      0x100 /usr/lib/gcc/arm-none-eabi/12.2.0/../../../../arm-none-eabi/lib/thumb/v7e-m/nofp/libg.a(libc_a-memmove.o)
                0x00000000000166c0                memmove
 .text.memset   0x00000000000167c0       0xa4 /usr/lib/gcc/arm-none-eabi/12.2.0/../../../../arm-none-eabi/lib/thumb/v7e-m/nofp/libg.a(libc_a-memset.o)
                0x00000000000167c0                memset
 .text.raise    0x0000000000016864       0x58 /usr/lib/gcc/arm-none-eabi/12.2.0/../../../../arm-none-eabi/lib/thumb/v7e-m/nofp/libg.a(libc_a-signal.o)
                0x0000000000016864                raise
 .text._close_r
                0x00000000000168bc       0x24 /usr/lib/gcc/arm-none-eabi/12.2.0/../../../../arm-none-eabi/lib/thumb/v7e-m/nofp/libg.a(libc_a-closer.o)
                0x00000000000168bc                _close_r
 .text._lseek_r
                0x00000000000168e0       0x2c /usr/lib/gcc/arm-none-eabi/12.2.0/../../../../arm-none-eabi/lib/thumb/v7e-m/nofp/libg.a(libc_a-lseekr.o)
                0x00000000000168e0                _lseek_r
 .text._read_r  0x000000000001690c       0x2c /usr/lib/gcc/arm-none-eabi/12.2.0/../../../../arm-none-eabi/lib/thumb/v7e-m/nofp/libg.a(libc_a-readr.o)
                0x000000000001690c                _read_r
 .text._kill_r  0x0000000000016938       0x2c /usr/lib/gcc/arm-none-eabi/12.2.0/../../../../arm-none-eabi/lib/thumb/v7e-m/nofp/libg.a(libc_a-signalr.o)
                0x0000000000016938                _kill_r
 .text._getpid_r
                0x0000000000016964        0x4 /usr/lib/gcc/arm-none-eabi/12.2.0/../../../../arm-none-eabi/lib/thumb/v7e-m/nofp/libg.a(libc_a-signalr.o)
                0x0000000000016964                _getpid_r
 .text._sbrk_r  0x0000000000016968       0x24 /usr/lib/gcc/arm-none-eabi/12.2.0/../../../../arm-none-eabi/lib/thumb/v7e-m/nofp/libg.a(libc_a-sbrkr.o)
                0x0000000000016968                _sbrk_r
 .text._write_r
                0x000000000001698c       0x2c /usr/lib/gcc/arm-none-eabi/12.2.0/../../../../arm-none-eabi/lib/thumb/v7e-m/nofp/libg.a(libc_a-writer.o)
                0x000000000001698c                _write_r
 .text.__errno  0x00000000000169b8        0xc /usr/lib/gcc/arm-none-eabi/12.2.0/../../../../arm-none-eabi/lib/thumb/v7e-m/nofp/libg.a(libc_a-errno.o)
                0x00000000000169b8                __errno
 .text.__libc_init_array
                0x00000000000169c4       0x50 /usr/lib/gcc/arm-none-eabi/12.2.0/../../../../arm-none-eabi/lib/thumb/v7e-m/nofp/libg.a(libc_a-init.o)
                0x00000000000169c4                __libc_init_array
 .text.__libc_fini_array
                0x0000000000016a14       0x28 /usr/lib/gcc/arm-none-eabi/12.2.0/../../../../arm-none-eabi/lib/thumb/v7e-m/nofp/libg.a(libc_a-fini.o)
                0x0000000000016a14                __libc_fini_array
 .text.__retarget_lock_init_recursive
                0x0000000000016a3c        0x4 /usr/lib/gcc/arm-none-eabi/12.2.0/../../../../arm-none-eabi/lib/thumb/v7e-m/nofp/libg.a(libc_a-lock.o)
                0x0000000000016a3c                __retarget_lock_init_recursive
 .text.__retarget_lock_close_recursive
                0x0000000000016a40        0x4 /usr/lib/gcc/arm-none-eabi/12.2.0/../../../../arm-none-eabi/lib/thumb/v7e-m/nofp/libg.a(libc_a-lock.o)
                0x0000000000016a40                __retarget_lock_close_recursive
 .text.__retarget_lock_acquire_recursive
                0x0000000000016a44        0x4 /usr/lib/gcc/arm-none-eabi/12.2.0/../../../../arm-none-eabi/lib/thumb/v7e-m/nofp/libg.a(libc_a-lock.o)
                0x0000000000016a44                __retarget_lock_acquire_recursive
 .text.__retarget_lock_release_recursive
                0x0000000000016a48        0x4 /usr/lib/gcc/arm-none-eabi/12.2.0/../../../../arm-none-eabi/lib/thumb/v7e-m/nofp/libg.a(libc_a-lock.o)
                0x0000000000016a48                __retarget_lock_release_recursive
 .text.sysconf  0x0000000000016a4c       0x1c /usr/lib/gcc/arm-none-eabi/12.2.0/../../../../arm-none-eabi/lib/thumb/v7e-m/nofp/libg.a(libc_a-sysconf.o)
                0x0000000000016a4c                sysconf
 .text.strcpy   0x0000000000016a68       0xbc /usr/lib/gcc/arm-none-eabi/12.2.0/../../../../arm-none-eabi/lib/thumb/v7e-m/nofp/libg.a(libc_a-strcpy.o)
                0x0000000000016a68                strcpy
 *fill*         0x0000000000016b24        0xc 
 .text          0x0000000000016b30       0xa0 /usr/lib/gcc/arm-none-eabi/12.2.0/../../../../arm-none-eabi/lib/thumb/v7e-m/nofp/libg.a(libc_a-memchr.o)
                0x0000000000016b30                memchr
 .text          0x0000000000016bd0      0x134 /usr/lib/gcc/arm-none-eabi/12.2.0/../../../../arm-none-eabi/lib/thumb/v7e-m/nofp/libg.a(libc_a-memcpy.o)
                0x0000000000016bd0                memcpy
 *fill*         0x0000000000016d04       0x3c 
 .text          0x0000000000016d40       0xd8 /usr/lib/gcc/arm-none-eabi/12.2.0/../../../../arm-none-eabi/lib/thumb/v7e-m/nofp/libg.a(libc_a-strlen.o)
                0x0000000000016d40                strlen
 .text.__register_exitproc
                0x0000000000016e18       0x80 /usr/lib/gcc/arm-none-eabi/12.2.0/../../../../arm-none-eabi/lib/thumb/v7e-m/nofp/libg.a(libc_a-__atexit.o)
                0x0000000000016e18                __register_exitproc
 .text.startup.register_fini
                0x0000000000016e98       0x14 /usr/lib/gcc/arm-none-eabi/12.2.0/../../../../arm-none-eabi/lib/thumb/v7e-m/nofp/libg.a(libc_a-__call_atexit.o)
 .text._malloc_trim_r
                0x0000000000016eac       0xb8 /usr/lib/gcc/arm-none-eabi/12.2.0/../../../../arm-none-eabi/lib/thumb/v7e-m/nofp/libg.a(libc_a-freer.o)
                0x0000000000016eac                _malloc_trim_r
 .text._free_r  0x0000000000016f64      0x1fc /usr/lib/gcc/arm-none-eabi/12.2.0/../../../../arm-none-eabi/lib/thumb/v7e-m/nofp/libg.a(libc_a-freer.o)
                0x0000000000016f64                _free_r
 .text._svfprintf_r
                0x0000000000017160     0x1a14 /usr/lib/gcc/arm-none-eabi/12.2.0/../../../../arm-none-eabi/lib/thumb/v7e-m/nofp/libg.a(libc_a-svfprintf.o)
                0x0000000000017160                _svfprintf_r
 .text._fclose_r
                0x0000000000018b74       0xc0 /usr/lib/gcc/arm-none-eabi/12.2.0/../../../../arm-none-eabi/lib/thumb/v7e-m/nofp/libg.a(libc_a-fclose.o)
                0x0000000000018b74                _fclose_r
 .text.__sflush_r
                0x0000000000018c34      0x128 /usr/lib/gcc/arm-none-eabi/12.2.0/../../../../arm-none-eabi/lib/thumb/v7e-m/nofp/libg.a(libc_a-fflush.o)
                0x0000000000018c34                __sflush_r
 .text._fflush_r
                0x0000000000018d5c       0x54 /usr/lib/gcc/arm-none-eabi/12.2.0/../../../../arm-none-eabi/lib/thumb/v7e-m/nofp/libg.a(libc_a-fflush.o)
                0x0000000000018d5c                _fflush_r
 .text.__smakebuf_r
                0x0000000000018db0       0xdc /usr/lib/gcc/arm-none-eabi/12.2.0/../../../../arm-none-eabi/lib/thumb/v7e-m/nofp/libg.a(libc_a-makebuf.o)
                0x0000000000018db0                __smakebuf_r
 .text.strncpy  0x0000000000018e8c       0x68 /usr/lib/gcc/arm-none-eabi/12.2.0/../../../../arm-none-eabi/lib/thumb/v7e-m/nofp/libg.a(libc_a-strncpy.o)
                0x0000000000018e8c                strncpy
 .text.__locale_mb_cur_max
                0x0000000000018ef4        0xc /usr/lib/gcc/arm-none-eabi/12.2.0/../../../../arm-none-eabi/lib/thumb/v7e-m/nofp/libg.a(libc_a-locale.o)
                0x0000000000018ef4                __locale_mb_cur_max
 .text._localeconv_r
                0x0000000000018f00        0x8 /usr/lib/gcc/arm-none-eabi/12.2.0/../../../../arm-none-eabi/lib/thumb/v7e-m/nofp/libg.a(libc_a-localeconv.o)
                0x0000000000018f00                _localeconv_r
 .text._fstat_r
                0x0000000000018f08       0x2c /usr/lib/gcc/arm-none-eabi/12.2.0/../../../../arm-none-eabi/lib/thumb/v7e-m/nofp/libg.a(libc_a-fstatr.o)
                0x0000000000018f08                _fstat_r
 .text._isatty_r
                0x0000000000018f34       0x24 /usr/lib/gcc/arm-none-eabi/12.2.0/../../../../arm-none-eabi/lib/thumb/v7e-m/nofp/libg.a(libc_a-isattyr.o)
                0x0000000000018f34                _isatty_r
 .text.frexp    0x0000000000018f58       0x70 /usr/lib/gcc/arm-none-eabi/12.2.0/../../../../arm-none-eabi/lib/thumb/v7e-m/nofp/libg.a(libm_a-s_frexp.o)
                0x0000000000018f58                frexp
 .text.quorem   0x0000000000018fc8      0x12c /usr/lib/gcc/arm-none-eabi/12.2.0/../../../../arm-none-eabi/lib/thumb/v7e-m/nofp/libg.a(libc_a-dtoa.o)
 *fill*         0x00000000000190f4        0x4 
 .text._dtoa_r  0x00000000000190f8      0xe48 /usr/lib/gcc/arm-none-eabi/12.2.0/../../../../arm-none-eabi/lib/thumb/v7e-m/nofp/libg.a(libc_a-dtoa.o)
                0x00000000000190f8                _dtoa_r
 .text.__ascii_mbtowc
                0x0000000000019f40       0x2c /usr/lib/gcc/arm-none-eabi/12.2.0/../../../../arm-none-eabi/lib/thumb/v7e-m/nofp/libg.a(libc_a-mbtowc_r.o)
                0x0000000000019f40                __ascii_mbtowc
 .text._Balloc  0x0000000000019f6c       0x4c /usr/lib/gcc/arm-none-eabi/12.2.0/../../../../arm-none-eabi/lib/thumb/v7e-m/nofp/libg.a(libc_a-mprec.o)
                0x0000000000019f6c                _Balloc
 .text._Bfree   0x0000000000019fb8       0x14 /usr/lib/gcc/arm-none-eabi/12.2.0/../../../../arm-none-eabi/lib/thumb/v7e-m/nofp/libg.a(libc_a-mprec.o)
                0x0000000000019fb8                _Bfree
 .text.__multadd
                0x0000000000019fcc       0xa0 /usr/lib/gcc/arm-none-eabi/12.2.0/../../../../arm-none-eabi/lib/thumb/v7e-m/nofp/libg.a(libc_a-mprec.o)
                0x0000000000019fcc                __multadd
 .text.__hi0bits
                0x000000000001a06c       0x44 /usr/lib/gcc/arm-none-eabi/12.2.0/../../../../arm-none-eabi/lib/thumb/v7e-m/nofp/libg.a(libc_a-mprec.o)
                0x000000000001a06c                __hi0bits
 .text.__lo0bits
                0x000000000001a0b0       0x60 /usr/lib/gcc/arm-none-eabi/12.2.0/../../../../arm-none-eabi/lib/thumb/v7e-m/nofp/libg.a(libc_a-mprec.o)
                0x000000000001a0b0                __lo0bits
 .text.__i2b    0x000000000001a110       0x5c /usr/lib/gcc/arm-none-eabi/12.2.0/../../../../arm-none-eabi/lib/thumb/v7e-m/nofp/libg.a(libc_a-mprec.o)
                0x000000000001a110                __i2b
 .text.__multiply
                0x000000000001a16c      0x16c /usr/lib/gcc/arm-none-eabi/12.2.0/../../../../arm-none-eabi/lib/thumb/v7e-m/nofp/libg.a(libc_a-mprec.o)
                0x000000000001a16c                __multiply
 .text.__pow5mult
                0x000000000001a2d8       0xb4 /usr/lib/gcc/arm-none-eabi/12.2.0/../../../../arm-none-eabi/lib/thumb/v7e-m/nofp/libg.a(libc_a-mprec.o)
                0x000000000001a2d8                __pow5mult
 .text.__lshift
                0x000000000001a38c       0xf0 /usr/lib/gcc/arm-none-eabi/12.2.0/../../../../arm-none-eabi/lib/thumb/v7e-m/nofp/libg.a(libc_a-mprec.o)
                0x000000000001a38c                __lshift
 .text.__mcmp   0x000000000001a47c       0x40 /usr/lib/gcc/arm-none-eabi/12.2.0/../../../../arm-none-eabi/lib/thumb/v7e-m/nofp/libg.a(libc_a-mprec.o)
                0x000000000001a47c                __mcmp
 .text.__mdiff  0x000000000001a4bc      0x164 /usr/lib/gcc/arm-none-eabi/12.2.0/../../../../arm-none-eabi/lib/thumb/v7e-m/nofp/libg.a(libc_a-mprec.o)
                0x000000000001a4bc                __mdiff
 .text.__d2b    0x000000000001a620       0xbc /usr/lib/gcc/arm-none-eabi/12.2.0/../../../../arm-none-eabi/lib/thumb/v7e-m/nofp/libg.a(libc_a-mprec.o)
                0x000000000001a620                __d2b
 .text.__ascii_wctomb
                0x000000000001a6dc       0x1c /usr/lib/gcc/arm-none-eabi/12.2.0/../../../../arm-none-eabi/lib/thumb/v7e-m/nofp/libg.a(libc_a-wctomb_r.o)
                0x000000000001a6dc                __ascii_wctomb
 .text.__ssprint_r
                0x000000000001a6f8      0x108 /usr/lib/gcc/arm-none-eabi/12.2.0/../../../../arm-none-eabi/lib/thumb/v7e-m/nofp/libg.a(libc_a-svfiprintf.o)
                0x000000000001a6f8                __ssprint_r
 .text.__assert_func
                0x000000000001a800       0x40 /usr/lib/gcc/arm-none-eabi/12.2.0/../../../../arm-none-eabi/lib/thumb/v7e-m/nofp/libg.a(libc_a-assert.o)
                0x000000000001a800                __assert_func
 .text._calloc_r
                0x000000000001a840       0x6c /usr/lib/gcc/arm-none-eabi/12.2.0/../../../../arm-none-eabi/lib/thumb/v7e-m/nofp/libg.a(libc_a-callocr.o)
                0x000000000001a840                _calloc_r
 .text.fiprintf
                0x000000000001a8ac       0x28 /usr/lib/gcc/arm-none-eabi/12.2.0/../../../../arm-none-eabi/lib/thumb/v7e-m/nofp/libg.a(libc_a-fiprintf.o)
                0x000000000001a8ac                fiprintf
 .text.__sprint_r.part.0
                0x000000000001a8d4       0x78 /usr/lib/gcc/arm-none-eabi/12.2.0/../../../../arm-none-eabi/lib/thumb/v7e-m/nofp/libg.a(libc_a-vfiprintf.o)
 .text._vfiprintf_r
                0x000000000001a94c      0xd4c /usr/lib/gcc/arm-none-eabi/12.2.0/../../../../arm-none-eabi/lib/thumb/v7e-m/nofp/libg.a(libc_a-vfiprintf.o)
                0x000000000001a94c                _vfiprintf_r
 .text.__sbprintf
                0x000000000001b698       0x80 /usr/lib/gcc/arm-none-eabi/12.2.0/../../../../arm-none-eabi/lib/thumb/v7e-m/nofp/libg.a(libc_a-vfiprintf.o)
 .text.__fputwc
                0x000000000001b718       0x7c /usr/lib/gcc/arm-none-eabi/12.2.0/../../../../arm-none-eabi/lib/thumb/v7e-m/nofp/libg.a(libc_a-fputwc.o)
                0x000000000001b718                __fputwc
 .text._fputwc_r
                0x000000000001b794       0x60 /usr/lib/gcc/arm-none-eabi/12.2.0/../../../../arm-none-eabi/lib/thumb/v7e-m/nofp/libg.a(libc_a-fputwc.o)
                0x000000000001b794                _fputwc_r
 .text._wcrtomb_r
                0x000000000001b7f4       0x34 /usr/lib/gcc/arm-none-eabi/12.2.0/../../../../arm-none-eabi/lib/thumb/v7e-m/nofp/libg.a(libc_a-wcrtomb.o)
                0x000000000001b7f4                _wcrtomb_r
 .text._close   0x000000000001b828       0x10 /usr/lib/gcc/arm-none-eabi/12.2.0/../../../../arm-none-eabi/lib/thumb/v7e-m/nofp/libnosys.a(close.o)
                0x000000000001b828                _close
 .text._fstat   0x000000000001b838       0x10 /usr/lib/gcc/arm-none-eabi/12.2.0/../../../../arm-none-eabi/lib/thumb/v7e-m/nofp/libnosys.a(fstat.o)
                0x000000000001b838                _fstat
 .text._getpid  0x000000000001b848       0x10 /usr/lib/gcc/arm-none-eabi/12.2.0/../../../../arm-none-eabi/lib/thumb/v7e-m/nofp/libnosys.a(getpid.o)
                0x000000000001b848                _getpid
 .text._isatty  0x000000000001b858       0x10 /usr/lib/gcc/arm-none-eabi/12.2.0/../../../../arm-none-eabi/lib/thumb/v7e-m/nofp/libnosys.a(isatty.o)
                0x000000000001b858                _isatty
 .text._kill    0x000000000001b868       0x10 /usr/lib/gcc/arm-none-eabi/12.2.0/../../../../arm-none-eabi/lib/thumb/v7e-m/nofp/libnosys.a(kill.o)
                0x000000000001b868                _kill
 .text._lseek   0x000000000001b878       0x10 /usr/lib/gcc/arm-none-eabi/12.2.0/../../../../arm-none-eabi/lib/thumb/v7e-m/nofp/libnosys.a(lseek.o)
                0x000000000001b878                _lseek
 .text._read    0x000000000001b888       0x10 /usr/lib/gcc/arm-none-eabi/12.2.0/../../../../arm-none-eabi/lib/thumb/v7e-m/nofp/libnosys.a(read.o)
                0x000000000001b888                _read
 .text._sbrk    0x000000000001b898       0x1c /usr/lib/gcc/arm-none-eabi/12.2.0/../../../../arm-none-eabi/lib/thumb/v7e-m/nofp/libnosys.a(sbrk.o)
                0x000000000001b898                _sbrk
 .text._write   0x000000000001b8b4       0x10 /usr/lib/gcc/arm-none-eabi/12.2.0/../../../../arm-none-eabi/lib/thumb/v7e-m/nofp/libnosys.a(write.o)
                0x000000000001b8b4                _write
 .text._exit    0x000000000001b8c4        0x4 /usr/lib/gcc/arm-none-eabi/12.2.0/../../../../arm-none-eabi/lib/thumb/v7e-m/nofp/libnosys.a(_exit.o)
                0x000000000001b8c4                _exit
 *(.rodata .rodata.* .constdata .constdata.*)
 .rodata        0x000000000001b8c8       0x32 ../main.o
 *fill*         0x000000000001b8fa        0x2 
 .rodata.K60_SDHC0_init
                0x000000000001b8fc        0xc Drivers/SDHC.o
                0x000000000001b8fc                K60_SDHC0_init
 .rodata._ZL21ESDHC_COMMAND_XFERTYP
                0x000000000001b908      0x100 Drivers/SDHC.o
 .rodata._ZL9GPIOPorts
                0x000000000001ba08       0x20 Libraries/FEHIO.o
 .rodata._ZL10ADCNumbers
                0x000000000001ba28       0x21 Libraries/FEHIO.o
 *fill*         0x000000000001ba49        0x3 
 .rodata._ZL14GPIOPinNumbers
                0x000000000001ba4c       0x80 Libraries/FEHIO.o
 .rodata._ZL16AnalogPinNumbers
                0x000000000001bacc       0x84 Libraries/FEHIO.o
 .rodata        0x000000000001bb50       0x78 Libraries/FEHIO.o
 .rodata        0x000000000001bbc8       0x32 Libraries/FEHLCD.o
 *fill*         0x000000000001bbfa        0x2 
 .rodata        0x000000000001bbfc      0x33c Libraries/FEHRPS.o
 .rodata._svfprintf_r.str1.4
                0x000000000001bf38       0x42 /usr/lib/gcc/arm-none-eabi/12.2.0/../../../../arm-none-eabi/lib/thumb/v7e-m/nofp/libg.a(libc_a-svfprintf.o)
 *fill*         0x000000000001bf7a        0x2 
 .rodata.zeroes.0
                0x000000000001bf7c       0x10 /usr/lib/gcc/arm-none-eabi/12.2.0/../../../../arm-none-eabi/lib/thumb/v7e-m/nofp/libg.a(libc_a-svfprintf.o)
 .rodata.blanks.1
                0x000000000001bf8c       0x10 /usr/lib/gcc/arm-none-eabi/12.2.0/../../../../arm-none-eabi/lib/thumb/v7e-m/nofp/libg.a(libc_a-svfprintf.o)
 .rodata._setlocale_r.str1.4
                0x000000000001bf9c        0xa /usr/lib/gcc/arm-none-eabi/12.2.0/../../../../arm-none-eabi/lib/thumb/v7e-m/nofp/libg.a(libc_a-locale.o)
                                          0xd (size before relaxing)
 *fill*         0x000000000001bfa6        0x2 
 .rodata.str1.4
                0x000000000001bfa8        0x2 /usr/lib/gcc/arm-none-eabi/12.2.0/../../../../arm-none-eabi/lib/thumb/v7e-m/nofp/libg.a(libc_a-locale.o)
 *fill*         0x000000000001bfaa        0x2 
 .rodata._dtoa_r.str1.4
                0x000000000001bfac       0x66 /usr/lib/gcc/arm-none-eabi/12.2.0/../../../../arm-none-eabi/lib/thumb/v7e-m/nofp/libg.a(libc_a-dtoa.o)
                                         0x6a (size before relaxing)
 *fill*         0x000000000001c012        0x2 
 .rodata.__multadd.str1.4
                0x000000000001c014       0x43 /usr/lib/gcc/arm-none-eabi/12.2.0/../../../../arm-none-eabi/lib/thumb/v7e-m/nofp/libg.a(libc_a-mprec.o)
                                         0x57 (size before relaxing)
 *fill*         0x000000000001c057        0x1 
 .rodata.p05.0  0x000000000001c058        0xc /usr/lib/gcc/arm-none-eabi/12.2.0/../../../../arm-none-eabi/lib/thumb/v7e-m/nofp/libg.a(libc_a-mprec.o)
 *fill*         0x000000000001c064        0x4 
 .rodata.__mprec_bigtens
                0x000000000001c068       0x28 /usr/lib/gcc/arm-none-eabi/12.2.0/../../../../arm-none-eabi/lib/thumb/v7e-m/nofp/libg.a(libc_a-mprec.o)
                0x000000000001c068                __mprec_bigtens
 .rodata.__mprec_tens
                0x000000000001c090       0xc8 /usr/lib/gcc/arm-none-eabi/12.2.0/../../../../arm-none-eabi/lib/thumb/v7e-m/nofp/libg.a(libc_a-mprec.o)
                0x000000000001c090                __mprec_tens
 .rodata._ctype_
                0x000000000001c158      0x101 /usr/lib/gcc/arm-none-eabi/12.2.0/../../../../arm-none-eabi/lib/thumb/v7e-m/nofp/libg.a(libc_a-ctype_.o)
                0x000000000001c158                _ctype_
 *fill*         0x000000000001c259        0x3 
 .rodata.__assert_func.str1.4
                0x000000000001c25c       0x3f /usr/lib/gcc/arm-none-eabi/12.2.0/../../../../arm-none-eabi/lib/thumb/v7e-m/nofp/libg.a(libc_a-assert.o)
                                         0x43 (size before relaxing)
 .rodata._vfiprintf_r.str1.4
                0x000000000001c29b       0x2f /usr/lib/gcc/arm-none-eabi/12.2.0/../../../../arm-none-eabi/lib/thumb/v7e-m/nofp/libg.a(libc_a-vfiprintf.o)
 *fill*         0x000000000001c29b        0x1 
 .rodata.zeroes.0
                0x000000000001c29c       0x10 /usr/lib/gcc/arm-none-eabi/12.2.0/../../../../arm-none-eabi/lib/thumb/v7e-m/nofp/libg.a(libc_a-vfiprintf.o)
 .rodata.blanks.1
                0x000000000001c2ac       0x10 /usr/lib/gcc/arm-none-eabi/12.2.0/../../../../arm-none-eabi/lib/thumb/v7e-m/nofp/libg.a(libc_a-vfiprintf.o)
                0x000000000001c2bc                . = ALIGN (0x4)
                0x000000000001c2bc                . = ALIGN (0x4)
 *(.init)
 .init          0x000000000001c2bc        0x4 /usr/lib/gcc/arm-none-eabi/12.2.0/thumb/v7e-m/nofp/crti.o
                0x000000000001c2bc                _init
 .init          0x000000000001c2c0        0x8 /usr/lib/gcc/arm-none-eabi/12.2.0/thumb/v7e-m/nofp/crtn.o
                0x000000000001c2c8                . = ALIGN (0x4)
                0x000000000001c2c8                __preinit_array_start = .
 *(.preinit_array)
                0x000000000001c2c8                __preinit_array_end = .
                0x000000000001c2c8                . = ALIGN (0x4)
                0x000000000001c2c8                __init_array_start = .
 *(SORT_BY_NAME(.init_array.*))
 .init_array.00000
                0x000000000001c2c8        0x4 /usr/lib/gcc/arm-none-eabi/12.2.0/../../../../arm-none-eabi/lib/thumb/v7e-m/nofp/libg.a(libc_a-__call_atexit.o)
 *(.init_array)
 .init_array    0x000000000001c2cc        0x4 /usr/lib/gcc/arm-none-eabi/12.2.0/thumb/v7e-m/nofp/crtbegin.o
 .init_array    0x000000000001c2d0        0x4 FEHProteus.o
 .init_array    0x000000000001c2d4        0x4 Libraries/FEHBuzzer.o
 .init_array    0x000000000001c2d8        0x4 Libraries/FEHLCD.o
 .init_array    0x000000000001c2dc        0x4 Libraries/FEHAccel.o
 .init_array    0x000000000001c2e0        0x4 Libraries/FEHBattery.o